[0.296s] Invoking command in '/mnt/e/ardupilot_dev/ardupilot_gazebo/build/ardupilot_gazebo': HISTTIMEFORMAT=%d/%m/%y %T /usr/bin/cmake --build /mnt/e/ardupilot_dev/ardupilot_gazebo/build/ardupilot_gazebo -- -j20 -l20
[0.429s] [35m[1mConsolidate compiler generated dependencies of target ArduPilotPlugin[0m
[0.565s] [ 60%] Built target ParachutePlugin
[0.565s] [ 60%] Built target CameraZoomPlugin
[0.578s] [ 60%] Built target GstCameraPlugin
[1.018s] [100%] Built target ArduPilotPlugin
[1.178s] Invoked command in '/mnt/e/ardupilot_dev/ardupilot_gazebo/build/ardupilot_gazebo' returned '0': HISTTIMEFORMAT=%d/%m/%y %T /usr/bin/cmake --build /mnt/e/ardupilot_dev/ardupilot_gazebo/build/ardupilot_gazebo -- -j20 -l20
[1.195s] Invoking command in '/mnt/e/ardupilot_dev/ardupilot_gazebo/build/ardupilot_gazebo': HISTTIMEFORMAT=%d/%m/%y %T /usr/bin/cmake --install /mnt/e/ardupilot_dev/ardupilot_gazebo/build/ardupilot_gazebo
[1.205s] -- Install configuration: ""
[1.220s] -- Up-to-date: /mnt/e/ardupilot_dev/ardupilot_gazebo/install/lib/ardupilot_gazebo/libArduPilotPlugin.so
[1.249s] -- Up-to-date: /mnt/e/ardupilot_dev/ardupilot_gazebo/install/lib/ardupilot_gazebo/libParachutePlugin.so
[1.277s] -- Up-to-date: /mnt/e/ardupilot_dev/ardupilot_gazebo/install/lib/ardupilot_gazebo/libCameraZoomPlugin.so
[1.316s] -- Up-to-date: /mnt/e/ardupilot_dev/ardupilot_gazebo/install/lib/ardupilot_gazebo/libGstCameraPlugin.so
[1.343s] -- Up-to-date: /mnt/e/ardupilot_dev/ardupilot_gazebo/install/share/ardupilot_gazebo/config
[1.351s] -- Up-to-date: /mnt/e/ardupilot_dev/ardupilot_gazebo/install/share/ardupilot_gazebo/config/gazebo-iris-gimbal.parm
[1.402s] -- Up-to-date: /mnt/e/ardupilot_dev/ardupilot_gazebo/install/share/ardupilot_gazebo/models
[1.428s] -- Up-to-date: /mnt/e/ardupilot_dev/ardupilot_gazebo/install/share/ardupilot_gazebo/models/gimbal_small_1d
[1.463s] -- Up-to-date: /mnt/e/ardupilot_dev/ardupilot_gazebo/install/share/ardupilot_gazebo/models/gimbal_small_1d/meshes
[1.493s] -- Up-to-date: /mnt/e/ardupilot_dev/ardupilot_gazebo/install/share/ardupilot_gazebo/models/gimbal_small_1d/meshes/base_arm.dae
[1.514s] -- Up-to-date: /mnt/e/ardupilot_dev/ardupilot_gazebo/install/share/ardupilot_gazebo/models/gimbal_small_1d/meshes/base_main.dae
[1.534s] -- Up-to-date: /mnt/e/ardupilot_dev/ardupilot_gazebo/install/share/ardupilot_gazebo/models/gimbal_small_1d/meshes/tilt.dae
[1.553s] -- Up-to-date: /mnt/e/ardupilot_dev/ardupilot_gazebo/install/share/ardupilot_gazebo/models/gimbal_small_1d/model.config
[1.584s] -- Up-to-date: /mnt/e/ardupilot_dev/ardupilot_gazebo/install/share/ardupilot_gazebo/models/gimbal_small_1d/model.sdf
[1.600s] -- Up-to-date: /mnt/e/ardupilot_dev/ardupilot_gazebo/install/share/ardupilot_gazebo/models/gimbal_small_2d
[1.638s] -- Up-to-date: /mnt/e/ardupilot_dev/ardupilot_gazebo/install/share/ardupilot_gazebo/models/gimbal_small_2d/meshes
[1.707s] -- Up-to-date: /mnt/e/ardupilot_dev/ardupilot_gazebo/install/share/ardupilot_gazebo/models/gimbal_small_2d/meshes/base_arm.dae
[1.766s] -- Up-to-date: /mnt/e/ardupilot_dev/ardupilot_gazebo/install/share/ardupilot_gazebo/models/gimbal_small_2d/meshes/base_main.dae
[1.810s] -- Up-to-date: /mnt/e/ardupilot_dev/ardupilot_gazebo/install/share/ardupilot_gazebo/models/gimbal_small_2d/meshes/tilt.dae
[1.841s] -- Up-to-date: /mnt/e/ardupilot_dev/ardupilot_gazebo/install/share/ardupilot_gazebo/models/gimbal_small_2d/model.config
[1.880s] -- Up-to-date: /mnt/e/ardupilot_dev/ardupilot_gazebo/install/share/ardupilot_gazebo/models/gimbal_small_2d/model.sdf
[1.897s] -- Up-to-date: /mnt/e/ardupilot_dev/ardupilot_gazebo/install/share/ardupilot_gazebo/models/gimbal_small_3d
[1.919s] -- Up-to-date: /mnt/e/ardupilot_dev/ardupilot_gazebo/install/share/ardupilot_gazebo/models/gimbal_small_3d/meshes
[1.949s] -- Up-to-date: /mnt/e/ardupilot_dev/ardupilot_gazebo/install/share/ardupilot_gazebo/models/gimbal_small_3d/meshes/base_plate.dae
[1.972s] -- Up-to-date: /mnt/e/ardupilot_dev/ardupilot_gazebo/install/share/ardupilot_gazebo/models/gimbal_small_3d/meshes/camera_enclosure.dae
[1.993s] -- Up-to-date: /mnt/e/ardupilot_dev/ardupilot_gazebo/install/share/ardupilot_gazebo/models/gimbal_small_3d/meshes/roll_arm.dae
[2.016s] -- Up-to-date: /mnt/e/ardupilot_dev/ardupilot_gazebo/install/share/ardupilot_gazebo/models/gimbal_small_3d/meshes/yaw_arm.dae
[2.036s] -- Up-to-date: /mnt/e/ardupilot_dev/ardupilot_gazebo/install/share/ardupilot_gazebo/models/gimbal_small_3d/model.config
[2.072s] -- Up-to-date: /mnt/e/ardupilot_dev/ardupilot_gazebo/install/share/ardupilot_gazebo/models/gimbal_small_3d/model.sdf
[2.090s] -- Up-to-date: /mnt/e/ardupilot_dev/ardupilot_gazebo/install/share/ardupilot_gazebo/models/iris_with_ardupilot
[2.108s] -- Up-to-date: /mnt/e/ardupilot_dev/ardupilot_gazebo/install/share/ardupilot_gazebo/models/iris_with_ardupilot/model.config
[2.125s] -- Up-to-date: /mnt/e/ardupilot_dev/ardupilot_gazebo/install/share/ardupilot_gazebo/models/iris_with_ardupilot/model.sdf
[2.139s] -- Up-to-date: /mnt/e/ardupilot_dev/ardupilot_gazebo/install/share/ardupilot_gazebo/models/iris_with_gimbal
[2.157s] -- Up-to-date: /mnt/e/ardupilot_dev/ardupilot_gazebo/install/share/ardupilot_gazebo/models/iris_with_gimbal/model.config
[2.172s] -- Up-to-date: /mnt/e/ardupilot_dev/ardupilot_gazebo/install/share/ardupilot_gazebo/models/iris_with_gimbal/model.sdf
[2.188s] -- Up-to-date: /mnt/e/ardupilot_dev/ardupilot_gazebo/install/share/ardupilot_gazebo/models/iris_with_standoffs
[2.207s] -- Up-to-date: /mnt/e/ardupilot_dev/ardupilot_gazebo/install/share/ardupilot_gazebo/models/iris_with_standoffs/meshes
[2.230s] -- Up-to-date: /mnt/e/ardupilot_dev/ardupilot_gazebo/install/share/ardupilot_gazebo/models/iris_with_standoffs/meshes/iris.dae
[2.248s] -- Up-to-date: /mnt/e/ardupilot_dev/ardupilot_gazebo/install/share/ardupilot_gazebo/models/iris_with_standoffs/meshes/iris_collision.stl
[2.264s] -- Up-to-date: /mnt/e/ardupilot_dev/ardupilot_gazebo/install/share/ardupilot_gazebo/models/iris_with_standoffs/meshes/iris_prop_ccw.dae
[2.284s] -- Up-to-date: /mnt/e/ardupilot_dev/ardupilot_gazebo/install/share/ardupilot_gazebo/models/iris_with_standoffs/meshes/iris_prop_cw.dae
[2.302s] -- Up-to-date: /mnt/e/ardupilot_dev/ardupilot_gazebo/install/share/ardupilot_gazebo/models/iris_with_standoffs/model.config
[2.320s] -- Up-to-date: /mnt/e/ardupilot_dev/ardupilot_gazebo/install/share/ardupilot_gazebo/models/iris_with_standoffs/model.sdf
[2.335s] -- Up-to-date: /mnt/e/ardupilot_dev/ardupilot_gazebo/install/share/ardupilot_gazebo/models/parachute_small
[2.352s] -- Up-to-date: /mnt/e/ardupilot_dev/ardupilot_gazebo/install/share/ardupilot_gazebo/models/parachute_small/meshes
[2.374s] -- Up-to-date: /mnt/e/ardupilot_dev/ardupilot_gazebo/install/share/ardupilot_gazebo/models/parachute_small/meshes/parachute_small.dae
[2.393s] -- Up-to-date: /mnt/e/ardupilot_dev/ardupilot_gazebo/install/share/ardupilot_gazebo/models/parachute_small/model.config
[2.423s] -- Up-to-date: /mnt/e/ardupilot_dev/ardupilot_gazebo/install/share/ardupilot_gazebo/models/parachute_small/model.sdf
[2.438s] -- Up-to-date: /mnt/e/ardupilot_dev/ardupilot_gazebo/install/share/ardupilot_gazebo/models/runway
[2.455s] -- Up-to-date: /mnt/e/ardupilot_dev/ardupilot_gazebo/install/share/ardupilot_gazebo/models/runway/materials
[2.473s] -- Up-to-date: /mnt/e/ardupilot_dev/ardupilot_gazebo/install/share/ardupilot_gazebo/models/runway/materials/textures
[2.498s] -- Up-to-date: /mnt/e/ardupilot_dev/ardupilot_gazebo/install/share/ardupilot_gazebo/models/runway/materials/textures/Grass004_2K_AmbientOcclusion.jpg
[2.522s] -- Up-to-date: /mnt/e/ardupilot_dev/ardupilot_gazebo/install/share/ardupilot_gazebo/models/runway/materials/textures/Grass004_2K_Color copy.jpg
[2.545s] -- Up-to-date: /mnt/e/ardupilot_dev/ardupilot_gazebo/install/share/ardupilot_gazebo/models/runway/materials/textures/Grass004_2K_Color.jpg
[2.565s] -- Up-to-date: /mnt/e/ardupilot_dev/ardupilot_gazebo/install/share/ardupilot_gazebo/models/runway/materials/textures/Grass004_2K_Displacement.jpg
[2.593s] -- Up-to-date: /mnt/e/ardupilot_dev/ardupilot_gazebo/install/share/ardupilot_gazebo/models/runway/materials/textures/Grass004_2K_NormalGL.jpg
[2.622s] -- Up-to-date: /mnt/e/ardupilot_dev/ardupilot_gazebo/install/share/ardupilot_gazebo/models/runway/materials/textures/Grass004_2K_Roughness.jpg
[2.651s] -- Up-to-date: /mnt/e/ardupilot_dev/ardupilot_gazebo/install/share/ardupilot_gazebo/models/runway/materials/textures/runway.png
[2.673s] -- Up-to-date: /mnt/e/ardupilot_dev/ardupilot_gazebo/install/share/ardupilot_gazebo/models/runway/meshes
[2.697s] -- Up-to-date: /mnt/e/ardupilot_dev/ardupilot_gazebo/install/share/ardupilot_gazebo/models/runway/meshes/airfield.dae
[2.722s] -- Up-to-date: /mnt/e/ardupilot_dev/ardupilot_gazebo/install/share/ardupilot_gazebo/models/runway/model.config
[2.773s] -- Up-to-date: /mnt/e/ardupilot_dev/ardupilot_gazebo/install/share/ardupilot_gazebo/models/runway/model.sdf
[2.791s] -- Up-to-date: /mnt/e/ardupilot_dev/ardupilot_gazebo/install/share/ardupilot_gazebo/models/sr75
[2.818s] -- Up-to-date: /mnt/e/ardupilot_dev/ardupilot_gazebo/install/share/ardupilot_gazebo/models/sr75/materials
[2.846s] -- Up-to-date: /mnt/e/ardupilot_dev/ardupilot_gazebo/install/share/ardupilot_gazebo/models/sr75/materials/textures
[2.879s] -- Up-to-date: /mnt/e/ardupilot_dev/ardupilot_gazebo/install/share/ardupilot_gazebo/models/sr75/materials/textures/wing.png
[2.902s] -- Up-to-date: /mnt/e/ardupilot_dev/ardupilot_gazebo/install/share/ardupilot_gazebo/models/sr75/meshes
[2.936s] -- Up-to-date: /mnt/e/ardupilot_dev/ardupilot_gazebo/install/share/ardupilot_gazebo/models/sr75/meshes/parachute_small.dae
[2.963s] -- Up-to-date: /mnt/e/ardupilot_dev/ardupilot_gazebo/install/share/ardupilot_gazebo/models/sr75/meshes/wing.dae
[2.986s] -- Up-to-date: /mnt/e/ardupilot_dev/ardupilot_gazebo/install/share/ardupilot_gazebo/models/sr75/model.config
[3.025s] -- Up-to-date: /mnt/e/ardupilot_dev/ardupilot_gazebo/install/share/ardupilot_gazebo/models/sr75/model.sdf
[3.051s] -- Up-to-date: /mnt/e/ardupilot_dev/ardupilot_gazebo/install/share/ardupilot_gazebo/models/sr75/thumbnails
[3.090s] -- Up-to-date: /mnt/e/ardupilot_dev/ardupilot_gazebo/install/share/ardupilot_gazebo/models/sr75/thumbnails/1.png
[3.120s] -- Up-to-date: /mnt/e/ardupilot_dev/ardupilot_gazebo/install/share/ardupilot_gazebo/models/sr75/thumbnails/2.png
[3.147s] -- Up-to-date: /mnt/e/ardupilot_dev/ardupilot_gazebo/install/share/ardupilot_gazebo/models/sr75/thumbnails/3.png
[3.173s] -- Up-to-date: /mnt/e/ardupilot_dev/ardupilot_gazebo/install/share/ardupilot_gazebo/models/sr75/thumbnails/4.png
[3.198s] -- Up-to-date: /mnt/e/ardupilot_dev/ardupilot_gazebo/install/share/ardupilot_gazebo/models/sr75/thumbnails/5.png
[3.218s] -- Up-to-date: /mnt/e/ardupilot_dev/ardupilot_gazebo/install/share/ardupilot_gazebo/models/sr75_skyreaper
[3.237s] -- Up-to-date: /mnt/e/ardupilot_dev/ardupilot_gazebo/install/share/ardupilot_gazebo/models/sr75_skyreaper/meshes
[3.275s] -- Up-to-date: /mnt/e/ardupilot_dev/ardupilot_gazebo/install/share/ardupilot_gazebo/models/sr75_skyreaper/meshes/Skyreaper_Base_model.STL
[3.337s] -- Up-to-date: /mnt/e/ardupilot_dev/ardupilot_gazebo/install/share/ardupilot_gazebo/models/sr75_skyreaper/model.config
[3.376s] -- Up-to-date: /mnt/e/ardupilot_dev/ardupilot_gazebo/install/share/ardupilot_gazebo/models/sr75_skyreaper/model.sdf
[3.409s] -- Up-to-date: /mnt/e/ardupilot_dev/ardupilot_gazebo/install/share/ardupilot_gazebo/models/sr75_skyreaper_with_ardupilot
[3.462s] -- Up-to-date: /mnt/e/ardupilot_dev/ardupilot_gazebo/install/share/ardupilot_gazebo/models/sr75_skyreaper_with_ardupilot/model.config
[3.514s] -- Up-to-date: /mnt/e/ardupilot_dev/ardupilot_gazebo/install/share/ardupilot_gazebo/models/sr75_skyreaper_with_ardupilot/model.sdf
[3.555s] -- Up-to-date: /mnt/e/ardupilot_dev/ardupilot_gazebo/install/share/ardupilot_gazebo/models/sr75_skyreaper_with_ardupilot_backup_phase3
[3.582s] -- Up-to-date: /mnt/e/ardupilot_dev/ardupilot_gazebo/install/share/ardupilot_gazebo/models/sr75_skyreaper_with_ardupilot_backup_phase3/model.config
[3.617s] -- Up-to-date: /mnt/e/ardupilot_dev/ardupilot_gazebo/install/share/ardupilot_gazebo/models/sr75_skyreaper_with_ardupilot_backup_phase3/model.sdf
[3.636s] -- Up-to-date: /mnt/e/ardupilot_dev/ardupilot_gazebo/install/share/ardupilot_gazebo/models/sr75_with_ardupilot
[3.657s] -- Up-to-date: /mnt/e/ardupilot_dev/ardupilot_gazebo/install/share/ardupilot_gazebo/models/sr75_with_ardupilot/meshes
[3.683s] -- Up-to-date: /mnt/e/ardupilot_dev/ardupilot_gazebo/install/share/ardupilot_gazebo/models/sr75_with_ardupilot/meshes/Skyreaper_Base_model.STL
[3.702s] -- Up-to-date: /mnt/e/ardupilot_dev/ardupilot_gazebo/install/share/ardupilot_gazebo/models/sr75_with_ardupilot/model.config
[3.731s] -- Up-to-date: /mnt/e/ardupilot_dev/ardupilot_gazebo/install/share/ardupilot_gazebo/models/sr75_with_ardupilot/model.sdf
[3.745s] -- Up-to-date: /mnt/e/ardupilot_dev/ardupilot_gazebo/install/share/ardupilot_gazebo/models/sr75_zephyr_physics
[3.762s] -- Up-to-date: /mnt/e/ardupilot_dev/ardupilot_gazebo/install/share/ardupilot_gazebo/models/sr75_zephyr_physics/materials
[3.784s] -- Up-to-date: /mnt/e/ardupilot_dev/ardupilot_gazebo/install/share/ardupilot_gazebo/models/sr75_zephyr_physics/materials/textures
[3.817s] -- Up-to-date: /mnt/e/ardupilot_dev/ardupilot_gazebo/install/share/ardupilot_gazebo/models/sr75_zephyr_physics/materials/textures/wing.png
[3.833s] -- Up-to-date: /mnt/e/ardupilot_dev/ardupilot_gazebo/install/share/ardupilot_gazebo/models/sr75_zephyr_physics/meshes
[3.854s] -- Up-to-date: /mnt/e/ardupilot_dev/ardupilot_gazebo/install/share/ardupilot_gazebo/models/sr75_zephyr_physics/meshes/parachute_small.dae
[3.873s] -- Up-to-date: /mnt/e/ardupilot_dev/ardupilot_gazebo/install/share/ardupilot_gazebo/models/sr75_zephyr_physics/meshes/Skyreaper_Base_model.STL
[3.894s] -- Up-to-date: /mnt/e/ardupilot_dev/ardupilot_gazebo/install/share/ardupilot_gazebo/models/sr75_zephyr_physics/meshes/wing.dae
[3.915s] -- Up-to-date: /mnt/e/ardupilot_dev/ardupilot_gazebo/install/share/ardupilot_gazebo/models/sr75_zephyr_physics/model.config
[3.961s] -- Up-to-date: /mnt/e/ardupilot_dev/ardupilot_gazebo/install/share/ardupilot_gazebo/models/sr75_zephyr_physics/model.sdf
[3.976s] -- Up-to-date: /mnt/e/ardupilot_dev/ardupilot_gazebo/install/share/ardupilot_gazebo/models/sr75_zephyr_physics/thumbnails
[4.000s] -- Up-to-date: /mnt/e/ardupilot_dev/ardupilot_gazebo/install/share/ardupilot_gazebo/models/sr75_zephyr_physics/thumbnails/1.png
[4.019s] -- Up-to-date: /mnt/e/ardupilot_dev/ardupilot_gazebo/install/share/ardupilot_gazebo/models/sr75_zephyr_physics/thumbnails/2.png
[4.038s] -- Up-to-date: /mnt/e/ardupilot_dev/ardupilot_gazebo/install/share/ardupilot_gazebo/models/sr75_zephyr_physics/thumbnails/3.png
[4.057s] -- Up-to-date: /mnt/e/ardupilot_dev/ardupilot_gazebo/install/share/ardupilot_gazebo/models/sr75_zephyr_physics/thumbnails/4.png
[4.074s] -- Up-to-date: /mnt/e/ardupilot_dev/ardupilot_gazebo/install/share/ardupilot_gazebo/models/sr75_zephyr_physics/thumbnails/5.png
[4.089s] -- Up-to-date: /mnt/e/ardupilot_dev/ardupilot_gazebo/install/share/ardupilot_gazebo/models/sr75_zephyr_physics_backup_phase1
[4.108s] -- Up-to-date: /mnt/e/ardupilot_dev/ardupilot_gazebo/install/share/ardupilot_gazebo/models/sr75_zephyr_physics_backup_phase1/materials
[4.132s] -- Up-to-date: /mnt/e/ardupilot_dev/ardupilot_gazebo/install/share/ardupilot_gazebo/models/sr75_zephyr_physics_backup_phase1/materials/textures
[4.156s] -- Up-to-date: /mnt/e/ardupilot_dev/ardupilot_gazebo/install/share/ardupilot_gazebo/models/sr75_zephyr_physics_backup_phase1/materials/textures/wing.png
[4.174s] -- Up-to-date: /mnt/e/ardupilot_dev/ardupilot_gazebo/install/share/ardupilot_gazebo/models/sr75_zephyr_physics_backup_phase1/meshes
[4.198s] -- Up-to-date: /mnt/e/ardupilot_dev/ardupilot_gazebo/install/share/ardupilot_gazebo/models/sr75_zephyr_physics_backup_phase1/meshes/parachute_small.dae
[4.221s] -- Up-to-date: /mnt/e/ardupilot_dev/ardupilot_gazebo/install/share/ardupilot_gazebo/models/sr75_zephyr_physics_backup_phase1/meshes/Skyreaper_Base_model.STL
[4.240s] -- Up-to-date: /mnt/e/ardupilot_dev/ardupilot_gazebo/install/share/ardupilot_gazebo/models/sr75_zephyr_physics_backup_phase1/meshes/wing.dae
[4.276s] -- Up-to-date: /mnt/e/ardupilot_dev/ardupilot_gazebo/install/share/ardupilot_gazebo/models/sr75_zephyr_physics_backup_phase1/model.config
[4.317s] -- Up-to-date: /mnt/e/ardupilot_dev/ardupilot_gazebo/install/share/ardupilot_gazebo/models/sr75_zephyr_physics_backup_phase1/model.sdf
[4.339s] -- Up-to-date: /mnt/e/ardupilot_dev/ardupilot_gazebo/install/share/ardupilot_gazebo/models/sr75_zephyr_physics_backup_phase1/thumbnails
[4.369s] -- Up-to-date: /mnt/e/ardupilot_dev/ardupilot_gazebo/install/share/ardupilot_gazebo/models/sr75_zephyr_physics_backup_phase1/thumbnails/1.png
[4.405s] -- Up-to-date: /mnt/e/ardupilot_dev/ardupilot_gazebo/install/share/ardupilot_gazebo/models/sr75_zephyr_physics_backup_phase1/thumbnails/2.png
[4.429s] -- Up-to-date: /mnt/e/ardupilot_dev/ardupilot_gazebo/install/share/ardupilot_gazebo/models/sr75_zephyr_physics_backup_phase1/thumbnails/3.png
[4.454s] -- Up-to-date: /mnt/e/ardupilot_dev/ardupilot_gazebo/install/share/ardupilot_gazebo/models/sr75_zephyr_physics_backup_phase1/thumbnails/4.png
[4.479s] -- Up-to-date: /mnt/e/ardupilot_dev/ardupilot_gazebo/install/share/ardupilot_gazebo/models/sr75_zephyr_physics_backup_phase1/thumbnails/5.png
[4.494s] -- Up-to-date: /mnt/e/ardupilot_dev/ardupilot_gazebo/install/share/ardupilot_gazebo/models/sr75_zephyr_physics_backup_phase2
[4.526s] -- Up-to-date: /mnt/e/ardupilot_dev/ardupilot_gazebo/install/share/ardupilot_gazebo/models/sr75_zephyr_physics_backup_phase2/materials
[4.557s] -- Up-to-date: /mnt/e/ardupilot_dev/ardupilot_gazebo/install/share/ardupilot_gazebo/models/sr75_zephyr_physics_backup_phase2/materials/textures
[4.591s] -- Up-to-date: /mnt/e/ardupilot_dev/ardupilot_gazebo/install/share/ardupilot_gazebo/models/sr75_zephyr_physics_backup_phase2/materials/textures/wing.png
[4.615s] -- Up-to-date: /mnt/e/ardupilot_dev/ardupilot_gazebo/install/share/ardupilot_gazebo/models/sr75_zephyr_physics_backup_phase2/meshes
[4.645s] -- Up-to-date: /mnt/e/ardupilot_dev/ardupilot_gazebo/install/share/ardupilot_gazebo/models/sr75_zephyr_physics_backup_phase2/meshes/parachute_small.dae
[4.671s] -- Up-to-date: /mnt/e/ardupilot_dev/ardupilot_gazebo/install/share/ardupilot_gazebo/models/sr75_zephyr_physics_backup_phase2/meshes/Skyreaper_Base_model.STL
[4.703s] -- Up-to-date: /mnt/e/ardupilot_dev/ardupilot_gazebo/install/share/ardupilot_gazebo/models/sr75_zephyr_physics_backup_phase2/meshes/wing.dae
[4.731s] -- Up-to-date: /mnt/e/ardupilot_dev/ardupilot_gazebo/install/share/ardupilot_gazebo/models/sr75_zephyr_physics_backup_phase2/model.config
[4.763s] -- Up-to-date: /mnt/e/ardupilot_dev/ardupilot_gazebo/install/share/ardupilot_gazebo/models/sr75_zephyr_physics_backup_phase2/model.sdf
[4.783s] -- Up-to-date: /mnt/e/ardupilot_dev/ardupilot_gazebo/install/share/ardupilot_gazebo/models/sr75_zephyr_physics_backup_phase2/thumbnails
[4.818s] -- Up-to-date: /mnt/e/ardupilot_dev/ardupilot_gazebo/install/share/ardupilot_gazebo/models/sr75_zephyr_physics_backup_phase2/thumbnails/1.png
[4.843s] -- Up-to-date: /mnt/e/ardupilot_dev/ardupilot_gazebo/install/share/ardupilot_gazebo/models/sr75_zephyr_physics_backup_phase2/thumbnails/2.png
[4.874s] -- Up-to-date: /mnt/e/ardupilot_dev/ardupilot_gazebo/install/share/ardupilot_gazebo/models/sr75_zephyr_physics_backup_phase2/thumbnails/3.png
[4.897s] -- Up-to-date: /mnt/e/ardupilot_dev/ardupilot_gazebo/install/share/ardupilot_gazebo/models/sr75_zephyr_physics_backup_phase2/thumbnails/4.png
[4.923s] -- Up-to-date: /mnt/e/ardupilot_dev/ardupilot_gazebo/install/share/ardupilot_gazebo/models/sr75_zephyr_physics_backup_phase2/thumbnails/5.png
[4.950s] -- Up-to-date: /mnt/e/ardupilot_dev/ardupilot_gazebo/install/share/ardupilot_gazebo/models/sr75_zephyr_physics_backup_phase3
[5.044s] -- Up-to-date: /mnt/e/ardupilot_dev/ardupilot_gazebo/install/share/ardupilot_gazebo/models/sr75_zephyr_physics_backup_phase3/materials
[5.084s] -- Up-to-date: /mnt/e/ardupilot_dev/ardupilot_gazebo/install/share/ardupilot_gazebo/models/sr75_zephyr_physics_backup_phase3/materials/textures
[5.153s] -- Up-to-date: /mnt/e/ardupilot_dev/ardupilot_gazebo/install/share/ardupilot_gazebo/models/sr75_zephyr_physics_backup_phase3/materials/textures/wing.png
[5.187s] -- Up-to-date: /mnt/e/ardupilot_dev/ardupilot_gazebo/install/share/ardupilot_gazebo/models/sr75_zephyr_physics_backup_phase3/meshes
[5.239s] -- Up-to-date: /mnt/e/ardupilot_dev/ardupilot_gazebo/install/share/ardupilot_gazebo/models/sr75_zephyr_physics_backup_phase3/meshes/parachute_small.dae
[5.270s] -- Up-to-date: /mnt/e/ardupilot_dev/ardupilot_gazebo/install/share/ardupilot_gazebo/models/sr75_zephyr_physics_backup_phase3/meshes/Skyreaper_Base_model.STL
[5.295s] -- Up-to-date: /mnt/e/ardupilot_dev/ardupilot_gazebo/install/share/ardupilot_gazebo/models/sr75_zephyr_physics_backup_phase3/meshes/wing.dae
[5.317s] -- Up-to-date: /mnt/e/ardupilot_dev/ardupilot_gazebo/install/share/ardupilot_gazebo/models/sr75_zephyr_physics_backup_phase3/model.config
[5.365s] -- Up-to-date: /mnt/e/ardupilot_dev/ardupilot_gazebo/install/share/ardupilot_gazebo/models/sr75_zephyr_physics_backup_phase3/model.sdf
[5.385s] -- Up-to-date: /mnt/e/ardupilot_dev/ardupilot_gazebo/install/share/ardupilot_gazebo/models/sr75_zephyr_physics_backup_phase3/thumbnails
[5.415s] -- Up-to-date: /mnt/e/ardupilot_dev/ardupilot_gazebo/install/share/ardupilot_gazebo/models/sr75_zephyr_physics_backup_phase3/thumbnails/1.png
[5.442s] -- Up-to-date: /mnt/e/ardupilot_dev/ardupilot_gazebo/install/share/ardupilot_gazebo/models/sr75_zephyr_physics_backup_phase3/thumbnails/2.png
[5.468s] -- Up-to-date: /mnt/e/ardupilot_dev/ardupilot_gazebo/install/share/ardupilot_gazebo/models/sr75_zephyr_physics_backup_phase3/thumbnails/3.png
[5.491s] -- Up-to-date: /mnt/e/ardupilot_dev/ardupilot_gazebo/install/share/ardupilot_gazebo/models/sr75_zephyr_physics_backup_phase3/thumbnails/4.png
[5.514s] -- Up-to-date: /mnt/e/ardupilot_dev/ardupilot_gazebo/install/share/ardupilot_gazebo/models/sr75_zephyr_physics_backup_phase3/thumbnails/5.png
[5.531s] -- Up-to-date: /mnt/e/ardupilot_dev/ardupilot_gazebo/install/share/ardupilot_gazebo/models/zephyr
[5.552s] -- Up-to-date: /mnt/e/ardupilot_dev/ardupilot_gazebo/install/share/ardupilot_gazebo/models/zephyr/materials
[5.580s] -- Up-to-date: /mnt/e/ardupilot_dev/ardupilot_gazebo/install/share/ardupilot_gazebo/models/zephyr/materials/textures
[5.613s] -- Up-to-date: /mnt/e/ardupilot_dev/ardupilot_gazebo/install/share/ardupilot_gazebo/models/zephyr/materials/textures/wing.png
[5.635s] -- Up-to-date: /mnt/e/ardupilot_dev/ardupilot_gazebo/install/share/ardupilot_gazebo/models/zephyr/meshes
[5.665s] -- Up-to-date: /mnt/e/ardupilot_dev/ardupilot_gazebo/install/share/ardupilot_gazebo/models/zephyr/meshes/parachute_small.dae
[5.691s] -- Up-to-date: /mnt/e/ardupilot_dev/ardupilot_gazebo/install/share/ardupilot_gazebo/models/zephyr/meshes/wing.dae
[5.714s] -- Up-to-date: /mnt/e/ardupilot_dev/ardupilot_gazebo/install/share/ardupilot_gazebo/models/zephyr/model.config
[5.751s] -- Up-to-date: /mnt/e/ardupilot_dev/ardupilot_gazebo/install/share/ardupilot_gazebo/models/zephyr/model.sdf
[5.775s] -- Up-to-date: /mnt/e/ardupilot_dev/ardupilot_gazebo/install/share/ardupilot_gazebo/models/zephyr/thumbnails
[5.805s] -- Up-to-date: /mnt/e/ardupilot_dev/ardupilot_gazebo/install/share/ardupilot_gazebo/models/zephyr/thumbnails/1.png
[5.831s] -- Up-to-date: /mnt/e/ardupilot_dev/ardupilot_gazebo/install/share/ardupilot_gazebo/models/zephyr/thumbnails/2.png
[5.858s] -- Up-to-date: /mnt/e/ardupilot_dev/ardupilot_gazebo/install/share/ardupilot_gazebo/models/zephyr/thumbnails/3.png
[5.883s] -- Up-to-date: /mnt/e/ardupilot_dev/ardupilot_gazebo/install/share/ardupilot_gazebo/models/zephyr/thumbnails/4.png
[5.908s] -- Up-to-date: /mnt/e/ardupilot_dev/ardupilot_gazebo/install/share/ardupilot_gazebo/models/zephyr/thumbnails/5.png
[5.928s] -- Up-to-date: /mnt/e/ardupilot_dev/ardupilot_gazebo/install/share/ardupilot_gazebo/models/zephyr_with_ardupilot
[5.956s] -- Up-to-date: /mnt/e/ardupilot_dev/ardupilot_gazebo/install/share/ardupilot_gazebo/models/zephyr_with_ardupilot/model.config
[5.991s] -- Up-to-date: /mnt/e/ardupilot_dev/ardupilot_gazebo/install/share/ardupilot_gazebo/models/zephyr_with_ardupilot/model.sdf
[6.011s] -- Up-to-date: /mnt/e/ardupilot_dev/ardupilot_gazebo/install/share/ardupilot_gazebo/models/zephyr_with_parachute
[6.040s] -- Up-to-date: /mnt/e/ardupilot_dev/ardupilot_gazebo/install/share/ardupilot_gazebo/models/zephyr_with_parachute/model.config
[6.071s] -- Up-to-date: /mnt/e/ardupilot_dev/ardupilot_gazebo/install/share/ardupilot_gazebo/models/zephyr_with_parachute/model.sdf
[6.087s] -- Up-to-date: /mnt/e/ardupilot_dev/ardupilot_gazebo/install/share/ardupilot_gazebo/worlds
[6.105s] -- Up-to-date: /mnt/e/ardupilot_dev/ardupilot_gazebo/install/share/ardupilot_gazebo/worlds/gimbal.sdf
[6.122s] -- Up-to-date: /mnt/e/ardupilot_dev/ardupilot_gazebo/install/share/ardupilot_gazebo/worlds/iris_runway.sdf
[6.138s] -- Up-to-date: /mnt/e/ardupilot_dev/ardupilot_gazebo/install/share/ardupilot_gazebo/worlds/iris_warehouse.sdf
[6.155s] -- Up-to-date: /mnt/e/ardupilot_dev/ardupilot_gazebo/install/share/ardupilot_gazebo/worlds/sr75_runway.sdf
[6.173s] -- Up-to-date: /mnt/e/ardupilot_dev/ardupilot_gazebo/install/share/ardupilot_gazebo/worlds/sr75_test_range.sdf
[6.189s] -- Up-to-date: /mnt/e/ardupilot_dev/ardupilot_gazebo/install/share/ardupilot_gazebo/worlds/sr75_test_range_v1.sdf
[6.206s] -- Up-to-date: /mnt/e/ardupilot_dev/ardupilot_gazebo/install/share/ardupilot_gazebo/worlds/zephyr_parachute.sdf
[6.223s] -- Up-to-date: /mnt/e/ardupilot_dev/ardupilot_gazebo/install/share/ardupilot_gazebo/worlds/zephyr_runway.sdf
[6.323s] Invoked command in '/mnt/e/ardupilot_dev/ardupilot_gazebo/build/ardupilot_gazebo' returned '0': HISTTIMEFORMAT=%d/%m/%y %T /usr/bin/cmake --install /mnt/e/ardupilot_dev/ardupilot_gazebo/build/ardupilot_gazebo
