[0.254s] Invoking command in '/mnt/e/ardupilot_dev/ardupilot_gazebo/build/ardupilot_gazebo': HISTTIMEFORMAT=%d/%m/%y %T /usr/bin/cmake /mnt/e/ardupilot_dev/ardupilot_gazebo -DCMAKE_INSTALL_PREFIX=/mnt/e/ardupilot_dev/ardupilot_gazebo/install
[1.176s] -- The C compiler identification is GNU 11.4.0
[1.910s] -- The CXX compiler identification is GNU 11.4.0
[2.264s] -- Detecting C compiler ABI info
[3.922s] -- Detecting C compiler ABI info - done
[3.996s] -- Check for working C compiler: /usr/lib/ccache/cc - skipped
[3.997s] -- Detecting C compile features
[3.998s] -- Detecting C compile features - done
[4.124s] -- Detecting CXX compiler ABI info
[5.568s] -- Detecting CXX compiler ABI info - done
[5.624s] -- Check for working CXX compiler: /usr/lib/ccache/c++ - skipped
[5.635s] -- Detecting CXX compile features
[5.636s] -- Detecting CXX compile features - done
[6.710s] -- Looking for gz-common5 -- found version 5.8.0
[6.710s] -- Searching for dependencies of gz-common5
[6.726s] -- Looking for gz-utils2 -- found version 2.2.1
[6.726s] -- Searching for dependencies of gz-utils2
[6.759s] -- Looking for dlfcn.h - found
[6.817s] -- Looking for libdl - found
[6.819s] -- Found DL: TRUE  
[6.827s] -- Checking for module 'uuid'
[6.835s] --   Found uuid, version 2.37.2
[6.850s] -- Found UUID: TRUE  
[6.850s] -- Looking for gz-common5 - found
[6.851s] 
[6.868s] -- Looking for gz-rendering8 -- found version 8.2.3
[6.868s] -- Searching for dependencies of gz-rendering8
[6.884s] -- Looking for gz-math7 -- found version 7.6.0
[6.885s] -- Searching for dependencies of gz-math7
[6.885s] -- Looking for gz-utils2 -- found version 2.2.1
[6.886s] -- Searching for <gz-math7> component [eigen3]
[6.901s] -- Looking for gz-math7-eigen3 -- found version 7.6.0
[6.901s] -- Searching for dependencies of gz-math7-eigen3
[6.919s] -- Looking for gz-common5 -- found version 5.8.0
[6.920s] -- Searching for dependencies of gz-common5
[6.920s] -- Looking for gz-utils2 -- found version 2.2.1
[6.921s] -- Looking for dlfcn.h - found
[6.921s] -- Looking for libdl - found
[6.924s] -- Searching for <gz-common5> component [graphics]
[6.943s] -- Looking for gz-common5-graphics -- found version 5.8.0
[6.943s] -- Searching for dependencies of gz-common5-graphics
[6.944s] -- Looking for gz-math7 -- found version 7.6.0
[6.981s] -- Found GzAssimp: TRUE (found version "5.2.0") 
[6.982s] -- Searching for <gz-common5> component [events]
[6.997s] -- Looking for gz-common5-events -- found version 5.8.0
[6.998s] -- Searching for dependencies of gz-common5-events
[6.998s] -- Looking for gz-math7 -- found version 7.6.0
[6.998s] -- Searching for <gz-common5> component [geospatial]
[7.015s] -- Looking for gz-common5-geospatial -- found version 5.8.0
[7.015s] -- Searching for dependencies of gz-common5-geospatial
[7.016s] -- Looking for gz-math7 -- found version 7.6.0
[7.016s] -- Looking for gz-common5 -- found version 5.8.0
[7.032s] -- Looking for gz-plugin2 -- found version 2.0.4
[7.033s] -- Searching for dependencies of gz-plugin2
[7.033s] -- Looking for gz-utils2 -- found version 2.2.1
[7.034s] -- Searching for dependencies of gz-utils2
[7.034s] -- Searching for <gz-utils2> component [cli]
[7.049s] -- Looking for gz-utils2-cli -- found version 2.2.1
[7.050s] -- Searching for dependencies of gz-utils2-cli
[7.051s] -- Searching for <gz-plugin2> component [all]
[7.066s] -- Looking for all libraries of gz-plugin2 -- found version 2.0.4
[7.066s] -- Looking for gz-plugin2 -- found version 2.0.4
[7.081s] -- Looking for gz-plugin2-loader -- found version 2.0.4
[7.082s] -- Searching for dependencies of gz-plugin2-loader
[7.099s] -- Looking for gz-plugin2-register -- found version 2.0.4
[7.100s] -- Searching for dependencies of gz-plugin2-register
[7.111s] -- Looking for gz-utils2 -- found version 2.2.1
[7.490s] -- Found OpenGL: /usr/lib/x86_64-linux-gnu/libGL.so  found components: OpenGL 
[7.492s] -- Looking for gz-rendering8 - found
[7.493s] 
[7.555s] -- Looking for gz-sim8 -- found version 8.11.0
[7.556s] -- Searching for dependencies of gz-sim8
[7.590s] -- Looking for sdformat14 -- found version 14.9.0
[7.592s] -- Searching for dependencies of sdformat14
[7.595s] -- Checking for module 'tinyxml2'
[7.599s] --   Found tinyxml2, version 9.0.0
[7.617s] -- Looking for gz-math7 -- found version 7.6.0
[7.618s] -- Looking for gz-utils2 -- found version 2.2.1
[7.621s] -- Looking for gz-plugin2 -- found version 2.0.4
[7.688s] -- Looking for gz-transport13 -- found version 13.5.0
[7.689s] -- Searching for dependencies of gz-transport13
[12.012s] -- Found Protobuf: /usr/lib/x86_64-linux-gnu/libprotobuf.so (found version "3.12.4") 
[13.137s] -- Config-file not installed for ZeroMQ -- checking for pkg-config
[13.140s] -- Checking for module 'libzmq >= 4'
[13.150s] --   Found libzmq , version 4.3.4
[13.167s] -- Found ZeroMQ: TRUE (Required is at least version "4") 
[13.191s] -- Looking for gz-utils2 -- found version 2.2.1
[13.207s] -- Looking for gz-msgs10 -- found version 10.3.2
[13.207s] -- Searching for dependencies of gz-msgs10
[14.164s] -- Looking for gz-utils2 -- found version 2.2.1
[14.165s] -- Looking for gz-math7 -- found version 7.6.0
[14.518s] -- Found Python3: /usr/bin/python3.10 (found version "3.10.12") found components: Interpreter 
[14.523s] -- Searching for <gz-transport13> component [log]
[14.594s] -- Looking for gz-transport13-log -- found version 13.5.0
[14.595s] -- Searching for dependencies of gz-transport13-log
[14.598s] -- Searching for <gz-transport13> component [parameters]
[14.637s] -- Looking for gz-transport13-parameters -- found version 13.5.0
[14.637s] -- Searching for dependencies of gz-transport13-parameters
[14.638s] -- Looking for gz-msgs10 -- found version 10.3.2
[14.639s] -- Looking for gz-common5 -- found version 5.8.0
[14.641s] -- Searching for dependencies of gz-common5
[14.641s] -- Looking for gz-utils2 -- found version 2.2.1
[14.642s] -- Looking for dlfcn.h - found
[14.642s] -- Looking for libdl - found
[14.645s] -- Searching for <gz-common5> component [av]
[14.673s] -- Looking for gz-common5-av -- found version 5.8.0
[14.674s] -- Searching for dependencies of gz-common5-av
[14.678s] -- Checking for module 'libswscale'
[14.686s] --   Found libswscale, version 5.9.100
[14.704s] -- Found SWSCALE: TRUE  
[14.707s] -- Checking for module 'libavdevice >= 56.4.100'
[14.715s] --   Found libavdevice , version 58.13.100
[14.734s] -- Found AVDEVICE: TRUE (Required is at least version "56.4.100") 
[14.738s] -- Checking for module 'libavformat'
[14.745s] --   Found libavformat, version 58.76.100
[14.762s] -- Found AVFORMAT: TRUE  
[14.765s] -- Checking for module 'libavcodec'
[14.772s] --   Found libavcodec, version 58.134.100
[14.791s] -- Found AVCODEC: TRUE  
[14.795s] -- Checking for module 'libavutil'
[14.801s] --   Found libavutil, version 56.70.100
[14.818s] -- Found AVUTIL: TRUE  
[14.819s] -- Searching for <gz-common5> component [events]
[14.819s] -- Searching for <gz-common5> component [graphics]
[14.820s] -- Searching for <gz-common5> component [io]
[14.837s] -- Looking for gz-common5-io -- found version 5.8.0
[14.837s] -- Searching for dependencies of gz-common5-io
[14.838s] -- Searching for <gz-common5> component [profiler]
[14.858s] -- Looking for gz-common5-profiler -- found version 5.8.0
[14.858s] -- Searching for dependencies of gz-common5-profiler
[14.880s] -- Looking for gz-fuel_tools9 -- found version 9.1.1
[14.880s] -- Searching for dependencies of gz-fuel_tools9
[15.798s] -- Found CURL: /usr/lib/x86_64-linux-gnu/libcurl.so (found version "7.81.0")  
[15.838s] -- Checking for module 'jsoncpp'
[15.846s] --   Found jsoncpp, version 1.9.5
[15.867s] -- Found JSONCPP: TRUE  
[17.202s] -- Checking for module 'yaml-0.1'
[17.212s] --   Found yaml-0.1, version 0.2.2
[17.230s] -- Found YAML: TRUE  
[17.233s] -- Checking for module 'libzip'
[17.240s] --   Found libzip, version 1.7.3
[17.260s] -- Found ZIP: TRUE  
[17.261s] -- Looking for gz-utils2 -- found version 2.2.1
[17.261s] -- Looking for gz-common5 -- found version 5.8.0
[17.262s] -- Searching for dependencies of gz-common5
[17.263s] -- Looking for gz-utils2 -- found version 2.2.1
[17.264s] -- Looking for dlfcn.h - found
[17.265s] -- Looking for libdl - found
[17.266s] -- Searching for <gz-common5> component [testing]
[17.295s] -- Looking for gz-common5-testing -- found version 5.8.0
[17.295s] -- Searching for dependencies of gz-common5-testing
[17.296s] -- Looking for gz-math7 -- found version 7.6.0
[17.297s] -- Looking for gz-msgs10 -- found version 10.3.2
[17.323s] -- Looking for gz-gui8 -- found version 8.4.0
[17.324s] -- Searching for dependencies of gz-gui8
[18.516s] -- Looking for gz-utils2 -- found version 2.2.1
[18.517s] -- Looking for gz-math7 -- found version 7.6.0
[18.517s] -- Looking for gz-common5 -- found version 5.8.0
[18.518s] -- Looking for gz-plugin2 -- found version 2.0.4
[18.519s] -- Looking for gz-transport13 -- found version 13.5.0
[18.520s] -- Looking for gz-rendering8 -- found version 8.2.3
[18.521s] -- Looking for gz-msgs10 -- found version 10.3.2
[18.668s] -- Looking for gz-physics7 -- found version 7.7.0
[18.669s] -- Searching for dependencies of gz-physics7
[18.669s] -- Looking for gz-common5 -- found version 5.8.0
[18.670s] -- Looking for gz-math7 -- found version 7.6.0
[18.671s] -- Looking for gz-plugin2 -- found version 2.0.4
[18.672s] -- Looking for gz-utils2 -- found version 2.2.1
[18.673s] -- Searching for <gz-physics7> component [heightmap]
[18.691s] -- Looking for gz-physics7-heightmap -- found version 7.7.0
[18.691s] -- Searching for dependencies of gz-physics7-heightmap
[18.692s] -- Looking for gz-common5 -- found version 5.8.0
[18.692s] -- Searching for <gz-physics7> component [mesh]
[18.711s] -- Looking for gz-physics7-mesh -- found version 7.7.0
[18.712s] -- Searching for dependencies of gz-physics7-mesh
[18.712s] -- Looking for gz-common5 -- found version 5.8.0
[18.713s] -- Searching for <gz-physics7> component [sdf]
[18.731s] -- Looking for gz-physics7-sdf -- found version 7.7.0
[18.732s] -- Searching for dependencies of gz-physics7-sdf
[18.732s] -- Looking for sdformat14 -- found version 14.9.0
[18.750s] -- Looking for gz-sensors8 -- found version 8.2.2
[18.751s] -- Searching for dependencies of gz-sensors8
[19.755s] -- Looking for gz-math7 -- found version 7.6.0
[19.755s] -- Looking for gz-common5 -- found version 5.8.0
[19.755s] -- Looking for gz-transport13 -- found version 13.5.0
[19.756s] -- Looking for gz-rendering8 -- found version 8.2.3
[19.756s] -- Looking for gz-msgs10 -- found version 10.3.2
[19.757s] -- Looking for sdformat14 -- found version 14.9.0
[19.758s] -- Searching for <gz-sensors8> component [air_pressure]
[19.777s] -- Looking for gz-sensors8-air_pressure -- found version 8.2.2
[19.777s] -- Searching for dependencies of gz-sensors8-air_pressure
[19.778s] -- Searching for <gz-sensors8> component [air_speed]
[19.794s] -- Looking for gz-sensors8-air_speed -- found version 8.2.2
[19.794s] -- Searching for dependencies of gz-sensors8-air_speed
[19.795s] -- Searching for <gz-sensors8> component [altimeter]
[19.811s] -- Looking for gz-sensors8-altimeter -- found version 8.2.2
[19.811s] -- Searching for dependencies of gz-sensors8-altimeter
[19.811s] -- Searching for <gz-sensors8> component [imu]
[19.828s] -- Looking for gz-sensors8-imu -- found version 8.2.2
[19.828s] -- Searching for dependencies of gz-sensors8-imu
[19.829s] -- Searching for <gz-sensors8> component [force_torque]
[19.844s] -- Looking for gz-sensors8-force_torque -- found version 8.2.2
[19.844s] -- Searching for dependencies of gz-sensors8-force_torque
[19.844s] -- Searching for <gz-sensors8> component [logical_camera]
[19.860s] -- Looking for gz-sensors8-logical_camera -- found version 8.2.2
[19.860s] -- Searching for dependencies of gz-sensors8-logical_camera
[19.861s] -- Searching for <gz-sensors8> component [magnetometer]
[19.879s] -- Looking for gz-sensors8-magnetometer -- found version 8.2.2
[19.880s] -- Searching for dependencies of gz-sensors8-magnetometer
[19.881s] -- Searching for <gz-sensors8> component [navsat]
[19.897s] -- Looking for gz-sensors8-navsat -- found version 8.2.2
[19.897s] -- Searching for dependencies of gz-sensors8-navsat
[19.898s] -- Searching for <gz-sensors8> component [dvl]
[19.913s] -- Looking for gz-sensors8-dvl -- found version 8.2.2
[19.913s] -- Searching for dependencies of gz-sensors8-dvl
[19.913s] -- Looking for gz-sensors8 -- found version 8.2.2
[19.914s] -- Searching for dependencies of gz-sensors8
[20.555s] -- Looking for gz-math7 -- found version 7.6.0
[20.556s] -- Looking for gz-common5 -- found version 5.8.0
[20.556s] -- Looking for gz-transport13 -- found version 13.5.0
[20.557s] -- Looking for gz-rendering8 -- found version 8.2.3
[20.557s] -- Looking for gz-msgs10 -- found version 10.3.2
[20.557s] -- Looking for sdformat14 -- found version 14.9.0
[20.558s] -- Searching for <gz-sensors8> component [rendering]
[20.575s] -- Looking for gz-sensors8-rendering -- found version 8.2.2
[20.576s] -- Searching for dependencies of gz-sensors8-rendering
[20.577s] -- Searching for <gz-sensors8> component [rendering]
[20.577s] -- Searching for <gz-sensors8> component [lidar]
[20.593s] -- Looking for gz-sensors8-lidar -- found version 8.2.2
[20.593s] -- Searching for dependencies of gz-sensors8-lidar
[20.594s] -- Looking for gz-sensors8 -- found version 8.2.2
[20.594s] -- Searching for <gz-sensors8> component [gpu_lidar]
[20.609s] -- Looking for gz-sensors8-gpu_lidar -- found version 8.2.2
[20.609s] -- Searching for dependencies of gz-sensors8-gpu_lidar
[20.610s] -- Looking for gz-sensors8 -- found version 8.2.2
[20.610s] -- Searching for <gz-sensors8> component [camera]
[20.625s] -- Looking for gz-sensors8-camera -- found version 8.2.2
[20.625s] -- Searching for dependencies of gz-sensors8-camera
[20.626s] -- Looking for gz-sensors8 -- found version 8.2.2
[20.626s] -- Searching for <gz-sensors8> component [boundingbox_camera]
[20.643s] -- Looking for gz-sensors8-boundingbox_camera -- found version 8.2.2
[20.643s] -- Searching for dependencies of gz-sensors8-boundingbox_camera
[20.644s] -- Searching for <gz-sensors8> component [segmentation_camera]
[20.659s] -- Looking for gz-sensors8-segmentation_camera -- found version 8.2.2
[20.660s] -- Searching for dependencies of gz-sensors8-segmentation_camera
[20.661s] -- Searching for <gz-sensors8> component [depth_camera]
[20.680s] -- Looking for gz-sensors8-depth_camera -- found version 8.2.2
[20.681s] -- Searching for dependencies of gz-sensors8-depth_camera
[20.681s] -- Looking for gz-sensors8 -- found version 8.2.2
[20.682s] -- Searching for <gz-sensors8> component [rgbd_camera]
[20.697s] -- Looking for gz-sensors8-rgbd_camera -- found version 8.2.2
[20.697s] -- Searching for dependencies of gz-sensors8-rgbd_camera
[20.698s] -- Looking for gz-sensors8 -- found version 8.2.2
[20.698s] -- Searching for <gz-sensors8> component [thermal_camera]
[20.713s] -- Looking for gz-sensors8-thermal_camera -- found version 8.2.2
[20.713s] -- Searching for dependencies of gz-sensors8-thermal_camera
[20.714s] -- Looking for gz-sensors8 -- found version 8.2.2
[20.714s] -- Searching for <gz-sensors8> component [wide_angle_camera]
[20.729s] -- Looking for gz-sensors8-wide_angle_camera -- found version 8.2.2
[20.730s] -- Searching for dependencies of gz-sensors8-wide_angle_camera
[20.733s] -- Looking for gz-rendering8 -- found version 8.2.3
[20.733s] -- Looking for gz-math7 -- found version 7.6.0
[20.734s] -- Looking for gz-utils2 -- found version 2.2.1
[22.046s] -- Looking for gz-sim8 - found
[22.046s] 
[22.047s] -- Compiling against Gazebo Harmonic
[22.064s] -- RapidJSON found. Headers: /usr/include
[22.089s] -- Found OpenCV: /usr (found version "4.5.4") 
[22.089s] -- Checking for modules 'gstreamer-1.0;gstreamer-app-1.0'
[22.102s] --   Found gstreamer-1.0, version 1.20.3
[22.108s] --   Found gstreamer-app-1.0, version 1.20.1
[22.128s] -- Configuring done
[24.142s] -- Generating done
[25.001s] -- Build files have been written to: /mnt/e/ardupilot_dev/ardupilot_gazebo/build/ardupilot_gazebo
[25.012s] Invoked command in '/mnt/e/ardupilot_dev/ardupilot_gazebo/build/ardupilot_gazebo' returned '0': HISTTIMEFORMAT=%d/%m/%y %T /usr/bin/cmake /mnt/e/ardupilot_dev/ardupilot_gazebo -DCMAKE_INSTALL_PREFIX=/mnt/e/ardupilot_dev/ardupilot_gazebo/install
[25.021s] Invoking command in '/mnt/e/ardupilot_dev/ardupilot_gazebo/build/ardupilot_gazebo': HISTTIMEFORMAT=%d/%m/%y %T /usr/bin/cmake --build /mnt/e/ardupilot_dev/ardupilot_gazebo/build/ardupilot_gazebo -- -j20 -l20
[25.297s] [ 40%] [32mBuilding CXX object CMakeFiles/CameraZoomPlugin.dir/src/CameraZoomPlugin.cc.o[0m
[25.301s] [ 40%] [32mBuilding CXX object CMakeFiles/ParachutePlugin.dir/src/ParachutePlugin.cc.o[0m
[25.473s] [ 60%] [32mBuilding CXX object CMakeFiles/ArduPilotPlugin.dir/src/SocketUDP.cc.o[0m
[25.475s] [ 60%] [32mBuilding CXX object CMakeFiles/ArduPilotPlugin.dir/src/ArduPilotPlugin.cc.o[0m
[25.475s] [ 60%] [32mBuilding CXX object CMakeFiles/GstCameraPlugin.dir/src/GstCameraPlugin.cc.o[0m
[25.546s] [ 60%] [32mBuilding CXX object CMakeFiles/ArduPilotPlugin.dir/src/Util.cc.o[0m
[32.817s] [01m[K/mnt/e/ardupilot_dev/ardupilot_gazebo/src/ArduPilotPlugin.cc:[m[K In member function ‘[01m[Kvoid gz::sim::v8::systems::ArduPilotPlugin::LoadControlChannels(sdf::v14::ElementPtr, gz::sim::v8::EntityComponentManager&)[m[K’:
[32.819s] [01m[K/mnt/e/ardupilot_dev/ardupilot_gazebo/src/ArduPilotPlugin.cc:640:27:[m[K [01;31m[Kerror: [m[K‘[01m[KentityFromScopedName[m[K’ is not a member of ‘[01m[Kgz::sim[m[K’
[32.819s]   640 |   control.link = gz::sim::[01;31m[KentityFromScopedName[m[K(
[32.820s]       |                           [01;31m[K^~~~~~~~~~~~~~~~~~~~[m[K
[32.831s] [01m[K/mnt/e/ardupilot_dev/ardupilot_gazebo/src/ArduPilotPlugin.cc:645:29:[m[K [01;31m[Kerror: [m[K‘[01m[KentityFromScopedName[m[K’ is not a member of ‘[01m[Kgz::sim[m[K’
[32.832s]   645 |     control.link = gz::sim::[01;31m[KentityFromScopedName[m[K(control.linkName, _ecm);
[32.832s]       |                             [01;31m[K^~~~~~~~~~~~~~~~~~~~[m[K
[32.833s] gmake[2]: *** [CMakeFiles/ArduPilotPlugin.dir/build.make:76: CMakeFiles/ArduPilotPlugin.dir/src/ArduPilotPlugin.cc.o] Error 1
[32.833s] gmake[1]: *** [CMakeFiles/Makefile2:89: CMakeFiles/ArduPilotPlugin.dir/all] Error 2
[32.833s] gmake[1]: *** Waiting for unfinished jobs....
[34.074s] [ 70%] [32m[1mLinking CXX shared library libParachutePlugin.so[0m
[34.336s] [ 80%] [32m[1mLinking CXX shared library libCameraZoomPlugin.so[0m
[35.580s] [ 90%] [32m[1mLinking CXX shared library libGstCameraPlugin.so[0m
[35.754s] [ 90%] Built target ParachutePlugin
[35.990s] [ 90%] Built target CameraZoomPlugin
[36.769s] [ 90%] Built target GstCameraPlugin
[36.769s] gmake: *** [Makefile:136: all] Error 2
[36.784s] Invoked command in '/mnt/e/ardupilot_dev/ardupilot_gazebo/build/ardupilot_gazebo' returned '2': HISTTIMEFORMAT=%d/%m/%y %T /usr/bin/cmake --build /mnt/e/ardupilot_dev/ardupilot_gazebo/build/ardupilot_gazebo -- -j20 -l20
