[0.268s] Invoking command in '/mnt/f/ardupilot_dev/ardupilot_gazebo/build/ardupilot_gazebo': HISTTIMEFORMAT=%d/%m/%y %T /usr/bin/cmake --build /mnt/f/ardupilot_dev/ardupilot_gazebo/build/ardupilot_gazebo -- -j20 -l20
[1.110s] [ 40%] Built target ParachutePlugin
[1.156s] [ 50%] Built target CameraZoomPlugin
[1.264s] [ 60%] Built target GstCameraPlugin
[1.490s] [35m[1mConsolidate compiler generated dependencies of target ArduPilotPlugin[0m
[2.077s] [ 70%] [32mBuilding CXX object CMakeFiles/ArduPilotPlugin.dir/src/ArduPilotPlugin.cc.o[0m
[9.509s] [ 80%] [32m[1mLinking CXX shared library libArduPilotPlugin.so[0m
[13.662s] [100%] Built target ArduPilotPlugin
[13.857s] Invoked command in '/mnt/f/ardupilot_dev/ardupilot_gazebo/build/ardupilot_gazebo' returned '0': HISTTIMEFORMAT=%d/%m/%y %T /usr/bin/cmake --build /mnt/f/ardupilot_dev/ardupilot_gazebo/build/ardupilot_gazebo -- -j20 -l20
[13.947s] Invoking command in '/mnt/f/ardupilot_dev/ardupilot_gazebo/build/ardupilot_gazebo': HISTTIMEFORMAT=%d/%m/%y %T /usr/bin/cmake --install /mnt/f/ardupilot_dev/ardupilot_gazebo/build/ardupilot_gazebo
[13.978s] -- Install configuration: ""
[14.034s] -- Installing: /mnt/f/ardupilot_dev/ardupilot_gazebo/install/lib/ardupilot_gazebo/libArduPilotPlugin.so
[14.502s] -- Up-to-date: /mnt/f/ardupilot_dev/ardupilot_gazebo/install/lib/ardupilot_gazebo/libParachutePlugin.so
[14.590s] -- Up-to-date: /mnt/f/ardupilot_dev/ardupilot_gazebo/install/lib/ardupilot_gazebo/libCameraZoomPlugin.so
[14.653s] -- Up-to-date: /mnt/f/ardupilot_dev/ardupilot_gazebo/install/lib/ardupilot_gazebo/libGstCameraPlugin.so
[14.671s] -- Up-to-date: /mnt/f/ardupilot_dev/ardupilot_gazebo/install/share/ardupilot_gazebo/config
[14.701s] -- Up-to-date: /mnt/f/ardupilot_dev/ardupilot_gazebo/install/share/ardupilot_gazebo/config/gazebo-iris-gimbal.parm
[14.781s] -- Up-to-date: /mnt/f/ardupilot_dev/ardupilot_gazebo/install/share/ardupilot_gazebo/models
[14.800s] -- Up-to-date: /mnt/f/ardupilot_dev/ardupilot_gazebo/install/share/ardupilot_gazebo/models/gimbal_small_1d
[14.825s] -- Up-to-date: /mnt/f/ardupilot_dev/ardupilot_gazebo/install/share/ardupilot_gazebo/models/gimbal_small_1d/meshes
[14.862s] -- Up-to-date: /mnt/f/ardupilot_dev/ardupilot_gazebo/install/share/ardupilot_gazebo/models/gimbal_small_1d/meshes/base_arm.dae
[14.889s] -- Up-to-date: /mnt/f/ardupilot_dev/ardupilot_gazebo/install/share/ardupilot_gazebo/models/gimbal_small_1d/meshes/base_main.dae
[14.917s] -- Up-to-date: /mnt/f/ardupilot_dev/ardupilot_gazebo/install/share/ardupilot_gazebo/models/gimbal_small_1d/meshes/tilt.dae
[14.943s] -- Up-to-date: /mnt/f/ardupilot_dev/ardupilot_gazebo/install/share/ardupilot_gazebo/models/gimbal_small_1d/model.config
[14.976s] -- Up-to-date: /mnt/f/ardupilot_dev/ardupilot_gazebo/install/share/ardupilot_gazebo/models/gimbal_small_1d/model.sdf
[14.995s] -- Up-to-date: /mnt/f/ardupilot_dev/ardupilot_gazebo/install/share/ardupilot_gazebo/models/gimbal_small_2d
[15.016s] -- Up-to-date: /mnt/f/ardupilot_dev/ardupilot_gazebo/install/share/ardupilot_gazebo/models/gimbal_small_2d/meshes
[15.039s] -- Up-to-date: /mnt/f/ardupilot_dev/ardupilot_gazebo/install/share/ardupilot_gazebo/models/gimbal_small_2d/meshes/base_arm.dae
[15.058s] -- Up-to-date: /mnt/f/ardupilot_dev/ardupilot_gazebo/install/share/ardupilot_gazebo/models/gimbal_small_2d/meshes/base_main.dae
[15.076s] -- Up-to-date: /mnt/f/ardupilot_dev/ardupilot_gazebo/install/share/ardupilot_gazebo/models/gimbal_small_2d/meshes/tilt.dae
[15.097s] -- Up-to-date: /mnt/f/ardupilot_dev/ardupilot_gazebo/install/share/ardupilot_gazebo/models/gimbal_small_2d/model.config
[15.172s] -- Up-to-date: /mnt/f/ardupilot_dev/ardupilot_gazebo/install/share/ardupilot_gazebo/models/gimbal_small_2d/model.sdf
[15.216s] -- Up-to-date: /mnt/f/ardupilot_dev/ardupilot_gazebo/install/share/ardupilot_gazebo/models/gimbal_small_3d
[15.277s] -- Up-to-date: /mnt/f/ardupilot_dev/ardupilot_gazebo/install/share/ardupilot_gazebo/models/gimbal_small_3d/meshes
[15.351s] -- Up-to-date: /mnt/f/ardupilot_dev/ardupilot_gazebo/install/share/ardupilot_gazebo/models/gimbal_small_3d/meshes/base_plate.dae
[15.378s] -- Up-to-date: /mnt/f/ardupilot_dev/ardupilot_gazebo/install/share/ardupilot_gazebo/models/gimbal_small_3d/meshes/camera_enclosure.dae
[15.407s] -- Up-to-date: /mnt/f/ardupilot_dev/ardupilot_gazebo/install/share/ardupilot_gazebo/models/gimbal_small_3d/meshes/roll_arm.dae
[15.429s] -- Up-to-date: /mnt/f/ardupilot_dev/ardupilot_gazebo/install/share/ardupilot_gazebo/models/gimbal_small_3d/meshes/yaw_arm.dae
[15.450s] -- Up-to-date: /mnt/f/ardupilot_dev/ardupilot_gazebo/install/share/ardupilot_gazebo/models/gimbal_small_3d/model.config
[15.510s] -- Up-to-date: /mnt/f/ardupilot_dev/ardupilot_gazebo/install/share/ardupilot_gazebo/models/gimbal_small_3d/model.sdf
[15.529s] -- Up-to-date: /mnt/f/ardupilot_dev/ardupilot_gazebo/install/share/ardupilot_gazebo/models/iris_with_ardupilot
[15.548s] -- Up-to-date: /mnt/f/ardupilot_dev/ardupilot_gazebo/install/share/ardupilot_gazebo/models/iris_with_ardupilot/model.config
[15.565s] -- Up-to-date: /mnt/f/ardupilot_dev/ardupilot_gazebo/install/share/ardupilot_gazebo/models/iris_with_ardupilot/model.sdf
[15.582s] -- Up-to-date: /mnt/f/ardupilot_dev/ardupilot_gazebo/install/share/ardupilot_gazebo/models/iris_with_gimbal
[15.603s] -- Up-to-date: /mnt/f/ardupilot_dev/ardupilot_gazebo/install/share/ardupilot_gazebo/models/iris_with_gimbal/model.config
[15.624s] -- Up-to-date: /mnt/f/ardupilot_dev/ardupilot_gazebo/install/share/ardupilot_gazebo/models/iris_with_gimbal/model.sdf
[15.645s] -- Up-to-date: /mnt/f/ardupilot_dev/ardupilot_gazebo/install/share/ardupilot_gazebo/models/iris_with_standoffs
[15.670s] -- Up-to-date: /mnt/f/ardupilot_dev/ardupilot_gazebo/install/share/ardupilot_gazebo/models/iris_with_standoffs/meshes
[15.694s] -- Up-to-date: /mnt/f/ardupilot_dev/ardupilot_gazebo/install/share/ardupilot_gazebo/models/iris_with_standoffs/meshes/iris.dae
[15.714s] -- Up-to-date: /mnt/f/ardupilot_dev/ardupilot_gazebo/install/share/ardupilot_gazebo/models/iris_with_standoffs/meshes/iris_collision.stl
[15.735s] -- Up-to-date: /mnt/f/ardupilot_dev/ardupilot_gazebo/install/share/ardupilot_gazebo/models/iris_with_standoffs/meshes/iris_prop_ccw.dae
[15.755s] -- Up-to-date: /mnt/f/ardupilot_dev/ardupilot_gazebo/install/share/ardupilot_gazebo/models/iris_with_standoffs/meshes/iris_prop_cw.dae
[15.772s] -- Up-to-date: /mnt/f/ardupilot_dev/ardupilot_gazebo/install/share/ardupilot_gazebo/models/iris_with_standoffs/model.config
[15.790s] -- Up-to-date: /mnt/f/ardupilot_dev/ardupilot_gazebo/install/share/ardupilot_gazebo/models/iris_with_standoffs/model.sdf
[15.808s] -- Up-to-date: /mnt/f/ardupilot_dev/ardupilot_gazebo/install/share/ardupilot_gazebo/models/parachute_small
[15.831s] -- Up-to-date: /mnt/f/ardupilot_dev/ardupilot_gazebo/install/share/ardupilot_gazebo/models/parachute_small/meshes
[15.853s] -- Up-to-date: /mnt/f/ardupilot_dev/ardupilot_gazebo/install/share/ardupilot_gazebo/models/parachute_small/meshes/parachute_small.dae
[15.870s] -- Up-to-date: /mnt/f/ardupilot_dev/ardupilot_gazebo/install/share/ardupilot_gazebo/models/parachute_small/model.config
[15.911s] -- Up-to-date: /mnt/f/ardupilot_dev/ardupilot_gazebo/install/share/ardupilot_gazebo/models/parachute_small/model.sdf
[15.927s] -- Up-to-date: /mnt/f/ardupilot_dev/ardupilot_gazebo/install/share/ardupilot_gazebo/models/runway
[15.945s] -- Up-to-date: /mnt/f/ardupilot_dev/ardupilot_gazebo/install/share/ardupilot_gazebo/models/runway/materials
[15.965s] -- Up-to-date: /mnt/f/ardupilot_dev/ardupilot_gazebo/install/share/ardupilot_gazebo/models/runway/materials/textures
[15.991s] -- Up-to-date: /mnt/f/ardupilot_dev/ardupilot_gazebo/install/share/ardupilot_gazebo/models/runway/materials/textures/Grass004_2K_AmbientOcclusion.jpg
[16.013s] -- Up-to-date: /mnt/f/ardupilot_dev/ardupilot_gazebo/install/share/ardupilot_gazebo/models/runway/materials/textures/Grass004_2K_Color copy.jpg
[16.035s] -- Up-to-date: /mnt/f/ardupilot_dev/ardupilot_gazebo/install/share/ardupilot_gazebo/models/runway/materials/textures/Grass004_2K_Color.jpg
[16.055s] -- Up-to-date: /mnt/f/ardupilot_dev/ardupilot_gazebo/install/share/ardupilot_gazebo/models/runway/materials/textures/Grass004_2K_Displacement.jpg
[16.075s] -- Up-to-date: /mnt/f/ardupilot_dev/ardupilot_gazebo/install/share/ardupilot_gazebo/models/runway/materials/textures/Grass004_2K_NormalGL.jpg
[16.096s] -- Up-to-date: /mnt/f/ardupilot_dev/ardupilot_gazebo/install/share/ardupilot_gazebo/models/runway/materials/textures/Grass004_2K_Roughness.jpg
[16.121s] -- Up-to-date: /mnt/f/ardupilot_dev/ardupilot_gazebo/install/share/ardupilot_gazebo/models/runway/materials/textures/runway.png
[16.139s] -- Up-to-date: /mnt/f/ardupilot_dev/ardupilot_gazebo/install/share/ardupilot_gazebo/models/runway/meshes
[16.163s] -- Up-to-date: /mnt/f/ardupilot_dev/ardupilot_gazebo/install/share/ardupilot_gazebo/models/runway/meshes/airfield.dae
[16.180s] -- Up-to-date: /mnt/f/ardupilot_dev/ardupilot_gazebo/install/share/ardupilot_gazebo/models/runway/model.config
[16.224s] -- Up-to-date: /mnt/f/ardupilot_dev/ardupilot_gazebo/install/share/ardupilot_gazebo/models/runway/model.sdf
[16.242s] -- Up-to-date: /mnt/f/ardupilot_dev/ardupilot_gazebo/install/share/ardupilot_gazebo/models/sr75
[16.262s] -- Up-to-date: /mnt/f/ardupilot_dev/ardupilot_gazebo/install/share/ardupilot_gazebo/models/sr75/materials
[16.285s] -- Up-to-date: /mnt/f/ardupilot_dev/ardupilot_gazebo/install/share/ardupilot_gazebo/models/sr75/materials/textures
[16.317s] -- Up-to-date: /mnt/f/ardupilot_dev/ardupilot_gazebo/install/share/ardupilot_gazebo/models/sr75/materials/textures/wing.png
[16.335s] -- Up-to-date: /mnt/f/ardupilot_dev/ardupilot_gazebo/install/share/ardupilot_gazebo/models/sr75/meshes
[16.359s] -- Up-to-date: /mnt/f/ardupilot_dev/ardupilot_gazebo/install/share/ardupilot_gazebo/models/sr75/meshes/parachute_small.dae
[16.381s] -- Up-to-date: /mnt/f/ardupilot_dev/ardupilot_gazebo/install/share/ardupilot_gazebo/models/sr75/meshes/wing.dae
[16.401s] -- Up-to-date: /mnt/f/ardupilot_dev/ardupilot_gazebo/install/share/ardupilot_gazebo/models/sr75/model.config
[16.433s] -- Up-to-date: /mnt/f/ardupilot_dev/ardupilot_gazebo/install/share/ardupilot_gazebo/models/sr75/model.sdf
[16.458s] -- Up-to-date: /mnt/f/ardupilot_dev/ardupilot_gazebo/install/share/ardupilot_gazebo/models/sr75/thumbnails
[16.505s] -- Up-to-date: /mnt/f/ardupilot_dev/ardupilot_gazebo/install/share/ardupilot_gazebo/models/sr75/thumbnails/1.png
[16.538s] -- Up-to-date: /mnt/f/ardupilot_dev/ardupilot_gazebo/install/share/ardupilot_gazebo/models/sr75/thumbnails/2.png
[16.567s] -- Up-to-date: /mnt/f/ardupilot_dev/ardupilot_gazebo/install/share/ardupilot_gazebo/models/sr75/thumbnails/3.png
[16.597s] -- Up-to-date: /mnt/f/ardupilot_dev/ardupilot_gazebo/install/share/ardupilot_gazebo/models/sr75/thumbnails/4.png
[16.623s] -- Up-to-date: /mnt/f/ardupilot_dev/ardupilot_gazebo/install/share/ardupilot_gazebo/models/sr75/thumbnails/5.png
[16.644s] -- Up-to-date: /mnt/f/ardupilot_dev/ardupilot_gazebo/install/share/ardupilot_gazebo/models/sr75_skyreaper
[16.670s] -- Up-to-date: /mnt/f/ardupilot_dev/ardupilot_gazebo/install/share/ardupilot_gazebo/models/sr75_skyreaper/meshes
[16.696s] -- Up-to-date: /mnt/f/ardupilot_dev/ardupilot_gazebo/install/share/ardupilot_gazebo/models/sr75_skyreaper/meshes/Skyreaper_Base_model.STL
[16.715s] -- Up-to-date: /mnt/f/ardupilot_dev/ardupilot_gazebo/install/share/ardupilot_gazebo/models/sr75_skyreaper/model.config
[16.780s] -- Up-to-date: /mnt/f/ardupilot_dev/ardupilot_gazebo/install/share/ardupilot_gazebo/models/sr75_skyreaper/model.sdf
[16.814s] -- Up-to-date: /mnt/f/ardupilot_dev/ardupilot_gazebo/install/share/ardupilot_gazebo/models/sr75_skyreaper_with_ardupilot
[16.874s] -- Up-to-date: /mnt/f/ardupilot_dev/ardupilot_gazebo/install/share/ardupilot_gazebo/models/sr75_skyreaper_with_ardupilot/model.config
[16.927s] -- Up-to-date: /mnt/f/ardupilot_dev/ardupilot_gazebo/install/share/ardupilot_gazebo/models/sr75_skyreaper_with_ardupilot/model.sdf
[16.959s] -- Up-to-date: /mnt/f/ardupilot_dev/ardupilot_gazebo/install/share/ardupilot_gazebo/models/sr75_skyreaper_with_ardupilot_backup_phase3
[17.020s] -- Up-to-date: /mnt/f/ardupilot_dev/ardupilot_gazebo/install/share/ardupilot_gazebo/models/sr75_skyreaper_with_ardupilot_backup_phase3/model.config
[17.071s] -- Up-to-date: /mnt/f/ardupilot_dev/ardupilot_gazebo/install/share/ardupilot_gazebo/models/sr75_skyreaper_with_ardupilot_backup_phase3/model.sdf
[17.087s] -- Up-to-date: /mnt/f/ardupilot_dev/ardupilot_gazebo/install/share/ardupilot_gazebo/models/sr75_with_ardupilot
[17.110s] -- Up-to-date: /mnt/f/ardupilot_dev/ardupilot_gazebo/install/share/ardupilot_gazebo/models/sr75_with_ardupilot/meshes
[17.134s] -- Up-to-date: /mnt/f/ardupilot_dev/ardupilot_gazebo/install/share/ardupilot_gazebo/models/sr75_with_ardupilot/meshes/Skyreaper_Base_model.STL
[17.152s] -- Up-to-date: /mnt/f/ardupilot_dev/ardupilot_gazebo/install/share/ardupilot_gazebo/models/sr75_with_ardupilot/model.config
[17.191s] -- Up-to-date: /mnt/f/ardupilot_dev/ardupilot_gazebo/install/share/ardupilot_gazebo/models/sr75_with_ardupilot/model.sdf
[17.226s] -- Up-to-date: /mnt/f/ardupilot_dev/ardupilot_gazebo/install/share/ardupilot_gazebo/models/sr75_zephyr_physics
[17.272s] -- Up-to-date: /mnt/f/ardupilot_dev/ardupilot_gazebo/install/share/ardupilot_gazebo/models/sr75_zephyr_physics/materials
[17.292s] -- Up-to-date: /mnt/f/ardupilot_dev/ardupilot_gazebo/install/share/ardupilot_gazebo/models/sr75_zephyr_physics/materials/textures
[17.316s] -- Up-to-date: /mnt/f/ardupilot_dev/ardupilot_gazebo/install/share/ardupilot_gazebo/models/sr75_zephyr_physics/materials/textures/wing.png
[17.335s] -- Up-to-date: /mnt/f/ardupilot_dev/ardupilot_gazebo/install/share/ardupilot_gazebo/models/sr75_zephyr_physics/meshes
[17.357s] -- Up-to-date: /mnt/f/ardupilot_dev/ardupilot_gazebo/install/share/ardupilot_gazebo/models/sr75_zephyr_physics/meshes/parachute_small.dae
[17.376s] -- Up-to-date: /mnt/f/ardupilot_dev/ardupilot_gazebo/install/share/ardupilot_gazebo/models/sr75_zephyr_physics/meshes/Skyreaper_Base_model.STL
[17.396s] -- Up-to-date: /mnt/f/ardupilot_dev/ardupilot_gazebo/install/share/ardupilot_gazebo/models/sr75_zephyr_physics/meshes/wing.dae
[17.417s] -- Up-to-date: /mnt/f/ardupilot_dev/ardupilot_gazebo/install/share/ardupilot_gazebo/models/sr75_zephyr_physics/model.config
[17.457s] -- Up-to-date: /mnt/f/ardupilot_dev/ardupilot_gazebo/install/share/ardupilot_gazebo/models/sr75_zephyr_physics/model.sdf
[17.475s] -- Up-to-date: /mnt/f/ardupilot_dev/ardupilot_gazebo/install/share/ardupilot_gazebo/models/sr75_zephyr_physics/thumbnails
[17.501s] -- Up-to-date: /mnt/f/ardupilot_dev/ardupilot_gazebo/install/share/ardupilot_gazebo/models/sr75_zephyr_physics/thumbnails/1.png
[17.524s] -- Up-to-date: /mnt/f/ardupilot_dev/ardupilot_gazebo/install/share/ardupilot_gazebo/models/sr75_zephyr_physics/thumbnails/2.png
[17.545s] -- Up-to-date: /mnt/f/ardupilot_dev/ardupilot_gazebo/install/share/ardupilot_gazebo/models/sr75_zephyr_physics/thumbnails/3.png
[17.567s] -- Up-to-date: /mnt/f/ardupilot_dev/ardupilot_gazebo/install/share/ardupilot_gazebo/models/sr75_zephyr_physics/thumbnails/4.png
[17.588s] -- Up-to-date: /mnt/f/ardupilot_dev/ardupilot_gazebo/install/share/ardupilot_gazebo/models/sr75_zephyr_physics/thumbnails/5.png
[17.605s] -- Up-to-date: /mnt/f/ardupilot_dev/ardupilot_gazebo/install/share/ardupilot_gazebo/models/sr75_zephyr_physics_backup_phase1
[17.625s] -- Up-to-date: /mnt/f/ardupilot_dev/ardupilot_gazebo/install/share/ardupilot_gazebo/models/sr75_zephyr_physics_backup_phase1/materials
[17.646s] -- Up-to-date: /mnt/f/ardupilot_dev/ardupilot_gazebo/install/share/ardupilot_gazebo/models/sr75_zephyr_physics_backup_phase1/materials/textures
[17.678s] -- Up-to-date: /mnt/f/ardupilot_dev/ardupilot_gazebo/install/share/ardupilot_gazebo/models/sr75_zephyr_physics_backup_phase1/materials/textures/wing.png
[17.696s] -- Up-to-date: /mnt/f/ardupilot_dev/ardupilot_gazebo/install/share/ardupilot_gazebo/models/sr75_zephyr_physics_backup_phase1/meshes
[17.724s] -- Up-to-date: /mnt/f/ardupilot_dev/ardupilot_gazebo/install/share/ardupilot_gazebo/models/sr75_zephyr_physics_backup_phase1/meshes/parachute_small.dae
[17.745s] -- Up-to-date: /mnt/f/ardupilot_dev/ardupilot_gazebo/install/share/ardupilot_gazebo/models/sr75_zephyr_physics_backup_phase1/meshes/Skyreaper_Base_model.STL
[17.768s] -- Up-to-date: /mnt/f/ardupilot_dev/ardupilot_gazebo/install/share/ardupilot_gazebo/models/sr75_zephyr_physics_backup_phase1/meshes/wing.dae
[17.795s] -- Up-to-date: /mnt/f/ardupilot_dev/ardupilot_gazebo/install/share/ardupilot_gazebo/models/sr75_zephyr_physics_backup_phase1/model.config
[17.883s] -- Up-to-date: /mnt/f/ardupilot_dev/ardupilot_gazebo/install/share/ardupilot_gazebo/models/sr75_zephyr_physics_backup_phase1/model.sdf
[17.902s] -- Up-to-date: /mnt/f/ardupilot_dev/ardupilot_gazebo/install/share/ardupilot_gazebo/models/sr75_zephyr_physics_backup_phase1/thumbnails
[17.927s] -- Up-to-date: /mnt/f/ardupilot_dev/ardupilot_gazebo/install/share/ardupilot_gazebo/models/sr75_zephyr_physics_backup_phase1/thumbnails/1.png
[17.948s] -- Up-to-date: /mnt/f/ardupilot_dev/ardupilot_gazebo/install/share/ardupilot_gazebo/models/sr75_zephyr_physics_backup_phase1/thumbnails/2.png
[17.970s] -- Up-to-date: /mnt/f/ardupilot_dev/ardupilot_gazebo/install/share/ardupilot_gazebo/models/sr75_zephyr_physics_backup_phase1/thumbnails/3.png
[17.993s] -- Up-to-date: /mnt/f/ardupilot_dev/ardupilot_gazebo/install/share/ardupilot_gazebo/models/sr75_zephyr_physics_backup_phase1/thumbnails/4.png
[18.024s] -- Up-to-date: /mnt/f/ardupilot_dev/ardupilot_gazebo/install/share/ardupilot_gazebo/models/sr75_zephyr_physics_backup_phase1/thumbnails/5.png
[18.046s] -- Up-to-date: /mnt/f/ardupilot_dev/ardupilot_gazebo/install/share/ardupilot_gazebo/models/sr75_zephyr_physics_backup_phase2
[18.069s] -- Up-to-date: /mnt/f/ardupilot_dev/ardupilot_gazebo/install/share/ardupilot_gazebo/models/sr75_zephyr_physics_backup_phase2/materials
[18.095s] -- Up-to-date: /mnt/f/ardupilot_dev/ardupilot_gazebo/install/share/ardupilot_gazebo/models/sr75_zephyr_physics_backup_phase2/materials/textures
[18.135s] -- Up-to-date: /mnt/f/ardupilot_dev/ardupilot_gazebo/install/share/ardupilot_gazebo/models/sr75_zephyr_physics_backup_phase2/materials/textures/wing.png
[18.159s] -- Up-to-date: /mnt/f/ardupilot_dev/ardupilot_gazebo/install/share/ardupilot_gazebo/models/sr75_zephyr_physics_backup_phase2/meshes
[18.188s] -- Up-to-date: /mnt/f/ardupilot_dev/ardupilot_gazebo/install/share/ardupilot_gazebo/models/sr75_zephyr_physics_backup_phase2/meshes/parachute_small.dae
[18.223s] -- Up-to-date: /mnt/f/ardupilot_dev/ardupilot_gazebo/install/share/ardupilot_gazebo/models/sr75_zephyr_physics_backup_phase2/meshes/Skyreaper_Base_model.STL
[18.256s] -- Up-to-date: /mnt/f/ardupilot_dev/ardupilot_gazebo/install/share/ardupilot_gazebo/models/sr75_zephyr_physics_backup_phase2/meshes/wing.dae
[18.285s] -- Up-to-date: /mnt/f/ardupilot_dev/ardupilot_gazebo/install/share/ardupilot_gazebo/models/sr75_zephyr_physics_backup_phase2/model.config
[18.327s] -- Up-to-date: /mnt/f/ardupilot_dev/ardupilot_gazebo/install/share/ardupilot_gazebo/models/sr75_zephyr_physics_backup_phase2/model.sdf
[18.347s] -- Up-to-date: /mnt/f/ardupilot_dev/ardupilot_gazebo/install/share/ardupilot_gazebo/models/sr75_zephyr_physics_backup_phase2/thumbnails
[18.370s] -- Up-to-date: /mnt/f/ardupilot_dev/ardupilot_gazebo/install/share/ardupilot_gazebo/models/sr75_zephyr_physics_backup_phase2/thumbnails/1.png
[18.390s] -- Up-to-date: /mnt/f/ardupilot_dev/ardupilot_gazebo/install/share/ardupilot_gazebo/models/sr75_zephyr_physics_backup_phase2/thumbnails/2.png
[18.412s] -- Up-to-date: /mnt/f/ardupilot_dev/ardupilot_gazebo/install/share/ardupilot_gazebo/models/sr75_zephyr_physics_backup_phase2/thumbnails/3.png
[18.436s] -- Up-to-date: /mnt/f/ardupilot_dev/ardupilot_gazebo/install/share/ardupilot_gazebo/models/sr75_zephyr_physics_backup_phase2/thumbnails/4.png
[18.458s] -- Up-to-date: /mnt/f/ardupilot_dev/ardupilot_gazebo/install/share/ardupilot_gazebo/models/sr75_zephyr_physics_backup_phase2/thumbnails/5.png
[18.475s] -- Up-to-date: /mnt/f/ardupilot_dev/ardupilot_gazebo/install/share/ardupilot_gazebo/models/sr75_zephyr_physics_backup_phase3
[18.541s] -- Up-to-date: /mnt/f/ardupilot_dev/ardupilot_gazebo/install/share/ardupilot_gazebo/models/sr75_zephyr_physics_backup_phase3/materials
[18.597s] -- Up-to-date: /mnt/f/ardupilot_dev/ardupilot_gazebo/install/share/ardupilot_gazebo/models/sr75_zephyr_physics_backup_phase3/materials/textures
[18.678s] -- Up-to-date: /mnt/f/ardupilot_dev/ardupilot_gazebo/install/share/ardupilot_gazebo/models/sr75_zephyr_physics_backup_phase3/materials/textures/wing.png
[18.724s] -- Up-to-date: /mnt/f/ardupilot_dev/ardupilot_gazebo/install/share/ardupilot_gazebo/models/sr75_zephyr_physics_backup_phase3/meshes
[18.751s] -- Up-to-date: /mnt/f/ardupilot_dev/ardupilot_gazebo/install/share/ardupilot_gazebo/models/sr75_zephyr_physics_backup_phase3/meshes/parachute_small.dae
[18.777s] -- Up-to-date: /mnt/f/ardupilot_dev/ardupilot_gazebo/install/share/ardupilot_gazebo/models/sr75_zephyr_physics_backup_phase3/meshes/Skyreaper_Base_model.STL
[18.800s] -- Up-to-date: /mnt/f/ardupilot_dev/ardupilot_gazebo/install/share/ardupilot_gazebo/models/sr75_zephyr_physics_backup_phase3/meshes/wing.dae
[18.823s] -- Up-to-date: /mnt/f/ardupilot_dev/ardupilot_gazebo/install/share/ardupilot_gazebo/models/sr75_zephyr_physics_backup_phase3/model.config
[18.866s] -- Up-to-date: /mnt/f/ardupilot_dev/ardupilot_gazebo/install/share/ardupilot_gazebo/models/sr75_zephyr_physics_backup_phase3/model.sdf
[18.883s] -- Up-to-date: /mnt/f/ardupilot_dev/ardupilot_gazebo/install/share/ardupilot_gazebo/models/sr75_zephyr_physics_backup_phase3/thumbnails
[18.917s] -- Up-to-date: /mnt/f/ardupilot_dev/ardupilot_gazebo/install/share/ardupilot_gazebo/models/sr75_zephyr_physics_backup_phase3/thumbnails/1.png
[18.941s] -- Up-to-date: /mnt/f/ardupilot_dev/ardupilot_gazebo/install/share/ardupilot_gazebo/models/sr75_zephyr_physics_backup_phase3/thumbnails/2.png
[18.961s] -- Up-to-date: /mnt/f/ardupilot_dev/ardupilot_gazebo/install/share/ardupilot_gazebo/models/sr75_zephyr_physics_backup_phase3/thumbnails/3.png
[18.980s] -- Up-to-date: /mnt/f/ardupilot_dev/ardupilot_gazebo/install/share/ardupilot_gazebo/models/sr75_zephyr_physics_backup_phase3/thumbnails/4.png
[19.003s] -- Up-to-date: /mnt/f/ardupilot_dev/ardupilot_gazebo/install/share/ardupilot_gazebo/models/sr75_zephyr_physics_backup_phase3/thumbnails/5.png
[19.021s] -- Up-to-date: /mnt/f/ardupilot_dev/ardupilot_gazebo/install/share/ardupilot_gazebo/models/zephyr
[19.042s] -- Up-to-date: /mnt/f/ardupilot_dev/ardupilot_gazebo/install/share/ardupilot_gazebo/models/zephyr/materials
[19.064s] -- Up-to-date: /mnt/f/ardupilot_dev/ardupilot_gazebo/install/share/ardupilot_gazebo/models/zephyr/materials/textures
[19.088s] -- Up-to-date: /mnt/f/ardupilot_dev/ardupilot_gazebo/install/share/ardupilot_gazebo/models/zephyr/materials/textures/wing.png
[19.107s] -- Up-to-date: /mnt/f/ardupilot_dev/ardupilot_gazebo/install/share/ardupilot_gazebo/models/zephyr/meshes
[19.131s] -- Up-to-date: /mnt/f/ardupilot_dev/ardupilot_gazebo/install/share/ardupilot_gazebo/models/zephyr/meshes/parachute_small.dae
[19.151s] -- Up-to-date: /mnt/f/ardupilot_dev/ardupilot_gazebo/install/share/ardupilot_gazebo/models/zephyr/meshes/wing.dae
[19.169s] -- Up-to-date: /mnt/f/ardupilot_dev/ardupilot_gazebo/install/share/ardupilot_gazebo/models/zephyr/model.config
[19.267s] -- Up-to-date: /mnt/f/ardupilot_dev/ardupilot_gazebo/install/share/ardupilot_gazebo/models/zephyr/model.sdf
[19.285s] -- Up-to-date: /mnt/f/ardupilot_dev/ardupilot_gazebo/install/share/ardupilot_gazebo/models/zephyr/thumbnails
[19.308s] -- Up-to-date: /mnt/f/ardupilot_dev/ardupilot_gazebo/install/share/ardupilot_gazebo/models/zephyr/thumbnails/1.png
[19.341s] -- Up-to-date: /mnt/f/ardupilot_dev/ardupilot_gazebo/install/share/ardupilot_gazebo/models/zephyr/thumbnails/2.png
[19.362s] -- Up-to-date: /mnt/f/ardupilot_dev/ardupilot_gazebo/install/share/ardupilot_gazebo/models/zephyr/thumbnails/3.png
[19.383s] -- Up-to-date: /mnt/f/ardupilot_dev/ardupilot_gazebo/install/share/ardupilot_gazebo/models/zephyr/thumbnails/4.png
[19.405s] -- Up-to-date: /mnt/f/ardupilot_dev/ardupilot_gazebo/install/share/ardupilot_gazebo/models/zephyr/thumbnails/5.png
[19.423s] -- Up-to-date: /mnt/f/ardupilot_dev/ardupilot_gazebo/install/share/ardupilot_gazebo/models/zephyr_with_ardupilot
[19.444s] -- Up-to-date: /mnt/f/ardupilot_dev/ardupilot_gazebo/install/share/ardupilot_gazebo/models/zephyr_with_ardupilot/model.config
[19.473s] -- Up-to-date: /mnt/f/ardupilot_dev/ardupilot_gazebo/install/share/ardupilot_gazebo/models/zephyr_with_ardupilot/model.sdf
[19.489s] -- Up-to-date: /mnt/f/ardupilot_dev/ardupilot_gazebo/install/share/ardupilot_gazebo/models/zephyr_with_parachute
[19.511s] -- Up-to-date: /mnt/f/ardupilot_dev/ardupilot_gazebo/install/share/ardupilot_gazebo/models/zephyr_with_parachute/model.config
[19.541s] -- Up-to-date: /mnt/f/ardupilot_dev/ardupilot_gazebo/install/share/ardupilot_gazebo/models/zephyr_with_parachute/model.sdf
[19.557s] -- Up-to-date: /mnt/f/ardupilot_dev/ardupilot_gazebo/install/share/ardupilot_gazebo/worlds
[19.583s] -- Up-to-date: /mnt/f/ardupilot_dev/ardupilot_gazebo/install/share/ardupilot_gazebo/worlds/gimbal.sdf
[19.612s] -- Up-to-date: /mnt/f/ardupilot_dev/ardupilot_gazebo/install/share/ardupilot_gazebo/worlds/iris_runway.sdf
[19.638s] -- Up-to-date: /mnt/f/ardupilot_dev/ardupilot_gazebo/install/share/ardupilot_gazebo/worlds/iris_warehouse.sdf
[19.661s] -- Up-to-date: /mnt/f/ardupilot_dev/ardupilot_gazebo/install/share/ardupilot_gazebo/worlds/sr75_runway.sdf
[19.683s] -- Up-to-date: /mnt/f/ardupilot_dev/ardupilot_gazebo/install/share/ardupilot_gazebo/worlds/sr75_test_range.sdf
[19.702s] -- Up-to-date: /mnt/f/ardupilot_dev/ardupilot_gazebo/install/share/ardupilot_gazebo/worlds/sr75_test_range_v1.sdf
[19.723s] -- Up-to-date: /mnt/f/ardupilot_dev/ardupilot_gazebo/install/share/ardupilot_gazebo/worlds/zephyr_parachute.sdf
[19.741s] -- Up-to-date: /mnt/f/ardupilot_dev/ardupilot_gazebo/install/share/ardupilot_gazebo/worlds/zephyr_runway.sdf
[19.796s] Invoked command in '/mnt/f/ardupilot_dev/ardupilot_gazebo/build/ardupilot_gazebo' returned '0': HISTTIMEFORMAT=%d/%m/%y %T /usr/bin/cmake --install /mnt/f/ardupilot_dev/ardupilot_gazebo/build/ardupilot_gazebo
