[35m[1mConsolidate compiler generated dependencies of target ArduPilotPlugin[0m
[ 60%] Built target GstCameraPlugin
[ 60%] Built target CameraZoomPlugin
[ 60%] Built target ParachutePlugin
[ 70%] [32mBuilding CXX object CMakeFiles/ArduPilotPlugin.dir/src/ArduPilotPlugin.cc.o[0m
[ 80%] [32m[1mLinking CXX shared library libArduPilotPlugin.so[0m
[100%] Built target ArduPilotPlugin
-- Install configuration: ""
-- Installing: /mnt/e/ardupilot_dev/ardupilot_gazebo/install/lib/ardupilot_gazebo/libArduPilotPlugin.so
-- Installing: /mnt/e/ardupilot_dev/ardupilot_gazebo/install/lib/ardupilot_gazebo/libParachutePlugin.so
-- Installing: /mnt/e/ardupilot_dev/ardupilot_gazebo/install/lib/ardupilot_gazebo/libCameraZoomPlugin.so
-- Installing: /mnt/e/ardupilot_dev/ardupilot_gazebo/install/lib/ardupilot_gazebo/libGstCameraPlugin.so
-- Installing: /mnt/e/ardupilot_dev/ardupilot_gazebo/install/share/ardupilot_gazebo/config
-- Installing: /mnt/e/ardupilot_dev/ardupilot_gazebo/install/share/ardupilot_gazebo/config/gazebo-iris-gimbal.parm
-- Installing: /mnt/e/ardupilot_dev/ardupilot_gazebo/install/share/ardupilot_gazebo/models
-- Installing: /mnt/e/ardupilot_dev/ardupilot_gazebo/install/share/ardupilot_gazebo/models/gimbal_small_1d
-- Installing: /mnt/e/ardupilot_dev/ardupilot_gazebo/install/share/ardupilot_gazebo/models/gimbal_small_1d/meshes
-- Installing: /mnt/e/ardupilot_dev/ardupilot_gazebo/install/share/ardupilot_gazebo/models/gimbal_small_1d/meshes/base_arm.dae
-- Installing: /mnt/e/ardupilot_dev/ardupilot_gazebo/install/share/ardupilot_gazebo/models/gimbal_small_1d/meshes/base_main.dae
-- Installing: /mnt/e/ardupilot_dev/ardupilot_gazebo/install/share/ardupilot_gazebo/models/gimbal_small_1d/meshes/tilt.dae
-- Installing: /mnt/e/ardupilot_dev/ardupilot_gazebo/install/share/ardupilot_gazebo/models/gimbal_small_1d/model.config
-- Installing: /mnt/e/ardupilot_dev/ardupilot_gazebo/install/share/ardupilot_gazebo/models/gimbal_small_1d/model.sdf
-- Installing: /mnt/e/ardupilot_dev/ardupilot_gazebo/install/share/ardupilot_gazebo/models/gimbal_small_2d
-- Installing: /mnt/e/ardupilot_dev/ardupilot_gazebo/install/share/ardupilot_gazebo/models/gimbal_small_2d/meshes
-- Installing: /mnt/e/ardupilot_dev/ardupilot_gazebo/install/share/ardupilot_gazebo/models/gimbal_small_2d/meshes/base_arm.dae
-- Installing: /mnt/e/ardupilot_dev/ardupilot_gazebo/install/share/ardupilot_gazebo/models/gimbal_small_2d/meshes/base_main.dae
-- Installing: /mnt/e/ardupilot_dev/ardupilot_gazebo/install/share/ardupilot_gazebo/models/gimbal_small_2d/meshes/tilt.dae
-- Installing: /mnt/e/ardupilot_dev/ardupilot_gazebo/install/share/ardupilot_gazebo/models/gimbal_small_2d/model.config
-- Installing: /mnt/e/ardupilot_dev/ardupilot_gazebo/install/share/ardupilot_gazebo/models/gimbal_small_2d/model.sdf
-- Installing: /mnt/e/ardupilot_dev/ardupilot_gazebo/install/share/ardupilot_gazebo/models/gimbal_small_3d
-- Installing: /mnt/e/ardupilot_dev/ardupilot_gazebo/install/share/ardupilot_gazebo/models/gimbal_small_3d/meshes
-- Installing: /mnt/e/ardupilot_dev/ardupilot_gazebo/install/share/ardupilot_gazebo/models/gimbal_small_3d/meshes/base_plate.dae
-- Installing: /mnt/e/ardupilot_dev/ardupilot_gazebo/install/share/ardupilot_gazebo/models/gimbal_small_3d/meshes/camera_enclosure.dae
-- Installing: /mnt/e/ardupilot_dev/ardupilot_gazebo/install/share/ardupilot_gazebo/models/gimbal_small_3d/meshes/roll_arm.dae
-- Installing: /mnt/e/ardupilot_dev/ardupilot_gazebo/install/share/ardupilot_gazebo/models/gimbal_small_3d/meshes/yaw_arm.dae
-- Installing: /mnt/e/ardupilot_dev/ardupilot_gazebo/install/share/ardupilot_gazebo/models/gimbal_small_3d/model.config
-- Installing: /mnt/e/ardupilot_dev/ardupilot_gazebo/install/share/ardupilot_gazebo/models/gimbal_small_3d/model.sdf
-- Installing: /mnt/e/ardupilot_dev/ardupilot_gazebo/install/share/ardupilot_gazebo/models/iris_with_ardupilot
-- Installing: /mnt/e/ardupilot_dev/ardupilot_gazebo/install/share/ardupilot_gazebo/models/iris_with_ardupilot/model.config
-- Installing: /mnt/e/ardupilot_dev/ardupilot_gazebo/install/share/ardupilot_gazebo/models/iris_with_ardupilot/model.sdf
-- Installing: /mnt/e/ardupilot_dev/ardupilot_gazebo/install/share/ardupilot_gazebo/models/iris_with_gimbal
-- Installing: /mnt/e/ardupilot_dev/ardupilot_gazebo/install/share/ardupilot_gazebo/models/iris_with_gimbal/model.config
-- Installing: /mnt/e/ardupilot_dev/ardupilot_gazebo/install/share/ardupilot_gazebo/models/iris_with_gimbal/model.sdf
-- Installing: /mnt/e/ardupilot_dev/ardupilot_gazebo/install/share/ardupilot_gazebo/models/iris_with_standoffs
-- Installing: /mnt/e/ardupilot_dev/ardupilot_gazebo/install/share/ardupilot_gazebo/models/iris_with_standoffs/meshes
-- Installing: /mnt/e/ardupilot_dev/ardupilot_gazebo/install/share/ardupilot_gazebo/models/iris_with_standoffs/meshes/iris.dae
-- Installing: /mnt/e/ardupilot_dev/ardupilot_gazebo/install/share/ardupilot_gazebo/models/iris_with_standoffs/meshes/iris_collision.stl
-- Installing: /mnt/e/ardupilot_dev/ardupilot_gazebo/install/share/ardupilot_gazebo/models/iris_with_standoffs/meshes/iris_prop_ccw.dae
-- Installing: /mnt/e/ardupilot_dev/ardupilot_gazebo/install/share/ardupilot_gazebo/models/iris_with_standoffs/meshes/iris_prop_cw.dae
-- Installing: /mnt/e/ardupilot_dev/ardupilot_gazebo/install/share/ardupilot_gazebo/models/iris_with_standoffs/model.config
-- Installing: /mnt/e/ardupilot_dev/ardupilot_gazebo/install/share/ardupilot_gazebo/models/iris_with_standoffs/model.sdf
-- Installing: /mnt/e/ardupilot_dev/ardupilot_gazebo/install/share/ardupilot_gazebo/models/parachute_small
-- Installing: /mnt/e/ardupilot_dev/ardupilot_gazebo/install/share/ardupilot_gazebo/models/parachute_small/meshes
-- Installing: /mnt/e/ardupilot_dev/ardupilot_gazebo/install/share/ardupilot_gazebo/models/parachute_small/meshes/parachute_small.dae
-- Installing: /mnt/e/ardupilot_dev/ardupilot_gazebo/install/share/ardupilot_gazebo/models/parachute_small/model.config
-- Installing: /mnt/e/ardupilot_dev/ardupilot_gazebo/install/share/ardupilot_gazebo/models/parachute_small/model.sdf
-- Installing: /mnt/e/ardupilot_dev/ardupilot_gazebo/install/share/ardupilot_gazebo/models/runway
-- Installing: /mnt/e/ardupilot_dev/ardupilot_gazebo/install/share/ardupilot_gazebo/models/runway/materials
-- Installing: /mnt/e/ardupilot_dev/ardupilot_gazebo/install/share/ardupilot_gazebo/models/runway/materials/textures
-- Installing: /mnt/e/ardupilot_dev/ardupilot_gazebo/install/share/ardupilot_gazebo/models/runway/materials/textures/Grass004_2K_AmbientOcclusion.jpg
-- Installing: /mnt/e/ardupilot_dev/ardupilot_gazebo/install/share/ardupilot_gazebo/models/runway/materials/textures/Grass004_2K_Color copy.jpg
-- Installing: /mnt/e/ardupilot_dev/ardupilot_gazebo/install/share/ardupilot_gazebo/models/runway/materials/textures/Grass004_2K_Color.jpg
-- Installing: /mnt/e/ardupilot_dev/ardupilot_gazebo/install/share/ardupilot_gazebo/models/runway/materials/textures/Grass004_2K_Displacement.jpg
-- Installing: /mnt/e/ardupilot_dev/ardupilot_gazebo/install/share/ardupilot_gazebo/models/runway/materials/textures/Grass004_2K_NormalGL.jpg
-- Installing: /mnt/e/ardupilot_dev/ardupilot_gazebo/install/share/ardupilot_gazebo/models/runway/materials/textures/Grass004_2K_Roughness.jpg
-- Installing: /mnt/e/ardupilot_dev/ardupilot_gazebo/install/share/ardupilot_gazebo/models/runway/materials/textures/runway.png
-- Installing: /mnt/e/ardupilot_dev/ardupilot_gazebo/install/share/ardupilot_gazebo/models/runway/meshes
-- Installing: /mnt/e/ardupilot_dev/ardupilot_gazebo/install/share/ardupilot_gazebo/models/runway/meshes/airfield.dae
-- Installing: /mnt/e/ardupilot_dev/ardupilot_gazebo/install/share/ardupilot_gazebo/models/runway/model.config
-- Installing: /mnt/e/ardupilot_dev/ardupilot_gazebo/install/share/ardupilot_gazebo/models/runway/model.sdf
-- Installing: /mnt/e/ardupilot_dev/ardupilot_gazebo/install/share/ardupilot_gazebo/models/sr75
-- Installing: /mnt/e/ardupilot_dev/ardupilot_gazebo/install/share/ardupilot_gazebo/models/sr75/materials
-- Installing: /mnt/e/ardupilot_dev/ardupilot_gazebo/install/share/ardupilot_gazebo/models/sr75/materials/textures
-- Installing: /mnt/e/ardupilot_dev/ardupilot_gazebo/install/share/ardupilot_gazebo/models/sr75/materials/textures/wing.png
-- Installing: /mnt/e/ardupilot_dev/ardupilot_gazebo/install/share/ardupilot_gazebo/models/sr75/meshes
-- Installing: /mnt/e/ardupilot_dev/ardupilot_gazebo/install/share/ardupilot_gazebo/models/sr75/meshes/parachute_small.dae
-- Installing: /mnt/e/ardupilot_dev/ardupilot_gazebo/install/share/ardupilot_gazebo/models/sr75/meshes/wing.dae
-- Installing: /mnt/e/ardupilot_dev/ardupilot_gazebo/install/share/ardupilot_gazebo/models/sr75/model.config
-- Installing: /mnt/e/ardupilot_dev/ardupilot_gazebo/install/share/ardupilot_gazebo/models/sr75/model.sdf
-- Installing: /mnt/e/ardupilot_dev/ardupilot_gazebo/install/share/ardupilot_gazebo/models/sr75/thumbnails
-- Installing: /mnt/e/ardupilot_dev/ardupilot_gazebo/install/share/ardupilot_gazebo/models/sr75/thumbnails/1.png
-- Installing: /mnt/e/ardupilot_dev/ardupilot_gazebo/install/share/ardupilot_gazebo/models/sr75/thumbnails/2.png
-- Installing: /mnt/e/ardupilot_dev/ardupilot_gazebo/install/share/ardupilot_gazebo/models/sr75/thumbnails/3.png
-- Installing: /mnt/e/ardupilot_dev/ardupilot_gazebo/install/share/ardupilot_gazebo/models/sr75/thumbnails/4.png
-- Installing: /mnt/e/ardupilot_dev/ardupilot_gazebo/install/share/ardupilot_gazebo/models/sr75/thumbnails/5.png
-- Installing: /mnt/e/ardupilot_dev/ardupilot_gazebo/install/share/ardupilot_gazebo/models/sr75_skyreaper
-- Installing: /mnt/e/ardupilot_dev/ardupilot_gazebo/install/share/ardupilot_gazebo/models/sr75_skyreaper/meshes
-- Installing: /mnt/e/ardupilot_dev/ardupilot_gazebo/install/share/ardupilot_gazebo/models/sr75_skyreaper/meshes/Skyreaper_Base_model.STL
-- Installing: /mnt/e/ardupilot_dev/ardupilot_gazebo/install/share/ardupilot_gazebo/models/sr75_skyreaper/model.config
-- Installing: /mnt/e/ardupilot_dev/ardupilot_gazebo/install/share/ardupilot_gazebo/models/sr75_skyreaper/model.sdf
-- Installing: /mnt/e/ardupilot_dev/ardupilot_gazebo/install/share/ardupilot_gazebo/models/sr75_skyreaper_with_ardupilot
-- Installing: /mnt/e/ardupilot_dev/ardupilot_gazebo/install/share/ardupilot_gazebo/models/sr75_skyreaper_with_ardupilot/model.config
-- Installing: /mnt/e/ardupilot_dev/ardupilot_gazebo/install/share/ardupilot_gazebo/models/sr75_skyreaper_with_ardupilot/model.sdf
-- Installing: /mnt/e/ardupilot_dev/ardupilot_gazebo/install/share/ardupilot_gazebo/models/sr75_skyreaper_with_ardupilot_backup_phase3
-- Installing: /mnt/e/ardupilot_dev/ardupilot_gazebo/install/share/ardupilot_gazebo/models/sr75_skyreaper_with_ardupilot_backup_phase3/model.config
-- Installing: /mnt/e/ardupilot_dev/ardupilot_gazebo/install/share/ardupilot_gazebo/models/sr75_skyreaper_with_ardupilot_backup_phase3/model.sdf
-- Installing: /mnt/e/ardupilot_dev/ardupilot_gazebo/install/share/ardupilot_gazebo/models/sr75_with_ardupilot
-- Installing: /mnt/e/ardupilot_dev/ardupilot_gazebo/install/share/ardupilot_gazebo/models/sr75_with_ardupilot/meshes
-- Installing: /mnt/e/ardupilot_dev/ardupilot_gazebo/install/share/ardupilot_gazebo/models/sr75_with_ardupilot/meshes/Skyreaper_Base_model.STL
-- Installing: /mnt/e/ardupilot_dev/ardupilot_gazebo/install/share/ardupilot_gazebo/models/sr75_with_ardupilot/model.config
-- Installing: /mnt/e/ardupilot_dev/ardupilot_gazebo/install/share/ardupilot_gazebo/models/sr75_with_ardupilot/model.sdf
-- Installing: /mnt/e/ardupilot_dev/ardupilot_gazebo/install/share/ardupilot_gazebo/models/sr75_zephyr_physics
-- Installing: /mnt/e/ardupilot_dev/ardupilot_gazebo/install/share/ardupilot_gazebo/models/sr75_zephyr_physics/materials
-- Installing: /mnt/e/ardupilot_dev/ardupilot_gazebo/install/share/ardupilot_gazebo/models/sr75_zephyr_physics/materials/textures
-- Installing: /mnt/e/ardupilot_dev/ardupilot_gazebo/install/share/ardupilot_gazebo/models/sr75_zephyr_physics/materials/textures/wing.png
-- Installing: /mnt/e/ardupilot_dev/ardupilot_gazebo/install/share/ardupilot_gazebo/models/sr75_zephyr_physics/meshes
-- Installing: /mnt/e/ardupilot_dev/ardupilot_gazebo/install/share/ardupilot_gazebo/models/sr75_zephyr_physics/meshes/parachute_small.dae
-- Installing: /mnt/e/ardupilot_dev/ardupilot_gazebo/install/share/ardupilot_gazebo/models/sr75_zephyr_physics/meshes/Skyreaper_Base_model.STL
-- Installing: /mnt/e/ardupilot_dev/ardupilot_gazebo/install/share/ardupilot_gazebo/models/sr75_zephyr_physics/meshes/wing.dae
-- Installing: /mnt/e/ardupilot_dev/ardupilot_gazebo/install/share/ardupilot_gazebo/models/sr75_zephyr_physics/model.config
-- Installing: /mnt/e/ardupilot_dev/ardupilot_gazebo/install/share/ardupilot_gazebo/models/sr75_zephyr_physics/model.sdf
-- Installing: /mnt/e/ardupilot_dev/ardupilot_gazebo/install/share/ardupilot_gazebo/models/sr75_zephyr_physics/thumbnails
-- Installing: /mnt/e/ardupilot_dev/ardupilot_gazebo/install/share/ardupilot_gazebo/models/sr75_zephyr_physics/thumbnails/1.png
-- Installing: /mnt/e/ardupilot_dev/ardupilot_gazebo/install/share/ardupilot_gazebo/models/sr75_zephyr_physics/thumbnails/2.png
-- Installing: /mnt/e/ardupilot_dev/ardupilot_gazebo/install/share/ardupilot_gazebo/models/sr75_zephyr_physics/thumbnails/3.png
-- Installing: /mnt/e/ardupilot_dev/ardupilot_gazebo/install/share/ardupilot_gazebo/models/sr75_zephyr_physics/thumbnails/4.png
-- Installing: /mnt/e/ardupilot_dev/ardupilot_gazebo/install/share/ardupilot_gazebo/models/sr75_zephyr_physics/thumbnails/5.png
-- Installing: /mnt/e/ardupilot_dev/ardupilot_gazebo/install/share/ardupilot_gazebo/models/sr75_zephyr_physics_backup_phase1
-- Installing: /mnt/e/ardupilot_dev/ardupilot_gazebo/install/share/ardupilot_gazebo/models/sr75_zephyr_physics_backup_phase1/materials
-- Installing: /mnt/e/ardupilot_dev/ardupilot_gazebo/install/share/ardupilot_gazebo/models/sr75_zephyr_physics_backup_phase1/materials/textures
-- Installing: /mnt/e/ardupilot_dev/ardupilot_gazebo/install/share/ardupilot_gazebo/models/sr75_zephyr_physics_backup_phase1/materials/textures/wing.png
-- Installing: /mnt/e/ardupilot_dev/ardupilot_gazebo/install/share/ardupilot_gazebo/models/sr75_zephyr_physics_backup_phase1/meshes
-- Installing: /mnt/e/ardupilot_dev/ardupilot_gazebo/install/share/ardupilot_gazebo/models/sr75_zephyr_physics_backup_phase1/meshes/parachute_small.dae
-- Installing: /mnt/e/ardupilot_dev/ardupilot_gazebo/install/share/ardupilot_gazebo/models/sr75_zephyr_physics_backup_phase1/meshes/Skyreaper_Base_model.STL
-- Installing: /mnt/e/ardupilot_dev/ardupilot_gazebo/install/share/ardupilot_gazebo/models/sr75_zephyr_physics_backup_phase1/meshes/wing.dae
-- Installing: /mnt/e/ardupilot_dev/ardupilot_gazebo/install/share/ardupilot_gazebo/models/sr75_zephyr_physics_backup_phase1/model.config
-- Installing: /mnt/e/ardupilot_dev/ardupilot_gazebo/install/share/ardupilot_gazebo/models/sr75_zephyr_physics_backup_phase1/model.sdf
-- Installing: /mnt/e/ardupilot_dev/ardupilot_gazebo/install/share/ardupilot_gazebo/models/sr75_zephyr_physics_backup_phase1/thumbnails
-- Installing: /mnt/e/ardupilot_dev/ardupilot_gazebo/install/share/ardupilot_gazebo/models/sr75_zephyr_physics_backup_phase1/thumbnails/1.png
-- Installing: /mnt/e/ardupilot_dev/ardupilot_gazebo/install/share/ardupilot_gazebo/models/sr75_zephyr_physics_backup_phase1/thumbnails/2.png
-- Installing: /mnt/e/ardupilot_dev/ardupilot_gazebo/install/share/ardupilot_gazebo/models/sr75_zephyr_physics_backup_phase1/thumbnails/3.png
-- Installing: /mnt/e/ardupilot_dev/ardupilot_gazebo/install/share/ardupilot_gazebo/models/sr75_zephyr_physics_backup_phase1/thumbnails/4.png
-- Installing: /mnt/e/ardupilot_dev/ardupilot_gazebo/install/share/ardupilot_gazebo/models/sr75_zephyr_physics_backup_phase1/thumbnails/5.png
-- Installing: /mnt/e/ardupilot_dev/ardupilot_gazebo/install/share/ardupilot_gazebo/models/sr75_zephyr_physics_backup_phase2
-- Installing: /mnt/e/ardupilot_dev/ardupilot_gazebo/install/share/ardupilot_gazebo/models/sr75_zephyr_physics_backup_phase2/materials
-- Installing: /mnt/e/ardupilot_dev/ardupilot_gazebo/install/share/ardupilot_gazebo/models/sr75_zephyr_physics_backup_phase2/materials/textures
-- Installing: /mnt/e/ardupilot_dev/ardupilot_gazebo/install/share/ardupilot_gazebo/models/sr75_zephyr_physics_backup_phase2/materials/textures/wing.png
-- Installing: /mnt/e/ardupilot_dev/ardupilot_gazebo/install/share/ardupilot_gazebo/models/sr75_zephyr_physics_backup_phase2/meshes
-- Installing: /mnt/e/ardupilot_dev/ardupilot_gazebo/install/share/ardupilot_gazebo/models/sr75_zephyr_physics_backup_phase2/meshes/parachute_small.dae
-- Installing: /mnt/e/ardupilot_dev/ardupilot_gazebo/install/share/ardupilot_gazebo/models/sr75_zephyr_physics_backup_phase2/meshes/Skyreaper_Base_model.STL
-- Installing: /mnt/e/ardupilot_dev/ardupilot_gazebo/install/share/ardupilot_gazebo/models/sr75_zephyr_physics_backup_phase2/meshes/wing.dae
-- Installing: /mnt/e/ardupilot_dev/ardupilot_gazebo/install/share/ardupilot_gazebo/models/sr75_zephyr_physics_backup_phase2/model.config
-- Installing: /mnt/e/ardupilot_dev/ardupilot_gazebo/install/share/ardupilot_gazebo/models/sr75_zephyr_physics_backup_phase2/model.sdf
-- Installing: /mnt/e/ardupilot_dev/ardupilot_gazebo/install/share/ardupilot_gazebo/models/sr75_zephyr_physics_backup_phase2/thumbnails
-- Installing: /mnt/e/ardupilot_dev/ardupilot_gazebo/install/share/ardupilot_gazebo/models/sr75_zephyr_physics_backup_phase2/thumbnails/1.png
-- Installing: /mnt/e/ardupilot_dev/ardupilot_gazebo/install/share/ardupilot_gazebo/models/sr75_zephyr_physics_backup_phase2/thumbnails/2.png
-- Installing: /mnt/e/ardupilot_dev/ardupilot_gazebo/install/share/ardupilot_gazebo/models/sr75_zephyr_physics_backup_phase2/thumbnails/3.png
-- Installing: /mnt/e/ardupilot_dev/ardupilot_gazebo/install/share/ardupilot_gazebo/models/sr75_zephyr_physics_backup_phase2/thumbnails/4.png
-- Installing: /mnt/e/ardupilot_dev/ardupilot_gazebo/install/share/ardupilot_gazebo/models/sr75_zephyr_physics_backup_phase2/thumbnails/5.png
-- Installing: /mnt/e/ardupilot_dev/ardupilot_gazebo/install/share/ardupilot_gazebo/models/sr75_zephyr_physics_backup_phase3
-- Installing: /mnt/e/ardupilot_dev/ardupilot_gazebo/install/share/ardupilot_gazebo/models/sr75_zephyr_physics_backup_phase3/materials
-- Installing: /mnt/e/ardupilot_dev/ardupilot_gazebo/install/share/ardupilot_gazebo/models/sr75_zephyr_physics_backup_phase3/materials/textures
-- Installing: /mnt/e/ardupilot_dev/ardupilot_gazebo/install/share/ardupilot_gazebo/models/sr75_zephyr_physics_backup_phase3/materials/textures/wing.png
-- Installing: /mnt/e/ardupilot_dev/ardupilot_gazebo/install/share/ardupilot_gazebo/models/sr75_zephyr_physics_backup_phase3/meshes
-- Installing: /mnt/e/ardupilot_dev/ardupilot_gazebo/install/share/ardupilot_gazebo/models/sr75_zephyr_physics_backup_phase3/meshes/parachute_small.dae
-- Installing: /mnt/e/ardupilot_dev/ardupilot_gazebo/install/share/ardupilot_gazebo/models/sr75_zephyr_physics_backup_phase3/meshes/Skyreaper_Base_model.STL
-- Installing: /mnt/e/ardupilot_dev/ardupilot_gazebo/install/share/ardupilot_gazebo/models/sr75_zephyr_physics_backup_phase3/meshes/wing.dae
-- Installing: /mnt/e/ardupilot_dev/ardupilot_gazebo/install/share/ardupilot_gazebo/models/sr75_zephyr_physics_backup_phase3/model.config
-- Installing: /mnt/e/ardupilot_dev/ardupilot_gazebo/install/share/ardupilot_gazebo/models/sr75_zephyr_physics_backup_phase3/model.sdf
-- Installing: /mnt/e/ardupilot_dev/ardupilot_gazebo/install/share/ardupilot_gazebo/models/sr75_zephyr_physics_backup_phase3/thumbnails
-- Installing: /mnt/e/ardupilot_dev/ardupilot_gazebo/install/share/ardupilot_gazebo/models/sr75_zephyr_physics_backup_phase3/thumbnails/1.png
-- Installing: /mnt/e/ardupilot_dev/ardupilot_gazebo/install/share/ardupilot_gazebo/models/sr75_zephyr_physics_backup_phase3/thumbnails/2.png
-- Installing: /mnt/e/ardupilot_dev/ardupilot_gazebo/install/share/ardupilot_gazebo/models/sr75_zephyr_physics_backup_phase3/thumbnails/3.png
-- Installing: /mnt/e/ardupilot_dev/ardupilot_gazebo/install/share/ardupilot_gazebo/models/sr75_zephyr_physics_backup_phase3/thumbnails/4.png
-- Installing: /mnt/e/ardupilot_dev/ardupilot_gazebo/install/share/ardupilot_gazebo/models/sr75_zephyr_physics_backup_phase3/thumbnails/5.png
-- Installing: /mnt/e/ardupilot_dev/ardupilot_gazebo/install/share/ardupilot_gazebo/models/zephyr
-- Installing: /mnt/e/ardupilot_dev/ardupilot_gazebo/install/share/ardupilot_gazebo/models/zephyr/materials
-- Installing: /mnt/e/ardupilot_dev/ardupilot_gazebo/install/share/ardupilot_gazebo/models/zephyr/materials/textures
-- Installing: /mnt/e/ardupilot_dev/ardupilot_gazebo/install/share/ardupilot_gazebo/models/zephyr/materials/textures/wing.png
-- Installing: /mnt/e/ardupilot_dev/ardupilot_gazebo/install/share/ardupilot_gazebo/models/zephyr/meshes
-- Installing: /mnt/e/ardupilot_dev/ardupilot_gazebo/install/share/ardupilot_gazebo/models/zephyr/meshes/parachute_small.dae
-- Installing: /mnt/e/ardupilot_dev/ardupilot_gazebo/install/share/ardupilot_gazebo/models/zephyr/meshes/wing.dae
-- Installing: /mnt/e/ardupilot_dev/ardupilot_gazebo/install/share/ardupilot_gazebo/models/zephyr/model.config
-- Installing: /mnt/e/ardupilot_dev/ardupilot_gazebo/install/share/ardupilot_gazebo/models/zephyr/model.sdf
-- Installing: /mnt/e/ardupilot_dev/ardupilot_gazebo/install/share/ardupilot_gazebo/models/zephyr/thumbnails
-- Installing: /mnt/e/ardupilot_dev/ardupilot_gazebo/install/share/ardupilot_gazebo/models/zephyr/thumbnails/1.png
-- Installing: /mnt/e/ardupilot_dev/ardupilot_gazebo/install/share/ardupilot_gazebo/models/zephyr/thumbnails/2.png
-- Installing: /mnt/e/ardupilot_dev/ardupilot_gazebo/install/share/ardupilot_gazebo/models/zephyr/thumbnails/3.png
-- Installing: /mnt/e/ardupilot_dev/ardupilot_gazebo/install/share/ardupilot_gazebo/models/zephyr/thumbnails/4.png
-- Installing: /mnt/e/ardupilot_dev/ardupilot_gazebo/install/share/ardupilot_gazebo/models/zephyr/thumbnails/5.png
-- Installing: /mnt/e/ardupilot_dev/ardupilot_gazebo/install/share/ardupilot_gazebo/models/zephyr_with_ardupilot
-- Installing: /mnt/e/ardupilot_dev/ardupilot_gazebo/install/share/ardupilot_gazebo/models/zephyr_with_ardupilot/model.config
-- Installing: /mnt/e/ardupilot_dev/ardupilot_gazebo/install/share/ardupilot_gazebo/models/zephyr_with_ardupilot/model.sdf
-- Installing: /mnt/e/ardupilot_dev/ardupilot_gazebo/install/share/ardupilot_gazebo/models/zephyr_with_parachute
-- Installing: /mnt/e/ardupilot_dev/ardupilot_gazebo/install/share/ardupilot_gazebo/models/zephyr_with_parachute/model.config
-- Installing: /mnt/e/ardupilot_dev/ardupilot_gazebo/install/share/ardupilot_gazebo/models/zephyr_with_parachute/model.sdf
-- Installing: /mnt/e/ardupilot_dev/ardupilot_gazebo/install/share/ardupilot_gazebo/worlds
-- Installing: /mnt/e/ardupilot_dev/ardupilot_gazebo/install/share/ardupilot_gazebo/worlds/gimbal.sdf
-- Installing: /mnt/e/ardupilot_dev/ardupilot_gazebo/install/share/ardupilot_gazebo/worlds/iris_runway.sdf
-- Installing: /mnt/e/ardupilot_dev/ardupilot_gazebo/install/share/ardupilot_gazebo/worlds/iris_warehouse.sdf
-- Installing: /mnt/e/ardupilot_dev/ardupilot_gazebo/install/share/ardupilot_gazebo/worlds/sr75_runway.sdf
-- Installing: /mnt/e/ardupilot_dev/ardupilot_gazebo/install/share/ardupilot_gazebo/worlds/sr75_test_range.sdf
-- Installing: /mnt/e/ardupilot_dev/ardupilot_gazebo/install/share/ardupilot_gazebo/worlds/sr75_test_range_v1.sdf
-- Installing: /mnt/e/ardupilot_dev/ardupilot_gazebo/install/share/ardupilot_gazebo/worlds/zephyr_parachute.sdf
-- Installing: /mnt/e/ardupilot_dev/ardupilot_gazebo/install/share/ardupilot_gazebo/worlds/zephyr_runway.sdf
