[0.244s] Invoking command in '/mnt/f/ardupilot_dev/ardupilot_gazebo/build/ardupilot_gazebo': HISTTIMEFORMAT=%d/%m/%y %T /usr/bin/cmake --build /mnt/f/ardupilot_dev/ardupilot_gazebo/build/ardupilot_gazebo -- -j20 -l20
[0.459s] [35m[1mConsolidate compiler generated dependencies of target ArduPilotPlugin[0m
[0.649s] [ 60%] Built target GstCameraPlugin
[0.650s] [ 60%] Built target CameraZoomPlugin
[0.655s] [ 60%] Built target ParachutePlugin
[1.028s] [ 70%] [32mBuilding CXX object CMakeFiles/ArduPilotPlugin.dir/src/ArduPilotPlugin.cc.o[0m
[7.777s] [ 80%] [32m[1mLinking CXX shared library libArduPilotPlugin.so[0m
[10.086s] [100%] Built target ArduPilotPlugin
[10.274s] Invoked command in '/mnt/f/ardupilot_dev/ardupilot_gazebo/build/ardupilot_gazebo' returned '0': HISTTIMEFORMAT=%d/%m/%y %T /usr/bin/cmake --build /mnt/f/ardupilot_dev/ardupilot_gazebo/build/ardupilot_gazebo -- -j20 -l20
[10.293s] Invoking command in '/mnt/f/ardupilot_dev/ardupilot_gazebo/build/ardupilot_gazebo': HISTTIMEFORMAT=%d/%m/%y %T /usr/bin/cmake --install /mnt/f/ardupilot_dev/ardupilot_gazebo/build/ardupilot_gazebo
[10.308s] -- Install configuration: ""
[10.338s] -- Installing: /mnt/f/ardupilot_dev/ardupilot_gazebo/install/lib/ardupilot_gazebo/libArduPilotPlugin.so
[10.766s] -- Installing: /mnt/f/ardupilot_dev/ardupilot_gazebo/install/lib/ardupilot_gazebo/libParachutePlugin.so
[11.199s] -- Installing: /mnt/f/ardupilot_dev/ardupilot_gazebo/install/lib/ardupilot_gazebo/libCameraZoomPlugin.so
[11.557s] -- Installing: /mnt/f/ardupilot_dev/ardupilot_gazebo/install/lib/ardupilot_gazebo/libGstCameraPlugin.so
[11.854s] -- Installing: /mnt/f/ardupilot_dev/ardupilot_gazebo/install/share/ardupilot_gazebo/config
[11.888s] -- Installing: /mnt/f/ardupilot_dev/ardupilot_gazebo/install/share/ardupilot_gazebo/config/gazebo-iris-gimbal.parm
[12.187s] -- Installing: /mnt/f/ardupilot_dev/ardupilot_gazebo/install/share/ardupilot_gazebo/models
[12.251s] -- Installing: /mnt/f/ardupilot_dev/ardupilot_gazebo/install/share/ardupilot_gazebo/models/gimbal_small_1d
[12.294s] -- Installing: /mnt/f/ardupilot_dev/ardupilot_gazebo/install/share/ardupilot_gazebo/models/gimbal_small_1d/meshes
[12.347s] -- Installing: /mnt/f/ardupilot_dev/ardupilot_gazebo/install/share/ardupilot_gazebo/models/gimbal_small_1d/meshes/base_arm.dae
[13.055s] -- Installing: /mnt/f/ardupilot_dev/ardupilot_gazebo/install/share/ardupilot_gazebo/models/gimbal_small_1d/meshes/base_main.dae
[13.940s] -- Installing: /mnt/f/ardupilot_dev/ardupilot_gazebo/install/share/ardupilot_gazebo/models/gimbal_small_1d/meshes/tilt.dae
[14.532s] -- Installing: /mnt/f/ardupilot_dev/ardupilot_gazebo/install/share/ardupilot_gazebo/models/gimbal_small_1d/model.config
[14.841s] -- Installing: /mnt/f/ardupilot_dev/ardupilot_gazebo/install/share/ardupilot_gazebo/models/gimbal_small_1d/model.sdf
[15.063s] -- Installing: /mnt/f/ardupilot_dev/ardupilot_gazebo/install/share/ardupilot_gazebo/models/gimbal_small_2d
[15.128s] -- Installing: /mnt/f/ardupilot_dev/ardupilot_gazebo/install/share/ardupilot_gazebo/models/gimbal_small_2d/meshes
[15.200s] -- Installing: /mnt/f/ardupilot_dev/ardupilot_gazebo/install/share/ardupilot_gazebo/models/gimbal_small_2d/meshes/base_arm.dae
[15.807s] -- Installing: /mnt/f/ardupilot_dev/ardupilot_gazebo/install/share/ardupilot_gazebo/models/gimbal_small_2d/meshes/base_main.dae
[16.767s] -- Installing: /mnt/f/ardupilot_dev/ardupilot_gazebo/install/share/ardupilot_gazebo/models/gimbal_small_2d/meshes/tilt.dae
[17.404s] -- Installing: /mnt/f/ardupilot_dev/ardupilot_gazebo/install/share/ardupilot_gazebo/models/gimbal_small_2d/model.config
[17.756s] -- Installing: /mnt/f/ardupilot_dev/ardupilot_gazebo/install/share/ardupilot_gazebo/models/gimbal_small_2d/model.sdf
[17.900s] -- Installing: /mnt/f/ardupilot_dev/ardupilot_gazebo/install/share/ardupilot_gazebo/models/gimbal_small_3d
[17.935s] -- Installing: /mnt/f/ardupilot_dev/ardupilot_gazebo/install/share/ardupilot_gazebo/models/gimbal_small_3d/meshes
[17.985s] -- Installing: /mnt/f/ardupilot_dev/ardupilot_gazebo/install/share/ardupilot_gazebo/models/gimbal_small_3d/meshes/base_plate.dae
[18.951s] -- Installing: /mnt/f/ardupilot_dev/ardupilot_gazebo/install/share/ardupilot_gazebo/models/gimbal_small_3d/meshes/camera_enclosure.dae
[19.267s] -- Installing: /mnt/f/ardupilot_dev/ardupilot_gazebo/install/share/ardupilot_gazebo/models/gimbal_small_3d/meshes/roll_arm.dae
[19.705s] -- Installing: /mnt/f/ardupilot_dev/ardupilot_gazebo/install/share/ardupilot_gazebo/models/gimbal_small_3d/meshes/yaw_arm.dae
[20.091s] -- Installing: /mnt/f/ardupilot_dev/ardupilot_gazebo/install/share/ardupilot_gazebo/models/gimbal_small_3d/model.config
[20.432s] -- Installing: /mnt/f/ardupilot_dev/ardupilot_gazebo/install/share/ardupilot_gazebo/models/gimbal_small_3d/model.sdf
[20.569s] -- Installing: /mnt/f/ardupilot_dev/ardupilot_gazebo/install/share/ardupilot_gazebo/models/iris_with_ardupilot
[20.603s] -- Installing: /mnt/f/ardupilot_dev/ardupilot_gazebo/install/share/ardupilot_gazebo/models/iris_with_ardupilot/model.config
[20.740s] -- Installing: /mnt/f/ardupilot_dev/ardupilot_gazebo/install/share/ardupilot_gazebo/models/iris_with_ardupilot/model.sdf
[20.886s] -- Installing: /mnt/f/ardupilot_dev/ardupilot_gazebo/install/share/ardupilot_gazebo/models/iris_with_gimbal
[20.924s] -- Installing: /mnt/f/ardupilot_dev/ardupilot_gazebo/install/share/ardupilot_gazebo/models/iris_with_gimbal/model.config
[21.069s] -- Installing: /mnt/f/ardupilot_dev/ardupilot_gazebo/install/share/ardupilot_gazebo/models/iris_with_gimbal/model.sdf
[21.198s] -- Installing: /mnt/f/ardupilot_dev/ardupilot_gazebo/install/share/ardupilot_gazebo/models/iris_with_standoffs
[21.243s] -- Installing: /mnt/f/ardupilot_dev/ardupilot_gazebo/install/share/ardupilot_gazebo/models/iris_with_standoffs/meshes
[21.279s] -- Installing: /mnt/f/ardupilot_dev/ardupilot_gazebo/install/share/ardupilot_gazebo/models/iris_with_standoffs/meshes/iris.dae
[24.381s] -- Installing: /mnt/f/ardupilot_dev/ardupilot_gazebo/install/share/ardupilot_gazebo/models/iris_with_standoffs/meshes/iris_collision.stl
[24.618s] -- Installing: /mnt/f/ardupilot_dev/ardupilot_gazebo/install/share/ardupilot_gazebo/models/iris_with_standoffs/meshes/iris_prop_ccw.dae
[24.833s] -- Installing: /mnt/f/ardupilot_dev/ardupilot_gazebo/install/share/ardupilot_gazebo/models/iris_with_standoffs/meshes/iris_prop_cw.dae
[25.043s] -- Installing: /mnt/f/ardupilot_dev/ardupilot_gazebo/install/share/ardupilot_gazebo/models/iris_with_standoffs/model.config
[25.278s] -- Installing: /mnt/f/ardupilot_dev/ardupilot_gazebo/install/share/ardupilot_gazebo/models/iris_with_standoffs/model.sdf
[25.422s] -- Installing: /mnt/f/ardupilot_dev/ardupilot_gazebo/install/share/ardupilot_gazebo/models/parachute_small
[25.454s] -- Installing: /mnt/f/ardupilot_dev/ardupilot_gazebo/install/share/ardupilot_gazebo/models/parachute_small/meshes
[25.492s] -- Installing: /mnt/f/ardupilot_dev/ardupilot_gazebo/install/share/ardupilot_gazebo/models/parachute_small/meshes/parachute_small.dae
[25.714s] -- Installing: /mnt/f/ardupilot_dev/ardupilot_gazebo/install/share/ardupilot_gazebo/models/parachute_small/model.config
[25.977s] -- Installing: /mnt/f/ardupilot_dev/ardupilot_gazebo/install/share/ardupilot_gazebo/models/parachute_small/model.sdf
[26.110s] -- Installing: /mnt/f/ardupilot_dev/ardupilot_gazebo/install/share/ardupilot_gazebo/models/runway
[26.146s] -- Installing: /mnt/f/ardupilot_dev/ardupilot_gazebo/install/share/ardupilot_gazebo/models/runway/materials
[26.182s] -- Installing: /mnt/f/ardupilot_dev/ardupilot_gazebo/install/share/ardupilot_gazebo/models/runway/materials/textures
[26.219s] -- Installing: /mnt/f/ardupilot_dev/ardupilot_gazebo/install/share/ardupilot_gazebo/models/runway/materials/textures/Grass004_2K_AmbientOcclusion.jpg
[30.896s] -- Installing: /mnt/f/ardupilot_dev/ardupilot_gazebo/install/share/ardupilot_gazebo/models/runway/materials/textures/Grass004_2K_Color copy.jpg
[43.244s] -- Installing: /mnt/f/ardupilot_dev/ardupilot_gazebo/install/share/ardupilot_gazebo/models/runway/materials/textures/Grass004_2K_Color.jpg
[44.828s] -- Installing: /mnt/f/ardupilot_dev/ardupilot_gazebo/install/share/ardupilot_gazebo/models/runway/materials/textures/Grass004_2K_Displacement.jpg
[49.724s] -- Installing: /mnt/f/ardupilot_dev/ardupilot_gazebo/install/share/ardupilot_gazebo/models/runway/materials/textures/Grass004_2K_NormalGL.jpg
[64.150s] -- Installing: /mnt/f/ardupilot_dev/ardupilot_gazebo/install/share/ardupilot_gazebo/models/runway/materials/textures/Grass004_2K_Roughness.jpg
[68.442s] -- Installing: /mnt/f/ardupilot_dev/ardupilot_gazebo/install/share/ardupilot_gazebo/models/runway/materials/textures/runway.png
[68.620s] -- Installing: /mnt/f/ardupilot_dev/ardupilot_gazebo/install/share/ardupilot_gazebo/models/runway/meshes
[68.657s] -- Installing: /mnt/f/ardupilot_dev/ardupilot_gazebo/install/share/ardupilot_gazebo/models/runway/meshes/airfield.dae
[68.972s] -- Installing: /mnt/f/ardupilot_dev/ardupilot_gazebo/install/share/ardupilot_gazebo/models/runway/model.config
[69.221s] -- Installing: /mnt/f/ardupilot_dev/ardupilot_gazebo/install/share/ardupilot_gazebo/models/runway/model.sdf
[69.344s] -- Installing: /mnt/f/ardupilot_dev/ardupilot_gazebo/install/share/ardupilot_gazebo/models/sr75
[69.393s] -- Installing: /mnt/f/ardupilot_dev/ardupilot_gazebo/install/share/ardupilot_gazebo/models/sr75/materials
[69.477s] -- Installing: /mnt/f/ardupilot_dev/ardupilot_gazebo/install/share/ardupilot_gazebo/models/sr75/materials/textures
[69.536s] -- Installing: /mnt/f/ardupilot_dev/ardupilot_gazebo/install/share/ardupilot_gazebo/models/sr75/materials/textures/wing.png
[69.955s] -- Installing: /mnt/f/ardupilot_dev/ardupilot_gazebo/install/share/ardupilot_gazebo/models/sr75/meshes
[69.995s] -- Installing: /mnt/f/ardupilot_dev/ardupilot_gazebo/install/share/ardupilot_gazebo/models/sr75/meshes/parachute_small.dae
[70.261s] -- Installing: /mnt/f/ardupilot_dev/ardupilot_gazebo/install/share/ardupilot_gazebo/models/sr75/meshes/wing.dae
[70.433s] -- Installing: /mnt/f/ardupilot_dev/ardupilot_gazebo/install/share/ardupilot_gazebo/models/sr75/model.config
[70.793s] -- Installing: /mnt/f/ardupilot_dev/ardupilot_gazebo/install/share/ardupilot_gazebo/models/sr75/model.sdf
[70.929s] -- Installing: /mnt/f/ardupilot_dev/ardupilot_gazebo/install/share/ardupilot_gazebo/models/sr75/thumbnails
[70.969s] -- Installing: /mnt/f/ardupilot_dev/ardupilot_gazebo/install/share/ardupilot_gazebo/models/sr75/thumbnails/1.png
[71.118s] -- Installing: /mnt/f/ardupilot_dev/ardupilot_gazebo/install/share/ardupilot_gazebo/models/sr75/thumbnails/2.png
[71.288s] -- Installing: /mnt/f/ardupilot_dev/ardupilot_gazebo/install/share/ardupilot_gazebo/models/sr75/thumbnails/3.png
[71.491s] -- Installing: /mnt/f/ardupilot_dev/ardupilot_gazebo/install/share/ardupilot_gazebo/models/sr75/thumbnails/4.png
[71.766s] -- Installing: /mnt/f/ardupilot_dev/ardupilot_gazebo/install/share/ardupilot_gazebo/models/sr75/thumbnails/5.png
[71.938s] -- Installing: /mnt/f/ardupilot_dev/ardupilot_gazebo/install/share/ardupilot_gazebo/models/sr75_skyreaper
[71.970s] -- Installing: /mnt/f/ardupilot_dev/ardupilot_gazebo/install/share/ardupilot_gazebo/models/sr75_skyreaper/meshes
[72.009s] -- Installing: /mnt/f/ardupilot_dev/ardupilot_gazebo/install/share/ardupilot_gazebo/models/sr75_skyreaper/meshes/Skyreaper_Base_model.STL
[74.360s] -- Installing: /mnt/f/ardupilot_dev/ardupilot_gazebo/install/share/ardupilot_gazebo/models/sr75_skyreaper/model.config
[74.645s] -- Installing: /mnt/f/ardupilot_dev/ardupilot_gazebo/install/share/ardupilot_gazebo/models/sr75_skyreaper/model.sdf
[74.789s] -- Installing: /mnt/f/ardupilot_dev/ardupilot_gazebo/install/share/ardupilot_gazebo/models/sr75_skyreaper_with_ardupilot
[74.831s] -- Installing: /mnt/f/ardupilot_dev/ardupilot_gazebo/install/share/ardupilot_gazebo/models/sr75_skyreaper_with_ardupilot/model.config
[75.135s] -- Installing: /mnt/f/ardupilot_dev/ardupilot_gazebo/install/share/ardupilot_gazebo/models/sr75_skyreaper_with_ardupilot/model.sdf
[75.342s] -- Installing: /mnt/f/ardupilot_dev/ardupilot_gazebo/install/share/ardupilot_gazebo/models/sr75_skyreaper_with_ardupilot_backup_phase3
[75.376s] -- Installing: /mnt/f/ardupilot_dev/ardupilot_gazebo/install/share/ardupilot_gazebo/models/sr75_skyreaper_with_ardupilot_backup_phase3/model.config
[75.683s] -- Installing: /mnt/f/ardupilot_dev/ardupilot_gazebo/install/share/ardupilot_gazebo/models/sr75_skyreaper_with_ardupilot_backup_phase3/model.sdf
[75.851s] -- Installing: /mnt/f/ardupilot_dev/ardupilot_gazebo/install/share/ardupilot_gazebo/models/sr75_with_ardupilot
[75.890s] -- Installing: /mnt/f/ardupilot_dev/ardupilot_gazebo/install/share/ardupilot_gazebo/models/sr75_with_ardupilot/meshes
[75.935s] -- Installing: /mnt/f/ardupilot_dev/ardupilot_gazebo/install/share/ardupilot_gazebo/models/sr75_with_ardupilot/meshes/Skyreaper_Base_model.STL
[78.427s] -- Installing: /mnt/f/ardupilot_dev/ardupilot_gazebo/install/share/ardupilot_gazebo/models/sr75_with_ardupilot/model.config
[78.704s] -- Installing: /mnt/f/ardupilot_dev/ardupilot_gazebo/install/share/ardupilot_gazebo/models/sr75_with_ardupilot/model.sdf
[78.840s] -- Installing: /mnt/f/ardupilot_dev/ardupilot_gazebo/install/share/ardupilot_gazebo/models/sr75_zephyr_physics
[78.876s] -- Installing: /mnt/f/ardupilot_dev/ardupilot_gazebo/install/share/ardupilot_gazebo/models/sr75_zephyr_physics/materials
[78.910s] -- Installing: /mnt/f/ardupilot_dev/ardupilot_gazebo/install/share/ardupilot_gazebo/models/sr75_zephyr_physics/materials/textures
[78.949s] -- Installing: /mnt/f/ardupilot_dev/ardupilot_gazebo/install/share/ardupilot_gazebo/models/sr75_zephyr_physics/materials/textures/wing.png
[79.327s] -- Installing: /mnt/f/ardupilot_dev/ardupilot_gazebo/install/share/ardupilot_gazebo/models/sr75_zephyr_physics/meshes
[79.365s] -- Installing: /mnt/f/ardupilot_dev/ardupilot_gazebo/install/share/ardupilot_gazebo/models/sr75_zephyr_physics/meshes/parachute_small.dae
[79.593s] -- Installing: /mnt/f/ardupilot_dev/ardupilot_gazebo/install/share/ardupilot_gazebo/models/sr75_zephyr_physics/meshes/Skyreaper_Base_model.STL
[82.231s] -- Installing: /mnt/f/ardupilot_dev/ardupilot_gazebo/install/share/ardupilot_gazebo/models/sr75_zephyr_physics/meshes/wing.dae
[82.400s] -- Installing: /mnt/f/ardupilot_dev/ardupilot_gazebo/install/share/ardupilot_gazebo/models/sr75_zephyr_physics/model.config
[82.649s] -- Installing: /mnt/f/ardupilot_dev/ardupilot_gazebo/install/share/ardupilot_gazebo/models/sr75_zephyr_physics/model.sdf
[82.819s] -- Installing: /mnt/f/ardupilot_dev/ardupilot_gazebo/install/share/ardupilot_gazebo/models/sr75_zephyr_physics/thumbnails
[82.858s] -- Installing: /mnt/f/ardupilot_dev/ardupilot_gazebo/install/share/ardupilot_gazebo/models/sr75_zephyr_physics/thumbnails/1.png
[83.027s] -- Installing: /mnt/f/ardupilot_dev/ardupilot_gazebo/install/share/ardupilot_gazebo/models/sr75_zephyr_physics/thumbnails/2.png
[83.171s] -- Installing: /mnt/f/ardupilot_dev/ardupilot_gazebo/install/share/ardupilot_gazebo/models/sr75_zephyr_physics/thumbnails/3.png
[83.318s] -- Installing: /mnt/f/ardupilot_dev/ardupilot_gazebo/install/share/ardupilot_gazebo/models/sr75_zephyr_physics/thumbnails/4.png
[83.481s] -- Installing: /mnt/f/ardupilot_dev/ardupilot_gazebo/install/share/ardupilot_gazebo/models/sr75_zephyr_physics/thumbnails/5.png
[83.669s] -- Installing: /mnt/f/ardupilot_dev/ardupilot_gazebo/install/share/ardupilot_gazebo/models/sr75_zephyr_physics_backup_phase1
[83.740s] -- Installing: /mnt/f/ardupilot_dev/ardupilot_gazebo/install/share/ardupilot_gazebo/models/sr75_zephyr_physics_backup_phase1/materials
[83.839s] -- Installing: /mnt/f/ardupilot_dev/ardupilot_gazebo/install/share/ardupilot_gazebo/models/sr75_zephyr_physics_backup_phase1/materials/textures
[83.907s] -- Installing: /mnt/f/ardupilot_dev/ardupilot_gazebo/install/share/ardupilot_gazebo/models/sr75_zephyr_physics_backup_phase1/materials/textures/wing.png
[84.305s] -- Installing: /mnt/f/ardupilot_dev/ardupilot_gazebo/install/share/ardupilot_gazebo/models/sr75_zephyr_physics_backup_phase1/meshes
[84.343s] -- Installing: /mnt/f/ardupilot_dev/ardupilot_gazebo/install/share/ardupilot_gazebo/models/sr75_zephyr_physics_backup_phase1/meshes/parachute_small.dae
[84.558s] -- Installing: /mnt/f/ardupilot_dev/ardupilot_gazebo/install/share/ardupilot_gazebo/models/sr75_zephyr_physics_backup_phase1/meshes/Skyreaper_Base_model.STL
[86.891s] -- Installing: /mnt/f/ardupilot_dev/ardupilot_gazebo/install/share/ardupilot_gazebo/models/sr75_zephyr_physics_backup_phase1/meshes/wing.dae
[87.129s] -- Installing: /mnt/f/ardupilot_dev/ardupilot_gazebo/install/share/ardupilot_gazebo/models/sr75_zephyr_physics_backup_phase1/model.config
[87.458s] -- Installing: /mnt/f/ardupilot_dev/ardupilot_gazebo/install/share/ardupilot_gazebo/models/sr75_zephyr_physics_backup_phase1/model.sdf
[87.597s] -- Installing: /mnt/f/ardupilot_dev/ardupilot_gazebo/install/share/ardupilot_gazebo/models/sr75_zephyr_physics_backup_phase1/thumbnails
[87.636s] -- Installing: /mnt/f/ardupilot_dev/ardupilot_gazebo/install/share/ardupilot_gazebo/models/sr75_zephyr_physics_backup_phase1/thumbnails/1.png
[87.799s] -- Installing: /mnt/f/ardupilot_dev/ardupilot_gazebo/install/share/ardupilot_gazebo/models/sr75_zephyr_physics_backup_phase1/thumbnails/2.png
[87.963s] -- Installing: /mnt/f/ardupilot_dev/ardupilot_gazebo/install/share/ardupilot_gazebo/models/sr75_zephyr_physics_backup_phase1/thumbnails/3.png
[88.111s] -- Installing: /mnt/f/ardupilot_dev/ardupilot_gazebo/install/share/ardupilot_gazebo/models/sr75_zephyr_physics_backup_phase1/thumbnails/4.png
[88.236s] -- Installing: /mnt/f/ardupilot_dev/ardupilot_gazebo/install/share/ardupilot_gazebo/models/sr75_zephyr_physics_backup_phase1/thumbnails/5.png
[88.367s] -- Installing: /mnt/f/ardupilot_dev/ardupilot_gazebo/install/share/ardupilot_gazebo/models/sr75_zephyr_physics_backup_phase2
[88.408s] -- Installing: /mnt/f/ardupilot_dev/ardupilot_gazebo/install/share/ardupilot_gazebo/models/sr75_zephyr_physics_backup_phase2/materials
[88.453s] -- Installing: /mnt/f/ardupilot_dev/ardupilot_gazebo/install/share/ardupilot_gazebo/models/sr75_zephyr_physics_backup_phase2/materials/textures
[88.508s] -- Installing: /mnt/f/ardupilot_dev/ardupilot_gazebo/install/share/ardupilot_gazebo/models/sr75_zephyr_physics_backup_phase2/materials/textures/wing.png
[88.911s] -- Installing: /mnt/f/ardupilot_dev/ardupilot_gazebo/install/share/ardupilot_gazebo/models/sr75_zephyr_physics_backup_phase2/meshes
[88.951s] -- Installing: /mnt/f/ardupilot_dev/ardupilot_gazebo/install/share/ardupilot_gazebo/models/sr75_zephyr_physics_backup_phase2/meshes/parachute_small.dae
[89.203s] -- Installing: /mnt/f/ardupilot_dev/ardupilot_gazebo/install/share/ardupilot_gazebo/models/sr75_zephyr_physics_backup_phase2/meshes/Skyreaper_Base_model.STL
[91.639s] -- Installing: /mnt/f/ardupilot_dev/ardupilot_gazebo/install/share/ardupilot_gazebo/models/sr75_zephyr_physics_backup_phase2/meshes/wing.dae
[91.806s] -- Installing: /mnt/f/ardupilot_dev/ardupilot_gazebo/install/share/ardupilot_gazebo/models/sr75_zephyr_physics_backup_phase2/model.config
[92.143s] -- Installing: /mnt/f/ardupilot_dev/ardupilot_gazebo/install/share/ardupilot_gazebo/models/sr75_zephyr_physics_backup_phase2/model.sdf
[92.316s] -- Installing: /mnt/f/ardupilot_dev/ardupilot_gazebo/install/share/ardupilot_gazebo/models/sr75_zephyr_physics_backup_phase2/thumbnails
[92.357s] -- Installing: /mnt/f/ardupilot_dev/ardupilot_gazebo/install/share/ardupilot_gazebo/models/sr75_zephyr_physics_backup_phase2/thumbnails/1.png
[92.513s] -- Installing: /mnt/f/ardupilot_dev/ardupilot_gazebo/install/share/ardupilot_gazebo/models/sr75_zephyr_physics_backup_phase2/thumbnails/2.png
[92.706s] -- Installing: /mnt/f/ardupilot_dev/ardupilot_gazebo/install/share/ardupilot_gazebo/models/sr75_zephyr_physics_backup_phase2/thumbnails/3.png
[92.873s] -- Installing: /mnt/f/ardupilot_dev/ardupilot_gazebo/install/share/ardupilot_gazebo/models/sr75_zephyr_physics_backup_phase2/thumbnails/4.png
[93.042s] -- Installing: /mnt/f/ardupilot_dev/ardupilot_gazebo/install/share/ardupilot_gazebo/models/sr75_zephyr_physics_backup_phase2/thumbnails/5.png
[93.180s] -- Installing: /mnt/f/ardupilot_dev/ardupilot_gazebo/install/share/ardupilot_gazebo/models/sr75_zephyr_physics_backup_phase3
[93.222s] -- Installing: /mnt/f/ardupilot_dev/ardupilot_gazebo/install/share/ardupilot_gazebo/models/sr75_zephyr_physics_backup_phase3/materials
[93.258s] -- Installing: /mnt/f/ardupilot_dev/ardupilot_gazebo/install/share/ardupilot_gazebo/models/sr75_zephyr_physics_backup_phase3/materials/textures
[93.312s] -- Installing: /mnt/f/ardupilot_dev/ardupilot_gazebo/install/share/ardupilot_gazebo/models/sr75_zephyr_physics_backup_phase3/materials/textures/wing.png
[93.723s] -- Installing: /mnt/f/ardupilot_dev/ardupilot_gazebo/install/share/ardupilot_gazebo/models/sr75_zephyr_physics_backup_phase3/meshes
[93.870s] -- Installing: /mnt/f/ardupilot_dev/ardupilot_gazebo/install/share/ardupilot_gazebo/models/sr75_zephyr_physics_backup_phase3/meshes/parachute_small.dae
[94.161s] -- Installing: /mnt/f/ardupilot_dev/ardupilot_gazebo/install/share/ardupilot_gazebo/models/sr75_zephyr_physics_backup_phase3/meshes/Skyreaper_Base_model.STL
[96.546s] -- Installing: /mnt/f/ardupilot_dev/ardupilot_gazebo/install/share/ardupilot_gazebo/models/sr75_zephyr_physics_backup_phase3/meshes/wing.dae
[96.752s] -- Installing: /mnt/f/ardupilot_dev/ardupilot_gazebo/install/share/ardupilot_gazebo/models/sr75_zephyr_physics_backup_phase3/model.config
[97.024s] -- Installing: /mnt/f/ardupilot_dev/ardupilot_gazebo/install/share/ardupilot_gazebo/models/sr75_zephyr_physics_backup_phase3/model.sdf
[97.221s] -- Installing: /mnt/f/ardupilot_dev/ardupilot_gazebo/install/share/ardupilot_gazebo/models/sr75_zephyr_physics_backup_phase3/thumbnails
[97.294s] -- Installing: /mnt/f/ardupilot_dev/ardupilot_gazebo/install/share/ardupilot_gazebo/models/sr75_zephyr_physics_backup_phase3/thumbnails/1.png
[97.462s] -- Installing: /mnt/f/ardupilot_dev/ardupilot_gazebo/install/share/ardupilot_gazebo/models/sr75_zephyr_physics_backup_phase3/thumbnails/2.png
[97.617s] -- Installing: /mnt/f/ardupilot_dev/ardupilot_gazebo/install/share/ardupilot_gazebo/models/sr75_zephyr_physics_backup_phase3/thumbnails/3.png
[97.781s] -- Installing: /mnt/f/ardupilot_dev/ardupilot_gazebo/install/share/ardupilot_gazebo/models/sr75_zephyr_physics_backup_phase3/thumbnails/4.png
[97.976s] -- Installing: /mnt/f/ardupilot_dev/ardupilot_gazebo/install/share/ardupilot_gazebo/models/sr75_zephyr_physics_backup_phase3/thumbnails/5.png
[98.123s] -- Installing: /mnt/f/ardupilot_dev/ardupilot_gazebo/install/share/ardupilot_gazebo/models/zephyr
[98.159s] -- Installing: /mnt/f/ardupilot_dev/ardupilot_gazebo/install/share/ardupilot_gazebo/models/zephyr/materials
[98.206s] -- Installing: /mnt/f/ardupilot_dev/ardupilot_gazebo/install/share/ardupilot_gazebo/models/zephyr/materials/textures
[98.245s] -- Installing: /mnt/f/ardupilot_dev/ardupilot_gazebo/install/share/ardupilot_gazebo/models/zephyr/materials/textures/wing.png
[98.553s] -- Installing: /mnt/f/ardupilot_dev/ardupilot_gazebo/install/share/ardupilot_gazebo/models/zephyr/meshes
[98.600s] -- Installing: /mnt/f/ardupilot_dev/ardupilot_gazebo/install/share/ardupilot_gazebo/models/zephyr/meshes/parachute_small.dae
[98.799s] -- Installing: /mnt/f/ardupilot_dev/ardupilot_gazebo/install/share/ardupilot_gazebo/models/zephyr/meshes/wing.dae
[99.018s] -- Installing: /mnt/f/ardupilot_dev/ardupilot_gazebo/install/share/ardupilot_gazebo/models/zephyr/model.config
[99.314s] -- Installing: /mnt/f/ardupilot_dev/ardupilot_gazebo/install/share/ardupilot_gazebo/models/zephyr/model.sdf
[99.456s] -- Installing: /mnt/f/ardupilot_dev/ardupilot_gazebo/install/share/ardupilot_gazebo/models/zephyr/thumbnails
[99.516s] -- Installing: /mnt/f/ardupilot_dev/ardupilot_gazebo/install/share/ardupilot_gazebo/models/zephyr/thumbnails/1.png
[99.678s] -- Installing: /mnt/f/ardupilot_dev/ardupilot_gazebo/install/share/ardupilot_gazebo/models/zephyr/thumbnails/2.png
[99.837s] -- Installing: /mnt/f/ardupilot_dev/ardupilot_gazebo/install/share/ardupilot_gazebo/models/zephyr/thumbnails/3.png
[99.990s] -- Installing: /mnt/f/ardupilot_dev/ardupilot_gazebo/install/share/ardupilot_gazebo/models/zephyr/thumbnails/4.png
[100.120s] -- Installing: /mnt/f/ardupilot_dev/ardupilot_gazebo/install/share/ardupilot_gazebo/models/zephyr/thumbnails/5.png
[100.264s] -- Installing: /mnt/f/ardupilot_dev/ardupilot_gazebo/install/share/ardupilot_gazebo/models/zephyr_with_ardupilot
[100.309s] -- Installing: /mnt/f/ardupilot_dev/ardupilot_gazebo/install/share/ardupilot_gazebo/models/zephyr_with_ardupilot/model.config
[101.307s] -- Installing: /mnt/f/ardupilot_dev/ardupilot_gazebo/install/share/ardupilot_gazebo/models/zephyr_with_ardupilot/model.sdf
[101.453s] -- Installing: /mnt/f/ardupilot_dev/ardupilot_gazebo/install/share/ardupilot_gazebo/models/zephyr_with_parachute
[101.489s] -- Installing: /mnt/f/ardupilot_dev/ardupilot_gazebo/install/share/ardupilot_gazebo/models/zephyr_with_parachute/model.config
[101.819s] -- Installing: /mnt/f/ardupilot_dev/ardupilot_gazebo/install/share/ardupilot_gazebo/models/zephyr_with_parachute/model.sdf
[101.969s] -- Installing: /mnt/f/ardupilot_dev/ardupilot_gazebo/install/share/ardupilot_gazebo/worlds
[102.007s] -- Installing: /mnt/f/ardupilot_dev/ardupilot_gazebo/install/share/ardupilot_gazebo/worlds/gimbal.sdf
[102.130s] -- Installing: /mnt/f/ardupilot_dev/ardupilot_gazebo/install/share/ardupilot_gazebo/worlds/iris_runway.sdf
[102.358s] -- Installing: /mnt/f/ardupilot_dev/ardupilot_gazebo/install/share/ardupilot_gazebo/worlds/iris_warehouse.sdf
[102.525s] -- Installing: /mnt/f/ardupilot_dev/ardupilot_gazebo/install/share/ardupilot_gazebo/worlds/sr75_runway.sdf
[102.662s] -- Installing: /mnt/f/ardupilot_dev/ardupilot_gazebo/install/share/ardupilot_gazebo/worlds/sr75_test_range.sdf
[102.782s] -- Installing: /mnt/f/ardupilot_dev/ardupilot_gazebo/install/share/ardupilot_gazebo/worlds/sr75_test_range_v1.sdf
[102.919s] -- Installing: /mnt/f/ardupilot_dev/ardupilot_gazebo/install/share/ardupilot_gazebo/worlds/zephyr_parachute.sdf
[103.066s] -- Installing: /mnt/f/ardupilot_dev/ardupilot_gazebo/install/share/ardupilot_gazebo/worlds/zephyr_runway.sdf
[103.207s] Invoked command in '/mnt/f/ardupilot_dev/ardupilot_gazebo/build/ardupilot_gazebo' returned '0': HISTTIMEFORMAT=%d/%m/%y %T /usr/bin/cmake --install /mnt/f/ardupilot_dev/ardupilot_gazebo/build/ardupilot_gazebo
