[0.235s] DEBUG:colcon:Command line arguments: ['/home/missi/.local/bin/colcon', 'build', '--merge-install']
[0.235s] DEBUG:colcon:Parsed command line arguments: Namespace(log_base=None, log_level=None, verb_name='build', build_base='build', install_base='install', merge_install=True, symlink_install=False, test_result_base=None, continue_on_error=False, executor='parallel', parallel_workers=20, event_handlers=None, ignore_user_meta=False, metas=['./colcon.meta'], base_paths=['.'], packages_ignore=None, packages_ignore_regex=None, paths=None, packages_up_to=None, packages_up_to_regex=None, packages_above=None, packages_above_and_dependencies=None, packages_above_depth=None, packages_select_by_dep=None, packages_skip_by_dep=None, packages_skip_up_to=None, packages_select_build_failed=False, packages_skip_build_finished=False, packages_select_test_failures=False, packages_skip_test_passed=False, packages_select=None, packages_skip=None, packages_select_regex=None, packages_skip_regex=None, packages_start=None, packages_end=None, cmake_args=None, cmake_target=None, cmake_target_skip_unavailable=False, cmake_clean_cache=False, cmake_clean_first=False, cmake_force_configure=False, ament_cmake_args=None, catkin_cmake_args=None, catkin_skip_building_tests=False, verb_parser=<colcon_defaults.argument_parser.defaults.DefaultArgumentsDecorator object at 0x74dae3bfbe50>, verb_extension=<colcon_core.verb.build.BuildVerb object at 0x74dae3bfb8b0>, main=<bound method BuildVerb.main of <colcon_core.verb.build.BuildVerb object at 0x74dae3bfb8b0>>)
[0.285s] Level 1:colcon.colcon_core.package_discovery:discover_packages(colcon_meta) check parameters
[0.286s] Level 1:colcon.colcon_core.package_discovery:discover_packages(recursive) check parameters
[0.286s] Level 1:colcon.colcon_core.package_discovery:discover_packages(ignore) check parameters
[0.286s] Level 1:colcon.colcon_core.package_discovery:discover_packages(path) check parameters
[0.286s] Level 1:colcon.colcon_core.package_discovery:discover_packages(colcon_meta) discover
[0.286s] Level 1:colcon.colcon_core.package_discovery:discover_packages(recursive) discover
[0.286s] INFO:colcon.colcon_core.package_discovery:Crawling recursively for packages in '/mnt/f/ardupilot_dev/ardupilot_gazebo'
[0.288s] Level 1:colcon.colcon_core.package_identification:_identify(.) by extensions ['ignore', 'ignore_ament_install']
[0.288s] Level 1:colcon.colcon_core.package_identification:_identify(.) by extension 'ignore'
[0.288s] Level 1:colcon.colcon_core.package_identification:_identify(.) by extension 'ignore_ament_install'
[0.289s] Level 1:colcon.colcon_core.package_identification:_identify(.) by extensions ['colcon_pkg']
[0.289s] Level 1:colcon.colcon_core.package_identification:_identify(.) by extension 'colcon_pkg'
[0.289s] Level 1:colcon.colcon_core.package_identification:_identify(.) by extensions ['colcon_meta']
[0.289s] Level 1:colcon.colcon_core.package_identification:_identify(.) by extension 'colcon_meta'
[0.289s] Level 1:colcon.colcon_core.package_identification:_identify(.) by extensions ['ros']
[0.290s] Level 1:colcon.colcon_core.package_identification:_identify(.) by extension 'ros'
[0.312s] DEBUG:colcon.colcon_core.package_identification:Package '.' with type 'ros.ament_cmake' and name 'ardupilot_gazebo'
[0.312s] Level 1:colcon.colcon_core.package_discovery:discover_packages(recursive) using defaults
[0.312s] Level 1:colcon.colcon_core.package_discovery:discover_packages(ignore) discover
[0.312s] Level 1:colcon.colcon_core.package_discovery:discover_packages(ignore) using defaults
[0.312s] Level 1:colcon.colcon_core.package_discovery:discover_packages(path) discover
[0.313s] Level 1:colcon.colcon_core.package_discovery:discover_packages(path) using defaults
[0.326s] Level 5:colcon.colcon_core.verb:set package 'ardupilot_gazebo' build argument 'cmake_args' from command line to 'None'
[0.326s] Level 5:colcon.colcon_core.verb:set package 'ardupilot_gazebo' build argument 'cmake_target' from command line to 'None'
[0.326s] Level 5:colcon.colcon_core.verb:set package 'ardupilot_gazebo' build argument 'cmake_target_skip_unavailable' from command line to 'False'
[0.326s] Level 5:colcon.colcon_core.verb:set package 'ardupilot_gazebo' build argument 'cmake_clean_cache' from command line to 'False'
[0.326s] Level 5:colcon.colcon_core.verb:set package 'ardupilot_gazebo' build argument 'cmake_clean_first' from command line to 'False'
[0.326s] Level 5:colcon.colcon_core.verb:set package 'ardupilot_gazebo' build argument 'cmake_force_configure' from command line to 'False'
[0.326s] Level 5:colcon.colcon_core.verb:set package 'ardupilot_gazebo' build argument 'ament_cmake_args' from command line to 'None'
[0.326s] Level 5:colcon.colcon_core.verb:set package 'ardupilot_gazebo' build argument 'catkin_cmake_args' from command line to 'None'
[0.327s] Level 5:colcon.colcon_core.verb:set package 'ardupilot_gazebo' build argument 'catkin_skip_building_tests' from command line to 'False'
[0.327s] DEBUG:colcon.colcon_core.verb:Building package 'ardupilot_gazebo' with the following arguments: {'ament_cmake_args': None, 'build_base': '/mnt/f/ardupilot_dev/ardupilot_gazebo/build/ardupilot_gazebo', 'catkin_cmake_args': None, 'catkin_skip_building_tests': False, 'cmake_args': None, 'cmake_clean_cache': False, 'cmake_clean_first': False, 'cmake_force_configure': False, 'cmake_target': None, 'cmake_target_skip_unavailable': False, 'install_base': '/mnt/f/ardupilot_dev/ardupilot_gazebo/install', 'merge_install': True, 'path': '/mnt/f/ardupilot_dev/ardupilot_gazebo', 'symlink_install': False, 'test_result_base': None}
[0.327s] INFO:colcon.colcon_core.executor:Executing jobs using 'parallel' executor
[0.328s] DEBUG:colcon.colcon_parallel_executor.executor.parallel:run_until_complete
[0.328s] INFO:colcon.colcon_ros.task.ament_cmake.build:Building ROS package in '/mnt/f/ardupilot_dev/ardupilot_gazebo' with build type 'ament_cmake'
[0.328s] INFO:colcon.colcon_cmake.task.cmake.build:Building CMake package in '/mnt/f/ardupilot_dev/ardupilot_gazebo'
[0.330s] INFO:colcon.colcon_core.plugin_system:Skipping extension 'colcon_core.shell.bat': Not used on non-Windows systems
[0.330s] INFO:colcon.colcon_core.shell:Skip shell extension 'powershell' for command environment: Not usable outside of PowerShell
[0.330s] DEBUG:colcon.colcon_core.shell:Skip shell extension 'dsv' for command environment
[0.626s] DEBUG:colcon.colcon_core.event_handler.log_command:Invoking command in '/mnt/f/ardupilot_dev/ardupilot_gazebo/build/ardupilot_gazebo': HISTTIMEFORMAT=%d/%m/%y %T /usr/bin/cmake --build /mnt/f/ardupilot_dev/ardupilot_gazebo/build/ardupilot_gazebo -- -j20 -l20
[1.507s] DEBUG:colcon.colcon_core.event_handler.log_command:Invoked command in '/mnt/f/ardupilot_dev/ardupilot_gazebo/build/ardupilot_gazebo' returned '0': HISTTIMEFORMAT=%d/%m/%y %T /usr/bin/cmake --build /mnt/f/ardupilot_dev/ardupilot_gazebo/build/ardupilot_gazebo -- -j20 -l20
[1.534s] DEBUG:colcon.colcon_core.event_handler.log_command:Invoking command in '/mnt/f/ardupilot_dev/ardupilot_gazebo/build/ardupilot_gazebo': HISTTIMEFORMAT=%d/%m/%y %T /usr/bin/cmake --install /mnt/f/ardupilot_dev/ardupilot_gazebo/build/ardupilot_gazebo
[6.593s] Level 1:colcon.colcon_core.environment:create_environment_scripts_only(ardupilot_gazebo)
[6.631s] Level 1:colcon.colcon_core.environment:checking '/mnt/f/ardupilot_dev/ardupilot_gazebo/install' for CMake module files
[6.652s] DEBUG:colcon.colcon_core.event_handler.log_command:Invoked command in '/mnt/f/ardupilot_dev/ardupilot_gazebo/build/ardupilot_gazebo' returned '0': HISTTIMEFORMAT=%d/%m/%y %T /usr/bin/cmake --install /mnt/f/ardupilot_dev/ardupilot_gazebo/build/ardupilot_gazebo
[6.663s] Level 1:colcon.colcon_core.environment:checking '/mnt/f/ardupilot_dev/ardupilot_gazebo/install' for CMake config files
[6.926s] Level 1:colcon.colcon_core.environment:checking '/mnt/f/ardupilot_dev/ardupilot_gazebo/install/lib'
[6.927s] Level 1:colcon.colcon_core.environment:checking '/mnt/f/ardupilot_dev/ardupilot_gazebo/install/bin'
[6.928s] Level 1:colcon.colcon_core.environment:checking '/mnt/f/ardupilot_dev/ardupilot_gazebo/install/lib/pkgconfig/ardupilot_gazebo.pc'
[6.931s] Level 1:colcon.colcon_core.environment:checking '/mnt/f/ardupilot_dev/ardupilot_gazebo/install/lib/python3.10/site-packages'
[6.932s] Level 1:colcon.colcon_core.environment:checking '/mnt/f/ardupilot_dev/ardupilot_gazebo/install/bin'
[6.932s] INFO:colcon.colcon_core.shell:Creating package script '/mnt/f/ardupilot_dev/ardupilot_gazebo/install/share/ardupilot_gazebo/package.ps1'
[6.960s] INFO:colcon.colcon_core.shell:Creating package descriptor '/mnt/f/ardupilot_dev/ardupilot_gazebo/install/share/ardupilot_gazebo/package.dsv'
[6.991s] INFO:colcon.colcon_core.shell:Creating package script '/mnt/f/ardupilot_dev/ardupilot_gazebo/install/share/ardupilot_gazebo/package.sh'
[7.038s] INFO:colcon.colcon_core.shell:Creating package script '/mnt/f/ardupilot_dev/ardupilot_gazebo/install/share/ardupilot_gazebo/package.bash'
[7.074s] INFO:colcon.colcon_core.shell:Creating package script '/mnt/f/ardupilot_dev/ardupilot_gazebo/install/share/ardupilot_gazebo/package.zsh'
[7.118s] Level 1:colcon.colcon_core.environment:create_file_with_runtime_dependencies(/mnt/f/ardupilot_dev/ardupilot_gazebo/install/share/colcon-core/packages/ardupilot_gazebo)
[7.209s] Level 1:colcon.colcon_core.environment:create_environment_scripts_only(ardupilot_gazebo)
[7.210s] Level 1:colcon.colcon_core.environment:checking '/mnt/f/ardupilot_dev/ardupilot_gazebo/install' for CMake module files
[7.253s] Level 1:colcon.colcon_core.environment:checking '/mnt/f/ardupilot_dev/ardupilot_gazebo/install' for CMake config files
[7.452s] Level 1:colcon.colcon_core.environment:checking '/mnt/f/ardupilot_dev/ardupilot_gazebo/install/lib'
[7.454s] Level 1:colcon.colcon_core.environment:checking '/mnt/f/ardupilot_dev/ardupilot_gazebo/install/bin'
[7.454s] Level 1:colcon.colcon_core.environment:checking '/mnt/f/ardupilot_dev/ardupilot_gazebo/install/lib/pkgconfig/ardupilot_gazebo.pc'
[7.456s] Level 1:colcon.colcon_core.environment:checking '/mnt/f/ardupilot_dev/ardupilot_gazebo/install/lib/python3.10/site-packages'
[7.458s] Level 1:colcon.colcon_core.environment:checking '/mnt/f/ardupilot_dev/ardupilot_gazebo/install/bin'
[7.460s] INFO:colcon.colcon_core.shell:Creating package script '/mnt/f/ardupilot_dev/ardupilot_gazebo/install/share/ardupilot_gazebo/package.ps1'
[7.505s] INFO:colcon.colcon_core.shell:Creating package descriptor '/mnt/f/ardupilot_dev/ardupilot_gazebo/install/share/ardupilot_gazebo/package.dsv'
[7.592s] INFO:colcon.colcon_core.shell:Creating package script '/mnt/f/ardupilot_dev/ardupilot_gazebo/install/share/ardupilot_gazebo/package.sh'
[7.628s] INFO:colcon.colcon_core.shell:Creating package script '/mnt/f/ardupilot_dev/ardupilot_gazebo/install/share/ardupilot_gazebo/package.bash'
[7.654s] INFO:colcon.colcon_core.shell:Creating package script '/mnt/f/ardupilot_dev/ardupilot_gazebo/install/share/ardupilot_gazebo/package.zsh'
[7.681s] Level 1:colcon.colcon_core.environment:create_file_with_runtime_dependencies(/mnt/f/ardupilot_dev/ardupilot_gazebo/install/share/colcon-core/packages/ardupilot_gazebo)
[7.746s] DEBUG:colcon.colcon_parallel_executor.executor.parallel:closing loop
[7.748s] DEBUG:colcon.colcon_parallel_executor.executor.parallel:loop closed
[7.748s] DEBUG:colcon.colcon_parallel_executor.executor.parallel:run_until_complete finished with '0'
[7.749s] DEBUG:colcon.colcon_core.event_reactor:joining thread
[7.911s] INFO:colcon.colcon_core.plugin_system:Skipping extension 'colcon_notification.desktop_notification.notify_send': Could not find 'notify-send'
[7.912s] INFO:colcon.colcon_core.plugin_system:Skipping extension 'colcon_notification.desktop_notification.terminal_notifier': Not used on non-Darwin systems
[7.912s] INFO:colcon.colcon_core.plugin_system:Skipping extension 'colcon_notification.desktop_notification.win32': Not used on non-Windows systems
[7.912s] INFO:colcon.colcon_notification.desktop_notification:Sending desktop notification using 'notify2'
[7.912s] DEBUG:colcon.colcon_notification.desktop_notification.notify2:Failed to initialize notify2: org.freedesktop.DBus.Error.FileNotFound: Failed to connect to socket /run/user/1000/bus: No such file or directory
[7.912s] DEBUG:colcon.colcon_core.event_reactor:joined thread
[7.912s] INFO:colcon.colcon_core.shell:Creating prefix script '/mnt/f/ardupilot_dev/ardupilot_gazebo/install/local_setup.ps1'
[7.937s] INFO:colcon.colcon_core.shell:Creating prefix util module '/mnt/f/ardupilot_dev/ardupilot_gazebo/install/_local_setup_util_ps1.py'
[7.965s] INFO:colcon.colcon_core.shell:Creating prefix chain script '/mnt/f/ardupilot_dev/ardupilot_gazebo/install/setup.ps1'
[7.995s] INFO:colcon.colcon_core.shell:Creating prefix script '/mnt/f/ardupilot_dev/ardupilot_gazebo/install/local_setup.sh'
[8.023s] INFO:colcon.colcon_core.shell:Creating prefix util module '/mnt/f/ardupilot_dev/ardupilot_gazebo/install/_local_setup_util_sh.py'
[8.048s] INFO:colcon.colcon_core.shell:Creating prefix chain script '/mnt/f/ardupilot_dev/ardupilot_gazebo/install/setup.sh'
[8.076s] INFO:colcon.colcon_core.shell:Creating prefix script '/mnt/f/ardupilot_dev/ardupilot_gazebo/install/local_setup.bash'
[8.100s] INFO:colcon.colcon_core.shell:Creating prefix chain script '/mnt/f/ardupilot_dev/ardupilot_gazebo/install/setup.bash'
[8.127s] INFO:colcon.colcon_core.shell:Creating prefix script '/mnt/f/ardupilot_dev/ardupilot_gazebo/install/local_setup.zsh'
[8.153s] INFO:colcon.colcon_core.shell:Creating prefix chain script '/mnt/f/ardupilot_dev/ardupilot_gazebo/install/setup.zsh'
