[0.313s] DEBUG:colcon:Command line arguments: ['/home/missi/.local/bin/colcon', 'build', '--merge-install']
[0.314s] DEBUG:colcon:Parsed command line arguments: Namespace(log_base=None, log_level=None, verb_name='build', build_base='build', install_base='install', merge_install=True, symlink_install=False, test_result_base=None, continue_on_error=False, executor='parallel', parallel_workers=20, event_handlers=None, ignore_user_meta=False, metas=['./colcon.meta'], base_paths=['.'], packages_ignore=None, packages_ignore_regex=None, paths=None, packages_up_to=None, packages_up_to_regex=None, packages_above=None, packages_above_and_dependencies=None, packages_above_depth=None, packages_select_by_dep=None, packages_skip_by_dep=None, packages_skip_up_to=None, packages_select_build_failed=False, packages_skip_build_finished=False, packages_select_test_failures=False, packages_skip_test_passed=False, packages_select=None, packages_skip=None, packages_select_regex=None, packages_skip_regex=None, packages_start=None, packages_end=None, cmake_args=None, cmake_target=None, cmake_target_skip_unavailable=False, cmake_clean_cache=False, cmake_clean_first=False, cmake_force_configure=False, ament_cmake_args=None, catkin_cmake_args=None, catkin_skip_building_tests=False, verb_parser=<colcon_defaults.argument_parser.defaults.DefaultArgumentsDecorator object at 0x71961b9efe50>, verb_extension=<colcon_core.verb.build.BuildVerb object at 0x71961b9ef8b0>, main=<bound method BuildVerb.main of <colcon_core.verb.build.BuildVerb object at 0x71961b9ef8b0>>)
[0.532s] Level 1:colcon.colcon_core.package_discovery:discover_packages(colcon_meta) check parameters
[0.532s] Level 1:colcon.colcon_core.package_discovery:discover_packages(recursive) check parameters
[0.533s] Level 1:colcon.colcon_core.package_discovery:discover_packages(ignore) check parameters
[0.533s] Level 1:colcon.colcon_core.package_discovery:discover_packages(path) check parameters
[0.533s] Level 1:colcon.colcon_core.package_discovery:discover_packages(colcon_meta) discover
[0.533s] Level 1:colcon.colcon_core.package_discovery:discover_packages(recursive) discover
[0.533s] INFO:colcon.colcon_core.package_discovery:Crawling recursively for packages in '/mnt/e/ardupilot_dev/ardupilot_gazebo'
[0.534s] Level 1:colcon.colcon_core.package_identification:_identify(.) by extensions ['ignore', 'ignore_ament_install']
[0.534s] Level 1:colcon.colcon_core.package_identification:_identify(.) by extension 'ignore'
[0.534s] Level 1:colcon.colcon_core.package_identification:_identify(.) by extension 'ignore_ament_install'
[0.535s] Level 1:colcon.colcon_core.package_identification:_identify(.) by extensions ['colcon_pkg']
[0.535s] Level 1:colcon.colcon_core.package_identification:_identify(.) by extension 'colcon_pkg'
[0.535s] Level 1:colcon.colcon_core.package_identification:_identify(.) by extensions ['colcon_meta']
[0.535s] Level 1:colcon.colcon_core.package_identification:_identify(.) by extension 'colcon_meta'
[0.535s] Level 1:colcon.colcon_core.package_identification:_identify(.) by extensions ['ros']
[0.535s] Level 1:colcon.colcon_core.package_identification:_identify(.) by extension 'ros'
[0.597s] DEBUG:colcon.colcon_core.package_identification:Package '.' with type 'ros.ament_cmake' and name 'ardupilot_gazebo'
[0.597s] Level 1:colcon.colcon_core.package_discovery:discover_packages(recursive) using defaults
[0.597s] Level 1:colcon.colcon_core.package_discovery:discover_packages(ignore) discover
[0.598s] Level 1:colcon.colcon_core.package_discovery:discover_packages(ignore) using defaults
[0.598s] Level 1:colcon.colcon_core.package_discovery:discover_packages(path) discover
[0.598s] Level 1:colcon.colcon_core.package_discovery:discover_packages(path) using defaults
[0.610s] Level 5:colcon.colcon_core.verb:set package 'ardupilot_gazebo' build argument 'cmake_args' from command line to 'None'
[0.610s] Level 5:colcon.colcon_core.verb:set package 'ardupilot_gazebo' build argument 'cmake_target' from command line to 'None'
[0.610s] Level 5:colcon.colcon_core.verb:set package 'ardupilot_gazebo' build argument 'cmake_target_skip_unavailable' from command line to 'False'
[0.610s] Level 5:colcon.colcon_core.verb:set package 'ardupilot_gazebo' build argument 'cmake_clean_cache' from command line to 'False'
[0.611s] Level 5:colcon.colcon_core.verb:set package 'ardupilot_gazebo' build argument 'cmake_clean_first' from command line to 'False'
[0.611s] Level 5:colcon.colcon_core.verb:set package 'ardupilot_gazebo' build argument 'cmake_force_configure' from command line to 'False'
[0.611s] Level 5:colcon.colcon_core.verb:set package 'ardupilot_gazebo' build argument 'ament_cmake_args' from command line to 'None'
[0.611s] Level 5:colcon.colcon_core.verb:set package 'ardupilot_gazebo' build argument 'catkin_cmake_args' from command line to 'None'
[0.611s] Level 5:colcon.colcon_core.verb:set package 'ardupilot_gazebo' build argument 'catkin_skip_building_tests' from command line to 'False'
[0.611s] DEBUG:colcon.colcon_core.verb:Building package 'ardupilot_gazebo' with the following arguments: {'ament_cmake_args': None, 'build_base': '/mnt/e/ardupilot_dev/ardupilot_gazebo/build/ardupilot_gazebo', 'catkin_cmake_args': None, 'catkin_skip_building_tests': False, 'cmake_args': None, 'cmake_clean_cache': False, 'cmake_clean_first': False, 'cmake_force_configure': False, 'cmake_target': None, 'cmake_target_skip_unavailable': False, 'install_base': '/mnt/e/ardupilot_dev/ardupilot_gazebo/install', 'merge_install': True, 'path': '/mnt/e/ardupilot_dev/ardupilot_gazebo', 'symlink_install': False, 'test_result_base': None}
[0.612s] INFO:colcon.colcon_core.executor:Executing jobs using 'parallel' executor
[0.613s] DEBUG:colcon.colcon_parallel_executor.executor.parallel:run_until_complete
[0.614s] INFO:colcon.colcon_ros.task.ament_cmake.build:Building ROS package in '/mnt/e/ardupilot_dev/ardupilot_gazebo' with build type 'ament_cmake'
[0.615s] INFO:colcon.colcon_cmake.task.cmake.build:Building CMake package in '/mnt/e/ardupilot_dev/ardupilot_gazebo'
[0.616s] INFO:colcon.colcon_core.plugin_system:Skipping extension 'colcon_core.shell.bat': Not used on non-Windows systems
[0.616s] INFO:colcon.colcon_core.shell:Skip shell extension 'powershell' for command environment: Not usable outside of PowerShell
[0.616s] DEBUG:colcon.colcon_core.shell:Skip shell extension 'dsv' for command environment
[0.881s] DEBUG:colcon.colcon_core.event_handler.log_command:Invoking command in '/mnt/e/ardupilot_dev/ardupilot_gazebo/build/ardupilot_gazebo': HISTTIMEFORMAT=%d/%m/%y %T /usr/bin/cmake /mnt/e/ardupilot_dev/ardupilot_gazebo -DCMAKE_INSTALL_PREFIX=/mnt/e/ardupilot_dev/ardupilot_gazebo/install
[25.639s] DEBUG:colcon.colcon_core.event_handler.log_command:Invoked command in '/mnt/e/ardupilot_dev/ardupilot_gazebo/build/ardupilot_gazebo' returned '0': HISTTIMEFORMAT=%d/%m/%y %T /usr/bin/cmake /mnt/e/ardupilot_dev/ardupilot_gazebo -DCMAKE_INSTALL_PREFIX=/mnt/e/ardupilot_dev/ardupilot_gazebo/install
[25.648s] DEBUG:colcon.colcon_core.event_handler.log_command:Invoking command in '/mnt/e/ardupilot_dev/ardupilot_gazebo/build/ardupilot_gazebo': HISTTIMEFORMAT=%d/%m/%y %T /usr/bin/cmake --build /mnt/e/ardupilot_dev/ardupilot_gazebo/build/ardupilot_gazebo -- -j20 -l20
[38.917s] Level 1:colcon.colcon_core.environment:create_environment_scripts_only(ardupilot_gazebo)
[38.918s] DEBUG:colcon.colcon_core.event_handler.log_command:Invoked command in '/mnt/e/ardupilot_dev/ardupilot_gazebo/build/ardupilot_gazebo' returned '2': HISTTIMEFORMAT=%d/%m/%y %T /usr/bin/cmake --build /mnt/e/ardupilot_dev/ardupilot_gazebo/build/ardupilot_gazebo -- -j20 -l20
[38.922s] Level 1:colcon.colcon_core.environment:checking '/mnt/e/ardupilot_dev/ardupilot_gazebo/install' for CMake module files
[38.927s] Level 1:colcon.colcon_core.environment:checking '/mnt/e/ardupilot_dev/ardupilot_gazebo/install' for CMake config files
[38.930s] Level 1:colcon.colcon_core.environment:checking '/mnt/e/ardupilot_dev/ardupilot_gazebo/install/bin'
[38.930s] Level 1:colcon.colcon_core.environment:checking '/mnt/e/ardupilot_dev/ardupilot_gazebo/install/lib/pkgconfig/ardupilot_gazebo.pc'
[38.942s] Level 1:colcon.colcon_core.environment:checking '/mnt/e/ardupilot_dev/ardupilot_gazebo/install/lib/python3.10/site-packages'
[38.943s] Level 1:colcon.colcon_core.environment:checking '/mnt/e/ardupilot_dev/ardupilot_gazebo/install/bin'
[38.944s] INFO:colcon.colcon_core.shell:Creating package script '/mnt/e/ardupilot_dev/ardupilot_gazebo/install/share/ardupilot_gazebo/package.ps1'
[38.985s] INFO:colcon.colcon_core.shell:Creating package descriptor '/mnt/e/ardupilot_dev/ardupilot_gazebo/install/share/ardupilot_gazebo/package.dsv'
[39.034s] INFO:colcon.colcon_core.shell:Creating package script '/mnt/e/ardupilot_dev/ardupilot_gazebo/install/share/ardupilot_gazebo/package.sh'
[39.065s] INFO:colcon.colcon_core.shell:Creating package script '/mnt/e/ardupilot_dev/ardupilot_gazebo/install/share/ardupilot_gazebo/package.bash'
[39.083s] INFO:colcon.colcon_core.shell:Creating package script '/mnt/e/ardupilot_dev/ardupilot_gazebo/install/share/ardupilot_gazebo/package.zsh'
[39.099s] Level 1:colcon.colcon_core.environment:create_file_with_runtime_dependencies(/mnt/e/ardupilot_dev/ardupilot_gazebo/install/share/colcon-core/packages/ardupilot_gazebo)
[39.172s] DEBUG:colcon.colcon_parallel_executor.executor.parallel:closing loop
[39.173s] DEBUG:colcon.colcon_parallel_executor.executor.parallel:loop closed
[39.173s] DEBUG:colcon.colcon_parallel_executor.executor.parallel:run_until_complete finished with '2'
[39.176s] DEBUG:colcon.colcon_core.event_reactor:joining thread
[39.291s] INFO:colcon.colcon_core.plugin_system:Skipping extension 'colcon_notification.desktop_notification.notify_send': Could not find 'notify-send'
[39.291s] INFO:colcon.colcon_core.plugin_system:Skipping extension 'colcon_notification.desktop_notification.terminal_notifier': Not used on non-Darwin systems
[39.291s] INFO:colcon.colcon_core.plugin_system:Skipping extension 'colcon_notification.desktop_notification.win32': Not used on non-Windows systems
[39.292s] INFO:colcon.colcon_notification.desktop_notification:Sending desktop notification using 'notify2'
[39.309s] DEBUG:colcon.colcon_notification.desktop_notification.notify2:Failed to initialize notify2: org.freedesktop.DBus.Error.FileNotFound: Failed to connect to socket /run/user/1000/bus: No such file or directory
[39.310s] DEBUG:colcon.colcon_core.event_reactor:joined thread
[39.310s] INFO:colcon.colcon_core.shell:Creating prefix script '/mnt/e/ardupilot_dev/ardupilot_gazebo/install/local_setup.ps1'
[39.324s] INFO:colcon.colcon_core.shell:Creating prefix util module '/mnt/e/ardupilot_dev/ardupilot_gazebo/install/_local_setup_util_ps1.py'
[39.348s] INFO:colcon.colcon_core.shell:Creating prefix chain script '/mnt/e/ardupilot_dev/ardupilot_gazebo/install/setup.ps1'
[39.383s] INFO:colcon.colcon_core.shell:Creating prefix script '/mnt/e/ardupilot_dev/ardupilot_gazebo/install/local_setup.sh'
[39.397s] INFO:colcon.colcon_core.shell:Creating prefix util module '/mnt/e/ardupilot_dev/ardupilot_gazebo/install/_local_setup_util_sh.py'
[39.410s] INFO:colcon.colcon_core.shell:Creating prefix chain script '/mnt/e/ardupilot_dev/ardupilot_gazebo/install/setup.sh'
[39.434s] INFO:colcon.colcon_core.shell:Creating prefix script '/mnt/e/ardupilot_dev/ardupilot_gazebo/install/local_setup.bash'
[39.447s] INFO:colcon.colcon_core.shell:Creating prefix chain script '/mnt/e/ardupilot_dev/ardupilot_gazebo/install/setup.bash'
[39.461s] INFO:colcon.colcon_core.shell:Creating prefix script '/mnt/e/ardupilot_dev/ardupilot_gazebo/install/local_setup.zsh'
[39.477s] INFO:colcon.colcon_core.shell:Creating prefix chain script '/mnt/e/ardupilot_dev/ardupilot_gazebo/install/setup.zsh'
