[4.199s] DEBUG:colcon:Command line arguments: ['/home/missi/.local/bin/colcon', 'build', '--merge-install']
[4.199s] DEBUG:colcon:Parsed command line arguments: Namespace(log_base=None, log_level=None, verb_name='build', build_base='build', install_base='install', merge_install=True, symlink_install=False, test_result_base=None, continue_on_error=False, executor='parallel', parallel_workers=20, event_handlers=None, ignore_user_meta=False, metas=['./colcon.meta'], base_paths=['.'], packages_ignore=None, packages_ignore_regex=None, paths=None, packages_up_to=None, packages_up_to_regex=None, packages_above=None, packages_above_and_dependencies=None, packages_above_depth=None, packages_select_by_dep=None, packages_skip_by_dep=None, packages_skip_up_to=None, packages_select_build_failed=False, packages_skip_build_finished=False, packages_select_test_failures=False, packages_skip_test_passed=False, packages_select=None, packages_skip=None, packages_select_regex=None, packages_skip_regex=None, packages_start=None, packages_end=None, cmake_args=None, cmake_target=None, cmake_target_skip_unavailable=False, cmake_clean_cache=False, cmake_clean_first=False, cmake_force_configure=False, ament_cmake_args=None, catkin_cmake_args=None, catkin_skip_building_tests=False, verb_parser=<colcon_defaults.argument_parser.defaults.DefaultArgumentsDecorator object at 0x74021b8e7e50>, verb_extension=<colcon_core.verb.build.BuildVerb object at 0x74021b8e78b0>, main=<bound method BuildVerb.main of <colcon_core.verb.build.BuildVerb object at 0x74021b8e78b0>>)
[4.251s] Level 1:colcon.colcon_core.package_discovery:discover_packages(colcon_meta) check parameters
[4.252s] Level 1:colcon.colcon_core.package_discovery:discover_packages(recursive) check parameters
[4.252s] Level 1:colcon.colcon_core.package_discovery:discover_packages(ignore) check parameters
[4.252s] Level 1:colcon.colcon_core.package_discovery:discover_packages(path) check parameters
[4.252s] Level 1:colcon.colcon_core.package_discovery:discover_packages(colcon_meta) discover
[4.252s] Level 1:colcon.colcon_core.package_discovery:discover_packages(recursive) discover
[4.252s] INFO:colcon.colcon_core.package_discovery:Crawling recursively for packages in '/mnt/f/ardupilot_dev/ardupilot_gazebo'
[4.253s] Level 1:colcon.colcon_core.package_identification:_identify(.) by extensions ['ignore', 'ignore_ament_install']
[4.253s] Level 1:colcon.colcon_core.package_identification:_identify(.) by extension 'ignore'
[4.254s] Level 1:colcon.colcon_core.package_identification:_identify(.) by extension 'ignore_ament_install'
[4.254s] Level 1:colcon.colcon_core.package_identification:_identify(.) by extensions ['colcon_pkg']
[4.254s] Level 1:colcon.colcon_core.package_identification:_identify(.) by extension 'colcon_pkg'
[4.254s] Level 1:colcon.colcon_core.package_identification:_identify(.) by extensions ['colcon_meta']
[4.254s] Level 1:colcon.colcon_core.package_identification:_identify(.) by extension 'colcon_meta'
[4.254s] Level 1:colcon.colcon_core.package_identification:_identify(.) by extensions ['ros']
[4.254s] Level 1:colcon.colcon_core.package_identification:_identify(.) by extension 'ros'
[4.277s] DEBUG:colcon.colcon_core.package_identification:Package '.' with type 'ros.ament_cmake' and name 'ardupilot_gazebo'
[4.277s] Level 1:colcon.colcon_core.package_discovery:discover_packages(recursive) using defaults
[4.277s] Level 1:colcon.colcon_core.package_discovery:discover_packages(ignore) discover
[4.277s] Level 1:colcon.colcon_core.package_discovery:discover_packages(ignore) using defaults
[4.277s] Level 1:colcon.colcon_core.package_discovery:discover_packages(path) discover
[4.277s] Level 1:colcon.colcon_core.package_discovery:discover_packages(path) using defaults
[4.295s] Level 5:colcon.colcon_core.verb:set package 'ardupilot_gazebo' build argument 'cmake_args' from command line to 'None'
[4.296s] Level 5:colcon.colcon_core.verb:set package 'ardupilot_gazebo' build argument 'cmake_target' from command line to 'None'
[4.296s] Level 5:colcon.colcon_core.verb:set package 'ardupilot_gazebo' build argument 'cmake_target_skip_unavailable' from command line to 'False'
[4.296s] Level 5:colcon.colcon_core.verb:set package 'ardupilot_gazebo' build argument 'cmake_clean_cache' from command line to 'False'
[4.296s] Level 5:colcon.colcon_core.verb:set package 'ardupilot_gazebo' build argument 'cmake_clean_first' from command line to 'False'
[4.297s] Level 5:colcon.colcon_core.verb:set package 'ardupilot_gazebo' build argument 'cmake_force_configure' from command line to 'False'
[4.297s] Level 5:colcon.colcon_core.verb:set package 'ardupilot_gazebo' build argument 'ament_cmake_args' from command line to 'None'
[4.297s] Level 5:colcon.colcon_core.verb:set package 'ardupilot_gazebo' build argument 'catkin_cmake_args' from command line to 'None'
[4.297s] Level 5:colcon.colcon_core.verb:set package 'ardupilot_gazebo' build argument 'catkin_skip_building_tests' from command line to 'False'
[4.297s] DEBUG:colcon.colcon_core.verb:Building package 'ardupilot_gazebo' with the following arguments: {'ament_cmake_args': None, 'build_base': '/mnt/f/ardupilot_dev/ardupilot_gazebo/build/ardupilot_gazebo', 'catkin_cmake_args': None, 'catkin_skip_building_tests': False, 'cmake_args': None, 'cmake_clean_cache': False, 'cmake_clean_first': False, 'cmake_force_configure': False, 'cmake_target': None, 'cmake_target_skip_unavailable': False, 'install_base': '/mnt/f/ardupilot_dev/ardupilot_gazebo/install', 'merge_install': True, 'path': '/mnt/f/ardupilot_dev/ardupilot_gazebo', 'symlink_install': False, 'test_result_base': None}
[4.297s] INFO:colcon.colcon_core.executor:Executing jobs using 'parallel' executor
[4.298s] DEBUG:colcon.colcon_parallel_executor.executor.parallel:run_until_complete
[4.298s] INFO:colcon.colcon_ros.task.ament_cmake.build:Building ROS package in '/mnt/f/ardupilot_dev/ardupilot_gazebo' with build type 'ament_cmake'
[4.299s] INFO:colcon.colcon_cmake.task.cmake.build:Building CMake package in '/mnt/f/ardupilot_dev/ardupilot_gazebo'
[4.302s] INFO:colcon.colcon_core.plugin_system:Skipping extension 'colcon_core.shell.bat': Not used on non-Windows systems
[4.302s] INFO:colcon.colcon_core.shell:Skip shell extension 'powershell' for command environment: Not usable outside of PowerShell
[4.302s] DEBUG:colcon.colcon_core.shell:Skip shell extension 'dsv' for command environment
[4.519s] DEBUG:colcon.colcon_core.event_handler.log_command:Invoking command in '/mnt/f/ardupilot_dev/ardupilot_gazebo/build/ardupilot_gazebo': HISTTIMEFORMAT=%d/%m/%y %T /usr/bin/cmake --build /mnt/f/ardupilot_dev/ardupilot_gazebo/build/ardupilot_gazebo -- -j20 -l20
[10.464s] Level 1:colcon.colcon_core.environment:create_environment_scripts_only(ardupilot_gazebo)
[10.466s] Level 1:colcon.colcon_core.environment:checking '/mnt/f/ardupilot_dev/ardupilot_gazebo/install' for CMake module files
[10.472s] DEBUG:colcon.colcon_core.event_handler.log_command:Invoked command in '/mnt/f/ardupilot_dev/ardupilot_gazebo/build/ardupilot_gazebo' returned '2': HISTTIMEFORMAT=%d/%m/%y %T /usr/bin/cmake --build /mnt/f/ardupilot_dev/ardupilot_gazebo/build/ardupilot_gazebo -- -j20 -l20
[10.488s] Level 1:colcon.colcon_core.environment:checking '/mnt/f/ardupilot_dev/ardupilot_gazebo/install' for CMake config files
[10.503s] Level 1:colcon.colcon_core.environment:checking '/mnt/f/ardupilot_dev/ardupilot_gazebo/install/bin'
[10.503s] Level 1:colcon.colcon_core.environment:checking '/mnt/f/ardupilot_dev/ardupilot_gazebo/install/lib/pkgconfig/ardupilot_gazebo.pc'
[10.505s] Level 1:colcon.colcon_core.environment:checking '/mnt/f/ardupilot_dev/ardupilot_gazebo/install/lib/python3.10/site-packages'
[10.506s] Level 1:colcon.colcon_core.environment:checking '/mnt/f/ardupilot_dev/ardupilot_gazebo/install/bin'
[10.506s] INFO:colcon.colcon_core.shell:Creating package script '/mnt/f/ardupilot_dev/ardupilot_gazebo/install/share/ardupilot_gazebo/package.ps1'
[10.534s] INFO:colcon.colcon_core.shell:Creating package descriptor '/mnt/f/ardupilot_dev/ardupilot_gazebo/install/share/ardupilot_gazebo/package.dsv'
[10.614s] INFO:colcon.colcon_core.shell:Creating package script '/mnt/f/ardupilot_dev/ardupilot_gazebo/install/share/ardupilot_gazebo/package.sh'
[10.642s] INFO:colcon.colcon_core.shell:Creating package script '/mnt/f/ardupilot_dev/ardupilot_gazebo/install/share/ardupilot_gazebo/package.bash'
[10.671s] INFO:colcon.colcon_core.shell:Creating package script '/mnt/f/ardupilot_dev/ardupilot_gazebo/install/share/ardupilot_gazebo/package.zsh'
[10.701s] Level 1:colcon.colcon_core.environment:create_file_with_runtime_dependencies(/mnt/f/ardupilot_dev/ardupilot_gazebo/install/share/colcon-core/packages/ardupilot_gazebo)
[10.778s] DEBUG:colcon.colcon_parallel_executor.executor.parallel:closing loop
[10.778s] DEBUG:colcon.colcon_parallel_executor.executor.parallel:loop closed
[10.779s] DEBUG:colcon.colcon_parallel_executor.executor.parallel:run_until_complete finished with '2'
[10.779s] DEBUG:colcon.colcon_core.event_reactor:joining thread
[11.005s] INFO:colcon.colcon_core.plugin_system:Skipping extension 'colcon_notification.desktop_notification.notify_send': Could not find 'notify-send'
[11.006s] INFO:colcon.colcon_core.plugin_system:Skipping extension 'colcon_notification.desktop_notification.terminal_notifier': Not used on non-Darwin systems
[11.006s] INFO:colcon.colcon_core.plugin_system:Skipping extension 'colcon_notification.desktop_notification.win32': Not used on non-Windows systems
[11.006s] INFO:colcon.colcon_notification.desktop_notification:Sending desktop notification using 'notify2'
[11.006s] DEBUG:colcon.colcon_notification.desktop_notification.notify2:Failed to initialize notify2: org.freedesktop.DBus.Error.FileNotFound: Failed to connect to socket /run/user/1000/bus: No such file or directory
[11.007s] DEBUG:colcon.colcon_core.event_reactor:joined thread
[11.007s] INFO:colcon.colcon_core.shell:Creating prefix script '/mnt/f/ardupilot_dev/ardupilot_gazebo/install/local_setup.ps1'
[11.034s] INFO:colcon.colcon_core.shell:Creating prefix util module '/mnt/f/ardupilot_dev/ardupilot_gazebo/install/_local_setup_util_ps1.py'
[11.062s] INFO:colcon.colcon_core.shell:Creating prefix chain script '/mnt/f/ardupilot_dev/ardupilot_gazebo/install/setup.ps1'
[11.089s] INFO:colcon.colcon_core.shell:Creating prefix script '/mnt/f/ardupilot_dev/ardupilot_gazebo/install/local_setup.sh'
[11.127s] INFO:colcon.colcon_core.shell:Creating prefix util module '/mnt/f/ardupilot_dev/ardupilot_gazebo/install/_local_setup_util_sh.py'
[11.157s] INFO:colcon.colcon_core.shell:Creating prefix chain script '/mnt/f/ardupilot_dev/ardupilot_gazebo/install/setup.sh'
[11.186s] INFO:colcon.colcon_core.shell:Creating prefix script '/mnt/f/ardupilot_dev/ardupilot_gazebo/install/local_setup.bash'
[11.216s] INFO:colcon.colcon_core.shell:Creating prefix chain script '/mnt/f/ardupilot_dev/ardupilot_gazebo/install/setup.bash'
[11.244s] INFO:colcon.colcon_core.shell:Creating prefix script '/mnt/f/ardupilot_dev/ardupilot_gazebo/install/local_setup.zsh'
[11.272s] INFO:colcon.colcon_core.shell:Creating prefix chain script '/mnt/f/ardupilot_dev/ardupilot_gazebo/install/setup.zsh'
