[0.378s] Invoking command in '/mnt/e/ardupilot_dev/ardupilot_gazebo/build/ardupilot_gazebo': HISTTIMEFORMAT=%d/%m/%y %T /usr/bin/cmake --build /mnt/e/ardupilot_dev/ardupilot_gazebo/build/ardupilot_gazebo -- -j20 -l20
[1.913s] [ 50%] Built target ParachutePlugin
[1.963s] [ 60%] Built target CameraZoomPlugin
[2.013s] [ 60%] Built target GstCameraPlugin
[2.034s] [35m[1mConsolidate compiler generated dependencies of target ArduPilotPlugin[0m
[2.662s] gmake[2]: Warning: File 'CMakeFiles/ArduPilotPlugin.dir/compiler_depend.make' has modification time 0.31 s in the future
[2.758s] [ 70%] [32mBuilding CXX object CMakeFiles/ArduPilotPlugin.dir/src/ArduPilotPlugin.cc.o[0m
[10.660s] [ 80%] [32m[1mLinking CXX shared library libArduPilotPlugin.so[0m
[13.550s] gmake[2]: warning:  Clock skew detected.  Your build may be incomplete.
[13.770s] [100%] Built target ArduPilotPlugin
[13.975s] Invoked command in '/mnt/e/ardupilot_dev/ardupilot_gazebo/build/ardupilot_gazebo' returned '0': HISTTIMEFORMAT=%d/%m/%y %T /usr/bin/cmake --build /mnt/e/ardupilot_dev/ardupilot_gazebo/build/ardupilot_gazebo -- -j20 -l20
[14.097s] Invoking command in '/mnt/e/ardupilot_dev/ardupilot_gazebo/build/ardupilot_gazebo': HISTTIMEFORMAT=%d/%m/%y %T /usr/bin/cmake --install /mnt/e/ardupilot_dev/ardupilot_gazebo/build/ardupilot_gazebo
[14.121s] -- Install configuration: ""
[14.222s] -- Installing: /mnt/e/ardupilot_dev/ardupilot_gazebo/install/lib/ardupilot_gazebo/libArduPilotPlugin.so
[14.706s] -- Up-to-date: /mnt/e/ardupilot_dev/ardupilot_gazebo/install/lib/ardupilot_gazebo/libParachutePlugin.so
[14.832s] -- Up-to-date: /mnt/e/ardupilot_dev/ardupilot_gazebo/install/lib/ardupilot_gazebo/libCameraZoomPlugin.so
[14.938s] -- Up-to-date: /mnt/e/ardupilot_dev/ardupilot_gazebo/install/lib/ardupilot_gazebo/libGstCameraPlugin.so
[14.958s] -- Up-to-date: /mnt/e/ardupilot_dev/ardupilot_gazebo/install/share/ardupilot_gazebo/config
[14.977s] -- Up-to-date: /mnt/e/ardupilot_dev/ardupilot_gazebo/install/share/ardupilot_gazebo/config/gazebo-iris-gimbal.parm
[15.046s] -- Up-to-date: /mnt/e/ardupilot_dev/ardupilot_gazebo/install/share/ardupilot_gazebo/models
[15.066s] -- Up-to-date: /mnt/e/ardupilot_dev/ardupilot_gazebo/install/share/ardupilot_gazebo/models/gimbal_small_1d
[15.085s] -- Up-to-date: /mnt/e/ardupilot_dev/ardupilot_gazebo/install/share/ardupilot_gazebo/models/gimbal_small_1d/meshes
[15.107s] -- Up-to-date: /mnt/e/ardupilot_dev/ardupilot_gazebo/install/share/ardupilot_gazebo/models/gimbal_small_1d/meshes/base_arm.dae
[15.136s] -- Up-to-date: /mnt/e/ardupilot_dev/ardupilot_gazebo/install/share/ardupilot_gazebo/models/gimbal_small_1d/meshes/base_main.dae
[15.155s] -- Up-to-date: /mnt/e/ardupilot_dev/ardupilot_gazebo/install/share/ardupilot_gazebo/models/gimbal_small_1d/meshes/tilt.dae
[15.177s] -- Up-to-date: /mnt/e/ardupilot_dev/ardupilot_gazebo/install/share/ardupilot_gazebo/models/gimbal_small_1d/model.config
[15.211s] -- Up-to-date: /mnt/e/ardupilot_dev/ardupilot_gazebo/install/share/ardupilot_gazebo/models/gimbal_small_1d/model.sdf
[15.235s] -- Up-to-date: /mnt/e/ardupilot_dev/ardupilot_gazebo/install/share/ardupilot_gazebo/models/gimbal_small_2d
[15.260s] -- Up-to-date: /mnt/e/ardupilot_dev/ardupilot_gazebo/install/share/ardupilot_gazebo/models/gimbal_small_2d/meshes
[15.287s] -- Up-to-date: /mnt/e/ardupilot_dev/ardupilot_gazebo/install/share/ardupilot_gazebo/models/gimbal_small_2d/meshes/base_arm.dae
[15.315s] -- Up-to-date: /mnt/e/ardupilot_dev/ardupilot_gazebo/install/share/ardupilot_gazebo/models/gimbal_small_2d/meshes/base_main.dae
[15.347s] -- Up-to-date: /mnt/e/ardupilot_dev/ardupilot_gazebo/install/share/ardupilot_gazebo/models/gimbal_small_2d/meshes/tilt.dae
[15.373s] -- Up-to-date: /mnt/e/ardupilot_dev/ardupilot_gazebo/install/share/ardupilot_gazebo/models/gimbal_small_2d/model.config
[15.409s] -- Up-to-date: /mnt/e/ardupilot_dev/ardupilot_gazebo/install/share/ardupilot_gazebo/models/gimbal_small_2d/model.sdf
[15.433s] -- Up-to-date: /mnt/e/ardupilot_dev/ardupilot_gazebo/install/share/ardupilot_gazebo/models/gimbal_small_3d
[15.458s] -- Up-to-date: /mnt/e/ardupilot_dev/ardupilot_gazebo/install/share/ardupilot_gazebo/models/gimbal_small_3d/meshes
[15.490s] -- Up-to-date: /mnt/e/ardupilot_dev/ardupilot_gazebo/install/share/ardupilot_gazebo/models/gimbal_small_3d/meshes/base_plate.dae
[15.518s] -- Up-to-date: /mnt/e/ardupilot_dev/ardupilot_gazebo/install/share/ardupilot_gazebo/models/gimbal_small_3d/meshes/camera_enclosure.dae
[15.538s] -- Up-to-date: /mnt/e/ardupilot_dev/ardupilot_gazebo/install/share/ardupilot_gazebo/models/gimbal_small_3d/meshes/roll_arm.dae
[15.568s] -- Up-to-date: /mnt/e/ardupilot_dev/ardupilot_gazebo/install/share/ardupilot_gazebo/models/gimbal_small_3d/meshes/yaw_arm.dae
[15.601s] -- Up-to-date: /mnt/e/ardupilot_dev/ardupilot_gazebo/install/share/ardupilot_gazebo/models/gimbal_small_3d/model.config
[15.663s] -- Up-to-date: /mnt/e/ardupilot_dev/ardupilot_gazebo/install/share/ardupilot_gazebo/models/gimbal_small_3d/model.sdf
[15.702s] -- Up-to-date: /mnt/e/ardupilot_dev/ardupilot_gazebo/install/share/ardupilot_gazebo/models/iris_with_ardupilot
[15.743s] -- Up-to-date: /mnt/e/ardupilot_dev/ardupilot_gazebo/install/share/ardupilot_gazebo/models/iris_with_ardupilot/model.config
[15.766s] -- Up-to-date: /mnt/e/ardupilot_dev/ardupilot_gazebo/install/share/ardupilot_gazebo/models/iris_with_ardupilot/model.sdf
[15.786s] -- Up-to-date: /mnt/e/ardupilot_dev/ardupilot_gazebo/install/share/ardupilot_gazebo/models/iris_with_gimbal
[15.813s] -- Up-to-date: /mnt/e/ardupilot_dev/ardupilot_gazebo/install/share/ardupilot_gazebo/models/iris_with_gimbal/model.config
[15.857s] -- Up-to-date: /mnt/e/ardupilot_dev/ardupilot_gazebo/install/share/ardupilot_gazebo/models/iris_with_gimbal/model.sdf
[15.882s] -- Up-to-date: /mnt/e/ardupilot_dev/ardupilot_gazebo/install/share/ardupilot_gazebo/models/iris_with_standoffs
[15.904s] -- Up-to-date: /mnt/e/ardupilot_dev/ardupilot_gazebo/install/share/ardupilot_gazebo/models/iris_with_standoffs/meshes
[15.929s] -- Up-to-date: /mnt/e/ardupilot_dev/ardupilot_gazebo/install/share/ardupilot_gazebo/models/iris_with_standoffs/meshes/iris.dae
[15.949s] -- Up-to-date: /mnt/e/ardupilot_dev/ardupilot_gazebo/install/share/ardupilot_gazebo/models/iris_with_standoffs/meshes/iris_collision.stl
[15.970s] -- Up-to-date: /mnt/e/ardupilot_dev/ardupilot_gazebo/install/share/ardupilot_gazebo/models/iris_with_standoffs/meshes/iris_prop_ccw.dae
[15.990s] -- Up-to-date: /mnt/e/ardupilot_dev/ardupilot_gazebo/install/share/ardupilot_gazebo/models/iris_with_standoffs/meshes/iris_prop_cw.dae
[16.008s] -- Up-to-date: /mnt/e/ardupilot_dev/ardupilot_gazebo/install/share/ardupilot_gazebo/models/iris_with_standoffs/model.config
[16.033s] -- Up-to-date: /mnt/e/ardupilot_dev/ardupilot_gazebo/install/share/ardupilot_gazebo/models/iris_with_standoffs/model.sdf
[16.086s] -- Up-to-date: /mnt/e/ardupilot_dev/ardupilot_gazebo/install/share/ardupilot_gazebo/models/parachute_small
[16.124s] -- Up-to-date: /mnt/e/ardupilot_dev/ardupilot_gazebo/install/share/ardupilot_gazebo/models/parachute_small/meshes
[16.146s] -- Up-to-date: /mnt/e/ardupilot_dev/ardupilot_gazebo/install/share/ardupilot_gazebo/models/parachute_small/meshes/parachute_small.dae
[16.166s] -- Up-to-date: /mnt/e/ardupilot_dev/ardupilot_gazebo/install/share/ardupilot_gazebo/models/parachute_small/model.config
[16.225s] -- Up-to-date: /mnt/e/ardupilot_dev/ardupilot_gazebo/install/share/ardupilot_gazebo/models/parachute_small/model.sdf
[16.244s] -- Up-to-date: /mnt/e/ardupilot_dev/ardupilot_gazebo/install/share/ardupilot_gazebo/models/runway
[16.264s] -- Up-to-date: /mnt/e/ardupilot_dev/ardupilot_gazebo/install/share/ardupilot_gazebo/models/runway/materials
[16.289s] -- Up-to-date: /mnt/e/ardupilot_dev/ardupilot_gazebo/install/share/ardupilot_gazebo/models/runway/materials/textures
[16.320s] -- Up-to-date: /mnt/e/ardupilot_dev/ardupilot_gazebo/install/share/ardupilot_gazebo/models/runway/materials/textures/Grass004_2K_AmbientOcclusion.jpg
[16.350s] -- Up-to-date: /mnt/e/ardupilot_dev/ardupilot_gazebo/install/share/ardupilot_gazebo/models/runway/materials/textures/Grass004_2K_Color copy.jpg
[16.372s] -- Up-to-date: /mnt/e/ardupilot_dev/ardupilot_gazebo/install/share/ardupilot_gazebo/models/runway/materials/textures/Grass004_2K_Color.jpg
[16.392s] -- Up-to-date: /mnt/e/ardupilot_dev/ardupilot_gazebo/install/share/ardupilot_gazebo/models/runway/materials/textures/Grass004_2K_Displacement.jpg
[16.413s] -- Up-to-date: /mnt/e/ardupilot_dev/ardupilot_gazebo/install/share/ardupilot_gazebo/models/runway/materials/textures/Grass004_2K_NormalGL.jpg
[16.434s] -- Up-to-date: /mnt/e/ardupilot_dev/ardupilot_gazebo/install/share/ardupilot_gazebo/models/runway/materials/textures/Grass004_2K_Roughness.jpg
[16.457s] -- Up-to-date: /mnt/e/ardupilot_dev/ardupilot_gazebo/install/share/ardupilot_gazebo/models/runway/materials/textures/runway.png
[16.474s] -- Up-to-date: /mnt/e/ardupilot_dev/ardupilot_gazebo/install/share/ardupilot_gazebo/models/runway/meshes
[16.496s] -- Up-to-date: /mnt/e/ardupilot_dev/ardupilot_gazebo/install/share/ardupilot_gazebo/models/runway/meshes/airfield.dae
[16.524s] -- Up-to-date: /mnt/e/ardupilot_dev/ardupilot_gazebo/install/share/ardupilot_gazebo/models/runway/model.config
[16.546s] -- Up-to-date: /mnt/e/ardupilot_dev/ardupilot_gazebo/install/share/ardupilot_gazebo/models/runway/model.sdf
[16.562s] -- Up-to-date: /mnt/e/ardupilot_dev/ardupilot_gazebo/install/share/ardupilot_gazebo/models/sr75
[16.579s] -- Up-to-date: /mnt/e/ardupilot_dev/ardupilot_gazebo/install/share/ardupilot_gazebo/models/sr75/materials
[16.600s] -- Up-to-date: /mnt/e/ardupilot_dev/ardupilot_gazebo/install/share/ardupilot_gazebo/models/sr75/materials/textures
[16.628s] -- Up-to-date: /mnt/e/ardupilot_dev/ardupilot_gazebo/install/share/ardupilot_gazebo/models/sr75/materials/textures/wing.png
[16.645s] -- Up-to-date: /mnt/e/ardupilot_dev/ardupilot_gazebo/install/share/ardupilot_gazebo/models/sr75/meshes
[16.668s] -- Up-to-date: /mnt/e/ardupilot_dev/ardupilot_gazebo/install/share/ardupilot_gazebo/models/sr75/meshes/parachute_small.dae
[16.693s] -- Up-to-date: /mnt/e/ardupilot_dev/ardupilot_gazebo/install/share/ardupilot_gazebo/models/sr75/meshes/wing.dae
[16.715s] -- Up-to-date: /mnt/e/ardupilot_dev/ardupilot_gazebo/install/share/ardupilot_gazebo/models/sr75/model.config
[16.749s] -- Up-to-date: /mnt/e/ardupilot_dev/ardupilot_gazebo/install/share/ardupilot_gazebo/models/sr75/model.sdf
[16.767s] -- Up-to-date: /mnt/e/ardupilot_dev/ardupilot_gazebo/install/share/ardupilot_gazebo/models/sr75/thumbnails
[16.788s] -- Up-to-date: /mnt/e/ardupilot_dev/ardupilot_gazebo/install/share/ardupilot_gazebo/models/sr75/thumbnails/1.png
[16.805s] -- Up-to-date: /mnt/e/ardupilot_dev/ardupilot_gazebo/install/share/ardupilot_gazebo/models/sr75/thumbnails/2.png
[16.823s] -- Up-to-date: /mnt/e/ardupilot_dev/ardupilot_gazebo/install/share/ardupilot_gazebo/models/sr75/thumbnails/3.png
[16.841s] -- Up-to-date: /mnt/e/ardupilot_dev/ardupilot_gazebo/install/share/ardupilot_gazebo/models/sr75/thumbnails/4.png
[16.859s] -- Up-to-date: /mnt/e/ardupilot_dev/ardupilot_gazebo/install/share/ardupilot_gazebo/models/sr75/thumbnails/5.png
[16.875s] -- Up-to-date: /mnt/e/ardupilot_dev/ardupilot_gazebo/install/share/ardupilot_gazebo/models/sr75_skyreaper
[16.893s] -- Up-to-date: /mnt/e/ardupilot_dev/ardupilot_gazebo/install/share/ardupilot_gazebo/models/sr75_skyreaper/meshes
[16.929s] -- Up-to-date: /mnt/e/ardupilot_dev/ardupilot_gazebo/install/share/ardupilot_gazebo/models/sr75_skyreaper/meshes/Skyreaper_Base_model.STL
[16.953s] -- Up-to-date: /mnt/e/ardupilot_dev/ardupilot_gazebo/install/share/ardupilot_gazebo/models/sr75_skyreaper/model.config
[17.011s] -- Up-to-date: /mnt/e/ardupilot_dev/ardupilot_gazebo/install/share/ardupilot_gazebo/models/sr75_skyreaper/model.sdf
[17.030s] -- Up-to-date: /mnt/e/ardupilot_dev/ardupilot_gazebo/install/share/ardupilot_gazebo/models/sr75_skyreaper_with_ardupilot
[17.059s] -- Up-to-date: /mnt/e/ardupilot_dev/ardupilot_gazebo/install/share/ardupilot_gazebo/models/sr75_skyreaper_with_ardupilot/model.config
[17.090s] -- Up-to-date: /mnt/e/ardupilot_dev/ardupilot_gazebo/install/share/ardupilot_gazebo/models/sr75_skyreaper_with_ardupilot/model.sdf
[17.111s] -- Up-to-date: /mnt/e/ardupilot_dev/ardupilot_gazebo/install/share/ardupilot_gazebo/models/sr75_skyreaper_with_ardupilot_backup_phase3
[17.141s] -- Up-to-date: /mnt/e/ardupilot_dev/ardupilot_gazebo/install/share/ardupilot_gazebo/models/sr75_skyreaper_with_ardupilot_backup_phase3/model.config
[17.166s] -- Up-to-date: /mnt/e/ardupilot_dev/ardupilot_gazebo/install/share/ardupilot_gazebo/models/sr75_skyreaper_with_ardupilot_backup_phase3/model.sdf
[17.183s] -- Up-to-date: /mnt/e/ardupilot_dev/ardupilot_gazebo/install/share/ardupilot_gazebo/models/sr75_with_ardupilot
[17.202s] -- Up-to-date: /mnt/e/ardupilot_dev/ardupilot_gazebo/install/share/ardupilot_gazebo/models/sr75_with_ardupilot/meshes
[17.228s] -- Up-to-date: /mnt/e/ardupilot_dev/ardupilot_gazebo/install/share/ardupilot_gazebo/models/sr75_with_ardupilot/meshes/Skyreaper_Base_model.STL
[17.246s] -- Up-to-date: /mnt/e/ardupilot_dev/ardupilot_gazebo/install/share/ardupilot_gazebo/models/sr75_with_ardupilot/model.config
[17.305s] -- Up-to-date: /mnt/e/ardupilot_dev/ardupilot_gazebo/install/share/ardupilot_gazebo/models/sr75_with_ardupilot/model.sdf
[17.362s] -- Up-to-date: /mnt/e/ardupilot_dev/ardupilot_gazebo/install/share/ardupilot_gazebo/models/sr75_zephyr_physics
[17.405s] -- Up-to-date: /mnt/e/ardupilot_dev/ardupilot_gazebo/install/share/ardupilot_gazebo/models/sr75_zephyr_physics/materials
[17.467s] -- Up-to-date: /mnt/e/ardupilot_dev/ardupilot_gazebo/install/share/ardupilot_gazebo/models/sr75_zephyr_physics/materials/textures
[17.519s] -- Up-to-date: /mnt/e/ardupilot_dev/ardupilot_gazebo/install/share/ardupilot_gazebo/models/sr75_zephyr_physics/materials/textures/wing.png
[17.541s] -- Up-to-date: /mnt/e/ardupilot_dev/ardupilot_gazebo/install/share/ardupilot_gazebo/models/sr75_zephyr_physics/meshes
[17.562s] -- Up-to-date: /mnt/e/ardupilot_dev/ardupilot_gazebo/install/share/ardupilot_gazebo/models/sr75_zephyr_physics/meshes/parachute_small.dae
[17.583s] -- Up-to-date: /mnt/e/ardupilot_dev/ardupilot_gazebo/install/share/ardupilot_gazebo/models/sr75_zephyr_physics/meshes/Skyreaper_Base_model.STL
[17.602s] -- Up-to-date: /mnt/e/ardupilot_dev/ardupilot_gazebo/install/share/ardupilot_gazebo/models/sr75_zephyr_physics/meshes/wing.dae
[17.619s] -- Up-to-date: /mnt/e/ardupilot_dev/ardupilot_gazebo/install/share/ardupilot_gazebo/models/sr75_zephyr_physics/model.config
[17.646s] -- Up-to-date: /mnt/e/ardupilot_dev/ardupilot_gazebo/install/share/ardupilot_gazebo/models/sr75_zephyr_physics/model.sdf
[17.662s] -- Up-to-date: /mnt/e/ardupilot_dev/ardupilot_gazebo/install/share/ardupilot_gazebo/models/sr75_zephyr_physics/thumbnails
[17.684s] -- Up-to-date: /mnt/e/ardupilot_dev/ardupilot_gazebo/install/share/ardupilot_gazebo/models/sr75_zephyr_physics/thumbnails/1.png
[17.704s] -- Up-to-date: /mnt/e/ardupilot_dev/ardupilot_gazebo/install/share/ardupilot_gazebo/models/sr75_zephyr_physics/thumbnails/2.png
[17.724s] -- Up-to-date: /mnt/e/ardupilot_dev/ardupilot_gazebo/install/share/ardupilot_gazebo/models/sr75_zephyr_physics/thumbnails/3.png
[17.742s] -- Up-to-date: /mnt/e/ardupilot_dev/ardupilot_gazebo/install/share/ardupilot_gazebo/models/sr75_zephyr_physics/thumbnails/4.png
[17.762s] -- Up-to-date: /mnt/e/ardupilot_dev/ardupilot_gazebo/install/share/ardupilot_gazebo/models/sr75_zephyr_physics/thumbnails/5.png
[17.777s] -- Up-to-date: /mnt/e/ardupilot_dev/ardupilot_gazebo/install/share/ardupilot_gazebo/models/sr75_zephyr_physics_backup_phase1
[17.795s] -- Up-to-date: /mnt/e/ardupilot_dev/ardupilot_gazebo/install/share/ardupilot_gazebo/models/sr75_zephyr_physics_backup_phase1/materials
[17.816s] -- Up-to-date: /mnt/e/ardupilot_dev/ardupilot_gazebo/install/share/ardupilot_gazebo/models/sr75_zephyr_physics_backup_phase1/materials/textures
[17.841s] -- Up-to-date: /mnt/e/ardupilot_dev/ardupilot_gazebo/install/share/ardupilot_gazebo/models/sr75_zephyr_physics_backup_phase1/materials/textures/wing.png
[17.857s] -- Up-to-date: /mnt/e/ardupilot_dev/ardupilot_gazebo/install/share/ardupilot_gazebo/models/sr75_zephyr_physics_backup_phase1/meshes
[17.877s] -- Up-to-date: /mnt/e/ardupilot_dev/ardupilot_gazebo/install/share/ardupilot_gazebo/models/sr75_zephyr_physics_backup_phase1/meshes/parachute_small.dae
[17.895s] -- Up-to-date: /mnt/e/ardupilot_dev/ardupilot_gazebo/install/share/ardupilot_gazebo/models/sr75_zephyr_physics_backup_phase1/meshes/Skyreaper_Base_model.STL
[17.914s] -- Up-to-date: /mnt/e/ardupilot_dev/ardupilot_gazebo/install/share/ardupilot_gazebo/models/sr75_zephyr_physics_backup_phase1/meshes/wing.dae
[17.962s] -- Up-to-date: /mnt/e/ardupilot_dev/ardupilot_gazebo/install/share/ardupilot_gazebo/models/sr75_zephyr_physics_backup_phase1/model.config
[18.014s] -- Up-to-date: /mnt/e/ardupilot_dev/ardupilot_gazebo/install/share/ardupilot_gazebo/models/sr75_zephyr_physics_backup_phase1/model.sdf
[18.033s] -- Up-to-date: /mnt/e/ardupilot_dev/ardupilot_gazebo/install/share/ardupilot_gazebo/models/sr75_zephyr_physics_backup_phase1/thumbnails
[18.053s] -- Up-to-date: /mnt/e/ardupilot_dev/ardupilot_gazebo/install/share/ardupilot_gazebo/models/sr75_zephyr_physics_backup_phase1/thumbnails/1.png
[18.070s] -- Up-to-date: /mnt/e/ardupilot_dev/ardupilot_gazebo/install/share/ardupilot_gazebo/models/sr75_zephyr_physics_backup_phase1/thumbnails/2.png
[18.089s] -- Up-to-date: /mnt/e/ardupilot_dev/ardupilot_gazebo/install/share/ardupilot_gazebo/models/sr75_zephyr_physics_backup_phase1/thumbnails/3.png
[18.110s] -- Up-to-date: /mnt/e/ardupilot_dev/ardupilot_gazebo/install/share/ardupilot_gazebo/models/sr75_zephyr_physics_backup_phase1/thumbnails/4.png
[18.128s] -- Up-to-date: /mnt/e/ardupilot_dev/ardupilot_gazebo/install/share/ardupilot_gazebo/models/sr75_zephyr_physics_backup_phase1/thumbnails/5.png
[18.144s] -- Up-to-date: /mnt/e/ardupilot_dev/ardupilot_gazebo/install/share/ardupilot_gazebo/models/sr75_zephyr_physics_backup_phase2
[18.162s] -- Up-to-date: /mnt/e/ardupilot_dev/ardupilot_gazebo/install/share/ardupilot_gazebo/models/sr75_zephyr_physics_backup_phase2/materials
[18.184s] -- Up-to-date: /mnt/e/ardupilot_dev/ardupilot_gazebo/install/share/ardupilot_gazebo/models/sr75_zephyr_physics_backup_phase2/materials/textures
[18.205s] -- Up-to-date: /mnt/e/ardupilot_dev/ardupilot_gazebo/install/share/ardupilot_gazebo/models/sr75_zephyr_physics_backup_phase2/materials/textures/wing.png
[18.223s] -- Up-to-date: /mnt/e/ardupilot_dev/ardupilot_gazebo/install/share/ardupilot_gazebo/models/sr75_zephyr_physics_backup_phase2/meshes
[18.245s] -- Up-to-date: /mnt/e/ardupilot_dev/ardupilot_gazebo/install/share/ardupilot_gazebo/models/sr75_zephyr_physics_backup_phase2/meshes/parachute_small.dae
[18.262s] -- Up-to-date: /mnt/e/ardupilot_dev/ardupilot_gazebo/install/share/ardupilot_gazebo/models/sr75_zephyr_physics_backup_phase2/meshes/Skyreaper_Base_model.STL
[18.279s] -- Up-to-date: /mnt/e/ardupilot_dev/ardupilot_gazebo/install/share/ardupilot_gazebo/models/sr75_zephyr_physics_backup_phase2/meshes/wing.dae
[18.296s] -- Up-to-date: /mnt/e/ardupilot_dev/ardupilot_gazebo/install/share/ardupilot_gazebo/models/sr75_zephyr_physics_backup_phase2/model.config
[18.349s] -- Up-to-date: /mnt/e/ardupilot_dev/ardupilot_gazebo/install/share/ardupilot_gazebo/models/sr75_zephyr_physics_backup_phase2/model.sdf
[18.364s] -- Up-to-date: /mnt/e/ardupilot_dev/ardupilot_gazebo/install/share/ardupilot_gazebo/models/sr75_zephyr_physics_backup_phase2/thumbnails
[18.385s] -- Up-to-date: /mnt/e/ardupilot_dev/ardupilot_gazebo/install/share/ardupilot_gazebo/models/sr75_zephyr_physics_backup_phase2/thumbnails/1.png
[18.402s] -- Up-to-date: /mnt/e/ardupilot_dev/ardupilot_gazebo/install/share/ardupilot_gazebo/models/sr75_zephyr_physics_backup_phase2/thumbnails/2.png
[18.422s] -- Up-to-date: /mnt/e/ardupilot_dev/ardupilot_gazebo/install/share/ardupilot_gazebo/models/sr75_zephyr_physics_backup_phase2/thumbnails/3.png
[18.440s] -- Up-to-date: /mnt/e/ardupilot_dev/ardupilot_gazebo/install/share/ardupilot_gazebo/models/sr75_zephyr_physics_backup_phase2/thumbnails/4.png
[18.458s] -- Up-to-date: /mnt/e/ardupilot_dev/ardupilot_gazebo/install/share/ardupilot_gazebo/models/sr75_zephyr_physics_backup_phase2/thumbnails/5.png
[18.485s] -- Up-to-date: /mnt/e/ardupilot_dev/ardupilot_gazebo/install/share/ardupilot_gazebo/models/sr75_zephyr_physics_backup_phase3
[18.514s] -- Up-to-date: /mnt/e/ardupilot_dev/ardupilot_gazebo/install/share/ardupilot_gazebo/models/sr75_zephyr_physics_backup_phase3/materials
[18.542s] -- Up-to-date: /mnt/e/ardupilot_dev/ardupilot_gazebo/install/share/ardupilot_gazebo/models/sr75_zephyr_physics_backup_phase3/materials/textures
[18.579s] -- Up-to-date: /mnt/e/ardupilot_dev/ardupilot_gazebo/install/share/ardupilot_gazebo/models/sr75_zephyr_physics_backup_phase3/materials/textures/wing.png
[18.601s] -- Up-to-date: /mnt/e/ardupilot_dev/ardupilot_gazebo/install/share/ardupilot_gazebo/models/sr75_zephyr_physics_backup_phase3/meshes
[18.637s] -- Up-to-date: /mnt/e/ardupilot_dev/ardupilot_gazebo/install/share/ardupilot_gazebo/models/sr75_zephyr_physics_backup_phase3/meshes/parachute_small.dae
[18.666s] -- Up-to-date: /mnt/e/ardupilot_dev/ardupilot_gazebo/install/share/ardupilot_gazebo/models/sr75_zephyr_physics_backup_phase3/meshes/Skyreaper_Base_model.STL
[18.692s] -- Up-to-date: /mnt/e/ardupilot_dev/ardupilot_gazebo/install/share/ardupilot_gazebo/models/sr75_zephyr_physics_backup_phase3/meshes/wing.dae
[18.714s] -- Up-to-date: /mnt/e/ardupilot_dev/ardupilot_gazebo/install/share/ardupilot_gazebo/models/sr75_zephyr_physics_backup_phase3/model.config
[18.739s] -- Up-to-date: /mnt/e/ardupilot_dev/ardupilot_gazebo/install/share/ardupilot_gazebo/models/sr75_zephyr_physics_backup_phase3/model.sdf
[18.758s] -- Up-to-date: /mnt/e/ardupilot_dev/ardupilot_gazebo/install/share/ardupilot_gazebo/models/sr75_zephyr_physics_backup_phase3/thumbnails
[18.788s] -- Up-to-date: /mnt/e/ardupilot_dev/ardupilot_gazebo/install/share/ardupilot_gazebo/models/sr75_zephyr_physics_backup_phase3/thumbnails/1.png
[18.813s] -- Up-to-date: /mnt/e/ardupilot_dev/ardupilot_gazebo/install/share/ardupilot_gazebo/models/sr75_zephyr_physics_backup_phase3/thumbnails/2.png
[18.839s] -- Up-to-date: /mnt/e/ardupilot_dev/ardupilot_gazebo/install/share/ardupilot_gazebo/models/sr75_zephyr_physics_backup_phase3/thumbnails/3.png
[18.865s] -- Up-to-date: /mnt/e/ardupilot_dev/ardupilot_gazebo/install/share/ardupilot_gazebo/models/sr75_zephyr_physics_backup_phase3/thumbnails/4.png
[18.922s] -- Up-to-date: /mnt/e/ardupilot_dev/ardupilot_gazebo/install/share/ardupilot_gazebo/models/sr75_zephyr_physics_backup_phase3/thumbnails/5.png
[18.956s] -- Up-to-date: /mnt/e/ardupilot_dev/ardupilot_gazebo/install/share/ardupilot_gazebo/models/zephyr
[19.006s] -- Up-to-date: /mnt/e/ardupilot_dev/ardupilot_gazebo/install/share/ardupilot_gazebo/models/zephyr/materials
[19.039s] -- Up-to-date: /mnt/e/ardupilot_dev/ardupilot_gazebo/install/share/ardupilot_gazebo/models/zephyr/materials/textures
[19.109s] -- Up-to-date: /mnt/e/ardupilot_dev/ardupilot_gazebo/install/share/ardupilot_gazebo/models/zephyr/materials/textures/wing.png
[19.150s] -- Up-to-date: /mnt/e/ardupilot_dev/ardupilot_gazebo/install/share/ardupilot_gazebo/models/zephyr/meshes
[19.176s] -- Up-to-date: /mnt/e/ardupilot_dev/ardupilot_gazebo/install/share/ardupilot_gazebo/models/zephyr/meshes/parachute_small.dae
[19.214s] -- Up-to-date: /mnt/e/ardupilot_dev/ardupilot_gazebo/install/share/ardupilot_gazebo/models/zephyr/meshes/wing.dae
[19.234s] -- Up-to-date: /mnt/e/ardupilot_dev/ardupilot_gazebo/install/share/ardupilot_gazebo/models/zephyr/model.config
[19.273s] -- Up-to-date: /mnt/e/ardupilot_dev/ardupilot_gazebo/install/share/ardupilot_gazebo/models/zephyr/model.sdf
[19.297s] -- Up-to-date: /mnt/e/ardupilot_dev/ardupilot_gazebo/install/share/ardupilot_gazebo/models/zephyr/thumbnails
[19.320s] -- Up-to-date: /mnt/e/ardupilot_dev/ardupilot_gazebo/install/share/ardupilot_gazebo/models/zephyr/thumbnails/1.png
[19.338s] -- Up-to-date: /mnt/e/ardupilot_dev/ardupilot_gazebo/install/share/ardupilot_gazebo/models/zephyr/thumbnails/2.png
[19.356s] -- Up-to-date: /mnt/e/ardupilot_dev/ardupilot_gazebo/install/share/ardupilot_gazebo/models/zephyr/thumbnails/3.png
[19.390s] -- Up-to-date: /mnt/e/ardupilot_dev/ardupilot_gazebo/install/share/ardupilot_gazebo/models/zephyr/thumbnails/4.png
[19.415s] -- Up-to-date: /mnt/e/ardupilot_dev/ardupilot_gazebo/install/share/ardupilot_gazebo/models/zephyr/thumbnails/5.png
[19.434s] -- Up-to-date: /mnt/e/ardupilot_dev/ardupilot_gazebo/install/share/ardupilot_gazebo/models/zephyr_with_ardupilot
[19.461s] -- Up-to-date: /mnt/e/ardupilot_dev/ardupilot_gazebo/install/share/ardupilot_gazebo/models/zephyr_with_ardupilot/model.config
[19.520s] -- Up-to-date: /mnt/e/ardupilot_dev/ardupilot_gazebo/install/share/ardupilot_gazebo/models/zephyr_with_ardupilot/model.sdf
[19.541s] -- Up-to-date: /mnt/e/ardupilot_dev/ardupilot_gazebo/install/share/ardupilot_gazebo/models/zephyr_with_parachute
[19.568s] -- Up-to-date: /mnt/e/ardupilot_dev/ardupilot_gazebo/install/share/ardupilot_gazebo/models/zephyr_with_parachute/model.config
[19.598s] -- Up-to-date: /mnt/e/ardupilot_dev/ardupilot_gazebo/install/share/ardupilot_gazebo/models/zephyr_with_parachute/model.sdf
[19.613s] -- Up-to-date: /mnt/e/ardupilot_dev/ardupilot_gazebo/install/share/ardupilot_gazebo/worlds
[19.630s] -- Up-to-date: /mnt/e/ardupilot_dev/ardupilot_gazebo/install/share/ardupilot_gazebo/worlds/gimbal.sdf
[19.645s] -- Up-to-date: /mnt/e/ardupilot_dev/ardupilot_gazebo/install/share/ardupilot_gazebo/worlds/iris_runway.sdf
[19.660s] -- Up-to-date: /mnt/e/ardupilot_dev/ardupilot_gazebo/install/share/ardupilot_gazebo/worlds/iris_warehouse.sdf
[19.676s] -- Up-to-date: /mnt/e/ardupilot_dev/ardupilot_gazebo/install/share/ardupilot_gazebo/worlds/sr75_runway.sdf
[19.692s] -- Up-to-date: /mnt/e/ardupilot_dev/ardupilot_gazebo/install/share/ardupilot_gazebo/worlds/sr75_test_range.sdf
[19.708s] -- Up-to-date: /mnt/e/ardupilot_dev/ardupilot_gazebo/install/share/ardupilot_gazebo/worlds/sr75_test_range_v1.sdf
[19.730s] -- Up-to-date: /mnt/e/ardupilot_dev/ardupilot_gazebo/install/share/ardupilot_gazebo/worlds/zephyr_parachute.sdf
[19.747s] -- Up-to-date: /mnt/e/ardupilot_dev/ardupilot_gazebo/install/share/ardupilot_gazebo/worlds/zephyr_runway.sdf
[19.798s] Invoked command in '/mnt/e/ardupilot_dev/ardupilot_gazebo/build/ardupilot_gazebo' returned '0': HISTTIMEFORMAT=%d/%m/%y %T /usr/bin/cmake --install /mnt/e/ardupilot_dev/ardupilot_gazebo/build/ardupilot_gazebo
